06-11 16:31:15.440   751   751 E WallpaperManagerService: Unable to apply new wallpaper
06-11 16:31:15.440   751   751 W WallpaperManagerService: no current wallpaper -- first boot?
06-11 16:31:15.441   751   751 I SystemServer: StartAudioService
06-11 16:31:15.441   751   751 I SystemServiceManager: Starting com.android.server.audio.AudioService$Lifecycle
06-11 16:31:15.477   751   751 I SystemServiceManager: Starting com.android.server.DockObserver
06-11 16:31:15.477   751   751 W DockObserver: This kernel does not have dock station support
06-11 16:31:15.478   751   751 I SystemServer: StartWiredAccessoryManager
06-11 16:31:15.479   751   751 W WiredAccessoryManager: This kernel does not have usb audio support
06-11 16:31:15.479   751   751 W WiredAccessoryManager: This kernel does not have HDMI audio support
06-11 16:31:15.479   751   751 I SystemServiceManager: Starting com.android.server.midi.MidiService$Lifecycle
06-11 16:31:15.480   751   751 I SystemServiceManager: Starting com.android.server.usb.UsbService$Lifecycle
06-11 16:31:15.482   751   751 E UsbDeviceManager: DefaultFunctions is: mtp,adb
06-11 16:31:15.483   751   751 E UsbDeviceManager: current config is: mtp,adb
06-11 16:31:15.487   751   751 I SystemServer: StartSerialService
06-11 16:31:15.488   751   751 I SystemServiceManager: Starting com.android.server.twilight.TwilightService
06-11 16:31:15.489   751   751 I SystemServiceManager: Starting com.android.server.display.NightDisplayService
06-11 16:31:15.489   751   751 I SystemServiceManager: Starting com.android.server.job.JobSchedulerService
06-11 16:31:15.496   751   751 I SystemServiceManager: Starting com.android.server.soundtrigger.SoundTriggerService
06-11 16:31:15.497   751   751 I SystemServiceManager: Starting com.android.server.backup.BackupManagerService$Lifecycle
06-11 16:31:15.499   751   751 I SystemServiceManager: Starting com.android.server.appwidget.AppWidgetService
06-11 16:31:15.508   751   751 I SystemServiceManager: Starting com.android.server.voiceinteraction.VoiceInteractionManagerService
06-11 16:31:15.509   751   751 I SystemServer: Gesture Launcher Service
06-11 16:31:15.510   751   751 I SystemServiceManager: Starting com.android.server.GestureLauncherService
06-11 16:31:15.510   751   751 I SystemServiceManager: Starting com.android.server.SensorNotificationService
06-11 16:31:15.510   751   751 I SystemServiceManager: Starting com.android.server.ContextHubSystemService
06-11 16:31:15.511   751   751 I SystemServer: StartDiskStatsService
06-11 16:31:15.512   751   751 I SystemServer: StartSamplingProfilerService
06-11 16:31:15.525   751   751 I SystemServer: StartNetworkTimeUpdateService
06-11 16:31:15.527   751   751 I SystemServer: StartCommonTimeManagementService
06-11 16:31:15.529   751   751 I SystemServer: CertBlacklister
06-11 16:31:15.530   751   751 I SystemServiceManager: Starting com.android.server.emergency.EmergencyAffordanceService
06-11 16:31:15.532   751   751 I SystemServiceManager: Starting com.android.server.dreams.DreamManagerService
06-11 16:31:15.534   751   751 I SystemServer: StartAssetAtlasService
06-11 16:31:15.538   751   751 I SystemServiceManager: Starting com.android.server.print.PrintManagerService
06-11 16:31:15.552   751   751 I SystemServiceManager: Starting com.android.server.restrictions.RestrictionsManagerService
06-11 16:31:15.554   751   751 I SystemServiceManager: Starting com.android.server.media.MediaSessionService
06-11 16:31:15.557   751   751 I SystemServiceManager: Starting com.android.server.media.MediaResourceMonitorService
06-11 16:31:15.558   751   751 I SystemServer: Theme Service
06-11 16:31:15.567   751   751 I SystemServer: StartMediaRouterService
06-11 16:31:15.568   751   751 I SystemServiceManager: Starting com.android.server.trust.TrustManagerService
06-11 16:31:15.570   751   751 I SystemServer: StartBackgroundDexOptService
06-11 16:31:15.570   751   751 I SystemServiceManager: Starting com.android.server.pm.ShortcutService$Lifecycle
06-11 16:31:15.573   751   751 I SystemServiceManager: Starting com.android.server.pm.LauncherAppsService
06-11 16:31:15.574   751   751 I SystemServiceManager: Starting com.android.server.media.projection.MediaProjectionManagerService
06-11 16:31:15.582   751   751 I SystemServiceManager: Starting com.android.server.MmsServiceBroker
06-11 16:31:15.584   751   751 I SystemServiceManager: Starting com.android.server.retaildemo.RetailDemoModeService
06-11 16:31:15.589   751   751 I SystemServiceManager: Starting com.android.server.SystemMonitorService
06-11 16:31:15.591   751   751 D SystemMonitorService: SystemMonitorService onStart()
06-11 16:31:15.592   751   751 I SystemServiceManager: Starting com.android.server.OptiFlexService
06-11 16:31:15.594   751   751 I SystemServiceManager: Starting com.android.server.BrightnessManagerService
06-11 16:31:15.701   751   751 I LockSettingsService: Migrated lock settings to new location
06-11 16:31:15.714   751   751 I LockSettingsService: Migrated per-user lock settings to new location
06-11 16:31:15.739   751   751 I LockSettingsService: Migrated biometric weak to use the fallback instead
06-11 16:31:15.750   751   751 I LockSettingsService: Migrated lockscreen disabled flag
06-11 16:31:15.763   751   751 E LockSettingsStorage: Cannot read file java.io.FileNotFoundException: /data/system/gatekeeper.password.key: open failed: ENOENT (No such file or directory)
06-11 16:31:15.764   751   751 E LockSettingsStorage: Cannot read file java.io.FileNotFoundException: /data/system/password.key: open failed: ENOENT (No such file or directory)
06-11 16:31:15.765   751   751 E LockSettingsStorage: Cannot read file java.io.FileNotFoundException: /data/system/gatekeeper.pattern.key: open failed: ENOENT (No such file or directory)
06-11 16:31:15.767   751   751 E LockSettingsStorage: Cannot read file java.io.FileNotFoundException: /data/system/gatekeeper.gesture.key: open failed: ENOENT (No such file or directory)
06-11 16:31:15.768   751   751 E LockSettingsStorage: Cannot read file java.io.FileNotFoundException: /data/system/gesture.key: open failed: ENOENT (No such file or directory)
06-11 16:31:15.768   751   751 I SystemServiceManager: Starting phase 480
06-11 16:31:15.775   751   751 I SystemServiceManager: Starting phase 500
06-11 16:31:15.802   751   751 I DeviceIdleController: becomeActiveLocked, reason = screen
06-11 16:31:15.803   751   751 I WifiService: WifiService starting up with Wi-Fi disabled
06-11 16:31:15.819   751  1580 D ConnectivityService: Got NetworkFactory Messenger for Ethernet
06-11 16:31:15.820   751   751 E NetdConnector: SND -> {3 interface list}
06-11 16:31:15.820   751  1570 E NetdConnector: RCV <- {110 3 sit0}
06-11 16:31:15.821   751  1570 E NetdConnector: RCV <- {110 3 usb1}
06-11 16:31:15.821   751   751 E NetdConnector: RMV <- {110 3 sit0}
06-11 16:31:15.821   751  1570 E NetdConnector: RCV <- {110 3 usb0}
06-11 16:31:15.821   751  1570 E NetdConnector: RCV <- {110 3 usb4}
06-11 16:31:15.822   751  1570 E NetdConnector: RCV <- {110 3 usb2}
06-11 16:31:15.822   751  1570 E NetdConnector: RCV <- {110 3 usb3}
06-11 16:31:15.822   751   751 E NetdConnector: RMV <- {110 3 usb1}
06-11 16:31:15.822   751  1570 E NetdConnector: RCV <- {110 3 lo}
06-11 16:31:15.823   751   751 E NetdConnector: RMV <- {110 3 usb0}
06-11 16:31:15.823   751  1570 E NetdConnector: RCV <- {110 3 wlan0}
06-11 16:31:15.823   751   751 E NetdConnector: RMV <- {110 3 usb4}
06-11 16:31:15.823   751  1570 E NetdConnector: RCV <- {200 3 Interface list completed}
06-11 16:31:15.823   751   751 E NetdConnector: RMV <- {110 3 usb2}
06-11 16:31:15.824   751   751 E NetdConnector: RMV <- {110 3 usb3}
06-11 16:31:15.824   751   751 E NetdConnector: RMV <- {110 3 lo}
06-11 16:31:15.824   751   751 E NetdConnector: RMV <- {110 3 wlan0}
06-11 16:31:15.824   751   751 E NetdConnector: RMV <- {200 3 Interface list completed}
06-11 16:31:15.828   751   751 W SoundTriggerHelper: listModules status=0, # of modules=0
06-11 16:31:15.831   751   751 W ActivityManager: SystemUI should have external storage domain, last mountExternal= 0
06-11 16:31:15.837   751   816 D WindowManager: mIsInstantCameraEnabled=true
06-11 16:31:15.837   751   816 D WindowManager: mIsLongPressInstantCameraEnabled=false
06-11 16:31:15.837   751   816 D WindowManager: mIsLaunchCameraFromFpEnabled=false
06-11 16:31:15.840   751   751 I ActivityManager: Start proc 1601:com.android.systemui/u0a46 for service com.android.systemui/.keyguard.KeyguardService duration: 8
06-11 16:31:15.846   751   751 W BrightnessConfig: asusWarmUp: 0
06-11 16:31:15.855   751   751 E VoldConnector: SND -> {4 volume remount_uid 1001 none}
06-11 16:31:15.855   241   256 D vold    : Remounting 1001 as mode none
06-11 16:31:15.857   751   824 W KeyguardServiceDelegate: onScreenTurningOn(): no keyguard service!
06-11 16:31:15.857   751   824 D DisplayPowerController: Unfinished business...
06-11 16:31:15.859   751   824 D DisplayPowerController: call sendOnStateChangedWithWakelock
06-11 16:31:15.859   751   824 D DisplayPowerController: Finished business...
06-11 16:31:15.860   241   256 D vold    : Found matching PID 362
06-11 16:31:15.860   241   256 W vold    : Skipping due to root namespace
06-11 16:31:15.860   241   256 D vold    : Found matching PID 363
06-11 16:31:15.860   241   256 W vold    : Skipping due to root namespace
06-11 16:31:15.860   751  1000 E VoldConnector: RCV <- {200 4 Command succeeded}
06-11 16:31:15.861   751  1000 D VoldConnector: RCV <- {200 4 Command succeeded}
06-11 16:31:15.861   751   751 E VoldConnector: RMV <- {200 4 Command succeeded}
06-11 16:31:15.861   751   751 E VoldConnector: SND -> {5 volume remount_uid 1001 none}
06-11 16:31:15.862   241   256 D vold    : Remounting 1001 as mode none
06-11 16:31:15.866   241   256 D vold    : Found matching PID 362
06-11 16:31:15.866   241   256 W vold    : Skipping due to root namespace
06-11 16:31:15.866   241   256 D vold    : Found matching PID 363
06-11 16:31:15.866   241   256 W vold    : Skipping due to root namespace
06-11 16:31:15.866   751  1000 E VoldConnector: RCV <- {200 5 Command succeeded}
06-11 16:31:15.867   751  1000 D VoldConnector: RCV <- {200 5 Command succeeded}
06-11 16:31:15.867   751   751 E VoldConnector: RMV <- {200 5 Command succeeded}
06-11 16:31:15.867   751   751 E VoldConnector: SND -> {6 volume remount_uid 1000 none}
06-11 16:31:15.868   241   256 D vold    : Remounting 1000 as mode none
06-11 16:31:15.872   241   256 D vold    : Found matching PID 304
06-11 16:31:15.872   241   256 W vold    : Skipping due to root namespace
06-11 16:31:15.872   241   256 D vold    : Found matching PID 305
06-11 16:31:15.872   241   256 W vold    : Skipping due to root namespace
06-11 16:31:15.872   241   256 D vold    : Found matching PID 307
06-11 16:31:15.872   241   256 W vold    : Skipping due to root namespace
06-11 16:31:15.872   241   256 D vold    : Found matching PID 308
06-11 16:31:15.872   241   256 W vold    : Skipping due to root namespace
06-11 16:31:15.872   241   256 D vold    : Found matching PID 360
06-11 16:31:15.872   241   256 W vold    : Skipping due to root namespace
06-11 16:31:15.872   241   256 D vold    : Found matching PID 361
06-11 16:31:15.872   241   256 W vold    : Skipping due to root namespace
06-11 16:31:15.873   241   256 D vold    : Found matching PID 365
06-11 16:31:15.873   241   256 W vold    : Skipping due to root namespace
06-11 16:31:15.873   241   256 D vold    : Found matching PID 751
06-11 16:31:15.878   751   822 W LocalDisplayAdapter: Unable to find color mode -1, ignoring request.
06-11 16:31:15.926   751  1000 E VoldConnector: RCV <- {200 6 Command succeeded}
06-11 16:31:15.926   751  1000 D VoldConnector: RCV <- {200 6 Command succeeded}
06-11 16:31:15.927   751   751 E VoldConnector: RMV <- {200 6 Command succeeded}
06-11 16:31:15.928   751   751 E VoldConnector: SND -> {7 volume remount_uid 1027 none}
06-11 16:31:15.929   241   256 D vold    : Remounting 1027 as mode none
06-11 16:31:15.933   751  1000 E VoldConnector: RCV <- {200 7 Command succeeded}
06-11 16:31:15.933   751  1000 D VoldConnector: RCV <- {200 7 Command succeeded}
06-11 16:31:15.933   751   751 E VoldConnector: RMV <- {200 7 Command succeeded}
06-11 16:31:15.934   751   751 E VoldConnector: SND -> {8 volume remount_uid 1027 none}
06-11 16:31:15.934   241   256 D vold    : Remounting 1027 as mode none
06-11 16:31:15.938   751  1000 E VoldConnector: RCV <- {200 8 Command succeeded}
06-11 16:31:15.938   751  1000 D VoldConnector: RCV <- {200 8 Command succeeded}
06-11 16:31:15.938   751   751 E VoldConnector: RMV <- {200 8 Command succeeded}
06-11 16:31:15.939   751   751 E VoldConnector: SND -> {9 volume remount_uid 1000 none}
06-11 16:31:15.939   241   256 D vold    : Remounting 1000 as mode none
06-11 16:31:15.943   241   256 D vold    : Found matching PID 304
06-11 16:31:15.943   241   256 W vold    : Skipping due to root namespace
06-11 16:31:15.943   241   256 D vold    : Found matching PID 305
06-11 16:31:15.943   241   256 W vold    : Skipping due to root namespace
06-11 16:31:15.943   241   256 D vold    : Found matching PID 307
06-11 16:31:15.943   241   256 W vold    : Skipping due to root namespace
06-11 16:31:15.943   241   256 D vold    : Found matching PID 308
06-11 16:31:15.943   241   256 W vold    : Skipping due to root namespace
06-11 16:31:15.943   241   256 D vold    : Found matching PID 360
06-11 16:31:15.943   241   256 W vold    : Skipping due to root namespace
06-11 16:31:15.943   241   256 D vold    : Found matching PID 361
06-11 16:31:15.943   241   256 W vold    : Skipping due to root namespace
06-11 16:31:15.943   241   256 D vold    : Found matching PID 365
06-11 16:31:15.943   241   256 W vold    : Skipping due to root namespace
06-11 16:31:15.943   241   256 D vold    : Found matching PID 751
06-11 16:31:15.996   751  1000 E VoldConnector: RCV <- {200 9 Command succeeded}
06-11 16:31:15.997   751  1000 D VoldConnector: RCV <- {200 9 Command succeeded}
06-11 16:31:15.997   751   751 E VoldConnector: RMV <- {200 9 Command succeeded}
06-11 16:31:15.999   751   751 E VoldConnector: SND -> {10 volume remount_uid 2000 none}
06-11 16:31:16.000   241   256 D vold    : Remounting 2000 as mode none
06-11 16:31:16.010   241   256 D vold    : Found matching PID 345
06-11 16:31:16.010   241   256 W vold    : Skipping due to root namespace
06-11 16:31:16.011   751  1000 E VoldConnector: RCV <- {200 10 Command succeeded}
06-11 16:31:16.011   751  1000 D VoldConnector: RCV <- {200 10 Command succeeded}
06-11 16:31:16.012   751   751 E VoldConnector: RMV <- {200 10 Command succeeded}
06-11 16:31:16.013   751   751 E VoldConnector: SND -> {11 volume remount_uid 2000 none}
06-11 16:31:16.014   241   256 D vold    : Remounting 2000 as mode none
06-11 16:31:16.024   241   256 D vold    : Found matching PID 345
06-11 16:31:16.024   241   256 W vold    : Skipping due to root namespace
06-11 16:31:16.025   751  1000 E VoldConnector: RCV <- {200 11 Command succeeded}
06-11 16:31:16.026   751  1000 D VoldConnector: RCV <- {200 11 Command succeeded}
06-11 16:31:16.027   751   751 E VoldConnector: RMV <- {200 11 Command succeeded}
06-11 16:31:16.028   751   751 E VoldConnector: SND -> {12 volume remount_uid 10046 none}
06-11 16:31:16.029   241   256 D vold    : Remounting 10046 as mode none
06-11 16:31:16.040   241   256 D vold    : Found matching PID 1601
06-11 16:31:16.106   751  1000 E VoldConnector: RCV <- {200 12 Command succeeded}
06-11 16:31:16.107   751  1000 D VoldConnector: RCV <- {200 12 Command succeeded}
06-11 16:31:16.107   751   751 E VoldConnector: RMV <- {200 12 Command succeeded}
06-11 16:31:16.108   751   751 E VoldConnector: SND -> {13 volume remount_uid 10046 none}
06-11 16:31:16.109   241   256 D vold    : Remounting 10046 as mode none
06-11 16:31:16.113   241   256 D vold    : Found matching PID 1601
06-11 16:31:16.186   751  1000 E VoldConnector: RCV <- {200 13 Command succeeded}
06-11 16:31:16.186   751  1000 D VoldConnector: RCV <- {200 13 Command succeeded}
06-11 16:31:16.187   751   751 E VoldConnector: RMV <- {200 13 Command succeeded}
06-11 16:31:16.188   751   751 E VoldConnector: SND -> {14 volume remount_uid 1002 none}
06-11 16:31:16.188   241   256 D vold    : Remounting 1002 as mode none
06-11 16:31:16.192   751  1000 E VoldConnector: RCV <- {200 14 Command succeeded}
06-11 16:31:16.192   751  1000 D VoldConnector: RCV <- {200 14 Command succeeded}
06-11 16:31:16.192   751   751 E VoldConnector: RMV <- {200 14 Command succeeded}
06-11 16:31:16.193   751   751 E VoldConnector: SND -> {15 volume remount_uid 1002 none}
06-11 16:31:16.193   241   256 D vold    : Remounting 1002 as mode none
06-11 16:31:16.198   751  1000 E VoldConnector: RCV <- {200 15 Command succeeded}
06-11 16:31:16.199   751  1000 D VoldConnector: RCV <- {200 15 Command succeeded}
06-11 16:31:16.199   751   751 E VoldConnector: RMV <- {200 15 Command succeeded}
06-11 16:31:16.210   751   751 I SyncManager: No initial accounts
06-11 16:31:16.210   751   751 I SyncManager: No initial status
06-11 16:31:16.210   751   751 I SyncManager: No initial statistics
06-11 16:31:16.302   751   751 E VoldConnector: SND -> {16 volume remount_uid 10019 none}
06-11 16:31:16.302   241   256 D vold    : Remounting 10019 as mode none
06-11 16:31:16.306   751  1000 E VoldConnector: RCV <- {200 16 Command succeeded}
06-11 16:31:16.307   751  1000 D VoldConnector: RCV <- {200 16 Command succeeded}
06-11 16:31:16.307   751   751 E VoldConnector: RMV <- {200 16 Command succeeded}
06-11 16:31:16.308   751   751 E VoldConnector: SND -> {17 volume remount_uid 10023 none}
06-11 16:31:16.308   241   256 D vold    : Remounting 10023 as mode none
06-11 16:31:16.312   751  1000 E VoldConnector: RCV <- {200 17 Command succeeded}
06-11 16:31:16.312   751  1000 D VoldConnector: RCV <- {200 17 Command succeeded}
06-11 16:31:16.313   751   751 E VoldConnector: RMV <- {200 17 Command succeeded}
06-11 16:31:16.313   751   751 E VoldConnector: SND -> {18 volume remount_uid 10023 none}
06-11 16:31:16.313   241   256 D vold    : Remounting 10023 as mode none
06-11 16:31:16.321   751  1000 E VoldConnector: RCV <- {200 18 Command succeeded}
06-11 16:31:16.321   751  1000 D VoldConnector: RCV <- {200 18 Command succeeded}
06-11 16:31:16.321   751   751 E VoldConnector: RMV <- {200 18 Command succeeded}
06-11 16:31:16.323   751   751 E VoldConnector: SND -> {19 volume remount_uid 10022 none}
06-11 16:31:16.323   241   256 D vold    : Remounting 10022 as mode none
06-11 16:31:16.332   751  1000 E VoldConnector: RCV <- {200 19 Command succeeded}
06-11 16:31:16.332   751  1000 D VoldConnector: RCV <- {200 19 Command succeeded}
06-11 16:31:16.333   751   751 E VoldConnector: RMV <- {200 19 Command succeeded}
06-11 16:31:16.333   751   751 E VoldConnector: SND -> {20 volume remount_uid 10022 none}
06-11 16:31:16.334   241   256 D vold    : Remounting 10022 as mode none
06-11 16:31:16.337   751  1000 E VoldConnector: RCV <- {200 20 Command succeeded}
06-11 16:31:16.338   751  1000 D VoldConnector: RCV <- {200 20 Command succeeded}
06-11 16:31:16.338   751   751 E VoldConnector: RMV <- {200 20 Command succeeded}
06-11 16:31:16.339   751   751 E VoldConnector: SND -> {21 volume remount_uid 10006 none}
06-11 16:31:16.339   241   256 D vold    : Remounting 10006 as mode none
06-11 16:31:16.343   751  1000 E VoldConnector: RCV <- {200 21 Command succeeded}
06-11 16:31:16.344   751  1000 D VoldConnector: RCV <- {200 21 Command succeeded}
06-11 16:31:16.344   751   751 E VoldConnector: RMV <- {200 21 Command succeeded}
06-11 16:31:16.345   751   751 E VoldConnector: SND -> {22 volume remount_uid 10006 none}
06-11 16:31:16.345   241   256 D vold    : Remounting 10006 as mode none
06-11 16:31:16.349   751  1000 E VoldConnector: RCV <- {200 22 Command succeeded}
06-11 16:31:16.350   751  1000 D VoldConnector: RCV <- {200 22 Command succeeded}
06-11 16:31:16.350   751   751 E VoldConnector: RMV <- {200 22 Command succeeded}
06-11 16:31:16.351   751   751 E VoldConnector: SND -> {23 volume remount_uid 10008 none}
06-11 16:31:16.352   241   256 D vold    : Remounting 10008 as mode none
06-11 16:31:16.355   751  1000 E VoldConnector: RCV <- {200 23 Command succeeded}
06-11 16:31:16.356   751  1000 D VoldConnector: RCV <- {200 23 Command succeeded}
06-11 16:31:16.356   751   751 E VoldConnector: RMV <- {200 23 Command succeeded}
06-11 16:31:16.357   751   751 E VoldConnector: SND -> {24 volume remount_uid 10008 none}
06-11 16:31:16.357   241   256 D vold    : Remounting 10008 as mode none
06-11 16:31:16.361   751  1000 E VoldConnector: RCV <- {200 24 Command succeeded}
06-11 16:31:16.361   751  1000 D VoldConnector: RCV <- {200 24 Command succeeded}
06-11 16:31:16.361   751   751 E VoldConnector: RMV <- {200 24 Command succeeded}
06-11 16:31:16.365   751   751 E VoldConnector: SND -> {25 volume remount_uid 10002 none}
06-11 16:31:16.366   241   256 D vold    : Remounting 10002 as mode none
06-11 16:31:16.370   751  1000 E VoldConnector: RCV <- {200 25 Command succeeded}
06-11 16:31:16.370   751  1000 D VoldConnector: RCV <- {200 25 Command succeeded}
06-11 16:31:16.371   751   751 E VoldConnector: RMV <- {200 25 Command succeeded}
06-11 16:31:16.371   751   751 E VoldConnector: SND -> {26 volume remount_uid 10002 none}
06-11 16:31:16.371   241   256 D vold    : Remounting 10002 as mode none
06-11 16:31:16.376   751  1000 E VoldConnector: RCV <- {200 26 Command succeeded}
06-11 16:31:16.377   751  1000 D VoldConnector: RCV <- {200 26 Command succeeded}
06-11 16:31:16.377   751   751 E VoldConnector: RMV <- {200 26 Command succeeded}
06-11 16:31:16.378   751   751 E VoldConnector: SND -> {27 volume remount_uid 10016 none}
06-11 16:31:16.379   241   256 D vold    : Remounting 10016 as mode none
06-11 16:31:16.391   751  1000 E VoldConnector: RCV <- {200 27 Command succeeded}
06-11 16:31:16.392   751  1000 D VoldConnector: RCV <- {200 27 Command succeeded}
06-11 16:31:16.392   751   751 E VoldConnector: RMV <- {200 27 Command succeeded}
06-11 16:31:16.394   751   751 E VoldConnector: SND -> {28 volume remount_uid 10000 none}
06-11 16:31:16.395   241   256 D vold    : Remounting 10000 as mode none
06-11 16:31:16.411   751  1000 E VoldConnector: RCV <- {200 28 Command succeeded}
06-11 16:31:16.412   751  1000 D VoldConnector: RCV <- {200 28 Command succeeded}
06-11 16:31:16.413   751   751 E VoldConnector: RMV <- {200 28 Command succeeded}
06-11 16:31:16.413   751   751 E VoldConnector: SND -> {29 volume remount_uid 10000 none}
06-11 16:31:16.413   241   256 D vold    : Remounting 10000 as mode none
06-11 16:31:16.430   751  1000 E VoldConnector: RCV <- {200 29 Command succeeded}
06-11 16:31:16.431   751  1000 D VoldConnector: RCV <- {200 29 Command succeeded}
06-11 16:31:16.431   751   751 E VoldConnector: RMV <- {200 29 Command succeeded}
06-11 16:31:16.432   751   751 E VoldConnector: SND -> {30 volume remount_uid 10048 none}
06-11 16:31:16.433   241   256 D vold    : Remounting 10048 as mode none
06-11 16:31:16.448   751  1000 E VoldConnector: RCV <- {200 30 Command succeeded}
06-11 16:31:16.449   751  1000 D VoldConnector: RCV <- {200 30 Command succeeded}
06-11 16:31:16.449   751   751 E VoldConnector: RMV <- {200 30 Command succeeded}
06-11 16:31:16.450   751   751 E VoldConnector: SND -> {31 volume remount_uid 10048 none}
06-11 16:31:16.450   241   256 D vold    : Remounting 10048 as mode none
06-11 16:31:16.454   751  1000 E VoldConnector: RCV <- {200 31 Command succeeded}
06-11 16:31:16.454   751  1000 D VoldConnector: RCV <- {200 31 Command succeeded}
06-11 16:31:16.455   751   751 E VoldConnector: RMV <- {200 31 Command succeeded}
06-11 16:31:16.459   751   751 E VoldConnector: SND -> {32 volume remount_uid 10027 none}
06-11 16:31:16.459   241   256 D vold    : Remounting 10027 as mode none
06-11 16:31:16.464   751  1000 E VoldConnector: RCV <- {200 32 Command succeeded}
06-11 16:31:16.464   751  1000 D VoldConnector: RCV <- {200 32 Command succeeded}
06-11 16:31:16.464   751   751 E VoldConnector: RMV <- {200 32 Command succeeded}
06-11 16:31:16.465   751   751 E VoldConnector: SND -> {33 volume remount_uid 10027 none}
06-11 16:31:16.465   241   256 D vold    : Remounting 10027 as mode none
06-11 16:31:16.469   751  1000 E VoldConnector: RCV <- {200 33 Command succeeded}
06-11 16:31:16.469   751  1000 D VoldConnector: RCV <- {200 33 Command succeeded}
06-11 16:31:16.470   751   751 E VoldConnector: RMV <- {200 33 Command succeeded}
06-11 16:31:16.470   751   751 E VoldConnector: SND -> {34 volume remount_uid 10028 none}
06-11 16:31:16.471   241   256 D vold    : Remounting 10028 as mode none
06-11 16:31:16.476   751  1000 E VoldConnector: RCV <- {200 34 Command succeeded}
06-11 16:31:16.477   751  1000 D VoldConnector: RCV <- {200 34 Command succeeded}
06-11 16:31:16.477   751   751 E VoldConnector: RMV <- {200 34 Command succeeded}
06-11 16:31:16.477   751   751 E VoldConnector: SND -> {35 volume remount_uid 10028 none}
06-11 16:31:16.478   241   256 D vold    : Remounting 10028 as mode none
06-11 16:31:16.482   751  1000 E VoldConnector: RCV <- {200 35 Command succeeded}
06-11 16:31:16.482   751  1000 D VoldConnector: RCV <- {200 35 Command succeeded}
06-11 16:31:16.483   751   751 E VoldConnector: RMV <- {200 35 Command succeeded}
06-11 16:31:16.484   751   751 E VoldConnector: SND -> {36 volume remount_uid 10020 none}
06-11 16:31:16.484   241   256 D vold    : Remounting 10020 as mode none
06-11 16:31:16.490   751  1000 E VoldConnector: RCV <- {200 36 Command succeeded}
06-11 16:31:16.490   751  1000 D VoldConnector: RCV <- {200 36 Command succeeded}
06-11 16:31:16.490   751   751 E VoldConnector: RMV <- {200 36 Command succeeded}
06-11 16:31:16.491   751   751 E VoldConnector: SND -> {37 volume remount_uid 10020 none}
06-11 16:31:16.491   241   256 D vold    : Remounting 10020 as mode none
06-11 16:31:16.495   751  1000 E VoldConnector: RCV <- {200 37 Command succeeded}
06-11 16:31:16.495   751  1000 D VoldConnector: RCV <- {200 37 Command succeeded}
06-11 16:31:16.495   751   751 E VoldConnector: RMV <- {200 37 Command succeeded}
06-11 16:31:16.509   751   751 V UserManagerService: Found /data/user_de/0 with serial number -1
06-11 16:31:16.509   751   751 D UserManagerService: Serial number missing on /data/user_de/0; assuming current is valid
06-11 16:31:16.509   751   751 V UserManagerService: Found /data/user/0 with serial number -1
06-11 16:31:16.509   751   751 D UserManagerService: Serial number missing on /data/user/0; assuming current is valid
06-11 16:31:16.509   751   751 V UserManagerService: Found /data/system_de/0 with serial number -1
06-11 16:31:16.509   751   751 D UserManagerService: Serial number missing on /data/system_de/0; assuming current is valid
06-11 16:31:16.512   751   751 I ActivityManager: System now ready
06-11 16:31:16.516   751   751 I SystemServer: Making services ready
06-11 16:31:16.516   751   751 I SystemServiceManager: Starting phase 550
06-11 16:31:16.533   751   751 D BluetoothManagerService: Bluetooth boot completed
06-11 16:31:16.534   751   751 D BluetoothManagerService: Getting adapter name and address
06-11 16:31:16.534   751   821 D BluetoothManagerService: Message: 200
06-11 16:31:16.534   751   821 D BluetoothManagerService: MESSAGE_GET_NAME_AND_ADDRESS
06-11 16:31:16.534   751   821 D BluetoothManagerService: Binding to service to get name and address
06-11 16:31:16.537   751   751 E InputMethodManagerService: Ignoring updateSystemUiLocked due to an invalid token. uid:1000 token:null
06-11 16:31:16.548   751   751 I InputMethodManagerService: All the enabled IMEs are gone. Reset default enabled IMEs.
06-11 16:31:16.548   751   751 W InputMethodUtils: Found no fallback locale. imis=[InputMethodInfo{com.asus.ime/.IME, settings: com.asus.ime.settings.SettingsActivity}]
06-11 16:31:16.549   751   751 W InputMethodUtils: No software keyboard is found. imis=[InputMethodInfo{com.asus.ime/.IME, settings: com.asus.ime.settings.SettingsActivity}] systemLocale=en_US fallbackLocale=null
06-11 16:31:16.549   751   999 D MountService: Thinking about init, mSystemReady=true, mDaemonConnected=true
06-11 16:31:16.549   751   999 D MountService: Setting up emulation state, initlocked=false
06-11 16:31:16.549   751   751 W TextServicesManagerService: no available spell checker services found
06-11 16:31:16.550   751   999 E CryptdConnector: SND -> {2 cryptfs unlock_user_key 0 0 ! !}
06-11 16:31:16.550   241   257 D vold    : e4crypt_unlock_user_key 0 serial=0 token_present=0
06-11 16:31:16.550   241   257 E vold    : Failed to chmod /data/system_ce/0: No such file or directory
06-11 16:31:16.551   241   257 E vold    : Failed to chmod /data/misc_ce/0: No such file or directory
06-11 16:31:16.551   751  1001 E CryptdConnector: RCV <- {200 2 Command succeeded}
06-11 16:31:16.552   751  1001 D CryptdConnector: RCV <- {200 2 Command succeeded}
06-11 16:31:16.552   751   999 E CryptdConnector: RMV <- {200 2 Command succeeded}
06-11 16:31:16.553   751   999 D MountService: Thinking about reset, mSystemReady=true, mDaemonConnected=true
06-11 16:31:16.553   751   999 E VoldConnector: SND -> {38 volume reset}
06-11 16:31:16.554   751  1000 E VoldConnector: RCV <- {651 emulated 7}
06-11 16:31:16.554   751  1000 D VoldConnector: RCV <- {651 emulated 7}
06-11 16:31:16.554   751  1000 E VoldConnector: RCV <- {659 emulated}
06-11 16:31:16.555   751  1000 D VoldConnector: RCV <- {659 emulated}
06-11 16:31:16.555   751  1000 E VoldConnector: RCV <- {650 emulated 2 "" ""}
06-11 16:31:16.555   751  1000 D VoldConnector: RCV <- {650 emulated 2 "" ""}
06-11 16:31:16.555   751  1000 E VoldConnector: RCV <- {654 emulated emulated}
06-11 16:31:16.555   751  1000 D VoldConnector: RCV <- {654 emulated emulated}
06-11 16:31:16.555   751  1000 E VoldConnector: RCV <- {651 emulated 0}
06-11 16:31:16.555   751  1000 D VoldConnector: RCV <- {651 emulated 0}
06-11 16:31:16.555   241   256 V vold    : /system/bin/sgdisk
06-11 16:31:16.555   241   256 V vold    :     --android-dump
06-11 16:31:16.555   241   256 V vold    :     /dev/block/vold/disk:179_64
06-11 16:31:16.555   751  1000 E VoldConnector: RCV <- {651 public:179_65 7}
06-11 16:31:16.556   751  1000 D VoldConnector: RCV <- {651 public:179_65 7}
06-11 16:31:16.556   751  1000 E VoldConnector: RCV <- {659 public:179_65}
06-11 16:31:16.557   751   820 V MountService: Found primary storage at VolumeInfo{emulated}:
06-11 16:31:16.557   751   820 V MountService:     type=EMULATED diskId=null partGuid=null mountFlags=0 mountUserId=-1 
06-11 16:31:16.557   751   820 V MountService:     state=UNMOUNTED 
06-11 16:31:16.557   751   820 V MountService:     fsType=null fsUuid=null fsLabel=null 
06-11 16:31:16.557   751   820 V MountService:     path=null internalPath=null 
06-11 16:31:16.556   751  1000 D VoldConnector: RCV <- {659 public:179_65}
06-11 16:31:16.558   751  1000 E VoldConnector: RCV <- {649 disk:179_64}
06-11 16:31:16.558   751  1000 D VoldConnector: RCV <- {649 disk:179_64}
06-11 16:31:16.558   751  1000 E VoldConnector: RCV <- {640 disk:179_64 5}
06-11 16:31:16.558   751  1000 D VoldConnector: RCV <- {640 disk:179_64 5}
06-11 16:31:16.558   751  1000 E VoldConnector: RCV <- {641 disk:179_64 15523119104}
06-11 16:31:16.558   751  1000 D VoldConnector: RCV <- {641 disk:179_64 15523119104}
06-11 16:31:16.558   751  1000 E VoldConnector: RCV <- {642 disk:179_64 }
06-11 16:31:16.559   751  1000 D VoldConnector: RCV <- {642 disk:179_64 }
06-11 16:31:16.559   751  1000 E VoldConnector: RCV <- {644 disk:179_64 /sys//devices/pci0000:00/0000:00:01.2/mmc_host/mmc1/mmc1:0007/block/mmcblk1}
06-11 16:31:16.559   751  1000 D VoldConnector: RCV <- {644 disk:179_64 /sys//devices/pci0000:00/0000:00:01.2/mmc_host/mmc1/mmc1:0007/block/mmcblk1}
06-11 16:31:16.563   751   821 I ActivityManager: Start proc 1622:com.android.bluetooth/1002 for service com.android.bluetooth/.btservice.AdapterService duration: 27
06-11 16:31:16.564   751   815 I ActivityManager: Force stopping com.android.providers.media appid=10006 user=-1: vold reset
06-11 16:31:16.569   751   751 D UsbAlsaManager: Adding ALSA device AlsaDevice: [card: 0, device: 5, type: 1]
06-11 16:31:16.569   751   751 D UsbAlsaManager: Adding ALSA device AlsaDevice: [card: 0, device: 4, type: 1]
06-11 16:31:16.569   751   751 D UsbAlsaManager: Adding ALSA device AlsaDevice: [card: 0, device: 5, type: 2]
06-11 16:31:16.569   751   751 D UsbAlsaManager: Adding ALSA device AlsaDevice: [card: 0, device: 4, type: 2]
06-11 16:31:16.569   751   751 D UsbAlsaManager: Adding ALSA device AlsaDevice: [card: 0, device: 2, type: 1]
06-11 16:31:16.569   751   751 D UsbAlsaManager: Adding ALSA device AlsaDevice: [card: 0, device: 1, type: 1]
06-11 16:31:16.569   751   751 D UsbAlsaManager: Adding ALSA device AlsaDevice: [card: 0, device: 2, type: 2]
06-11 16:31:16.569   751   751 D UsbAlsaManager: Adding ALSA device AlsaDevice: [card: 0, device: 0, type: 1]
06-11 16:31:16.569   751   751 D UsbAlsaManager: Adding ALSA device AlsaDevice: [card: 0, device: 0, type: 2]
06-11 16:31:16.569   751   821 D BluetoothManagerService: Message: 20
06-11 16:31:16.569   751   821 D BluetoothManagerService: Added callback: android.bluetooth.BluetoothAdapter$1@d8307aa:true
06-11 16:31:16.569   751  1588 D BluetoothManagerService: Trying to bind to profile: 1, while Bluetooth was disabled
06-11 16:31:16.569   751   821 D BluetoothManagerService: Message: 30
06-11 16:31:16.570   751   821 D BluetoothManagerService: Message: 30
06-11 16:31:16.572   751   815 W BroadcastQueue: Hung broadcast [foreground] discarded after timeout failure: now=186765 dispatchTime=110194 startTime=110194 intent=Intent { act=android.intent.action.TIME_TICK flg=0x50000014 (has extras) } numReceivers=1 nextReceiver=1 state=3
06-11 16:31:16.572   751   815 W BroadcastQueue: Timeout of broadcast BroadcastRecord{24456e4 u-1 android.intent.action.TIME_TICK} - receiver=android.app.LoadedApk$ReceiverDispatcher$InnerReceiver@94077dd, started 76572ms ago
06-11 16:31:16.572   751   815 W BroadcastQueue: Receiver during timeout: BroadcastFilter{b423223 u0 ReceiverList{6e68f52 751 system/1000/u0 local:94077dd}}
06-11 16:31:16.573   751   751 I SystemServer: WebViewFactory preparation
06-11 16:31:16.585   751   815 I ActivityManager: Start proc 1638:com.android.settings/1000 for broadcast com.android.settings/.usb.USBReceiver duration: 12
06-11 16:31:16.597   241   256 V vold    : DISK mbr
06-11 16:31:16.597   241   256 V vold    : 
06-11 16:31:16.597   241   256 V vold    : PART 1 c
06-11 16:31:16.598   241   256 V vold    : 
06-11 16:31:16.598   751  1000 E VoldConnector: RCV <- {650 public:179_65 0 "disk:179_64" ""}
06-11 16:31:16.599   751  1000 D VoldConnector: RCV <- {650 public:179_65 0 "disk:179_64" ""}
06-11 16:31:16.599   751  1000 E VoldConnector: RCV <- {654 public:179_65 sdcard1}
06-11 16:31:16.599   751  1000 D VoldConnector: RCV <- {654 public:179_65 sdcard1}
06-11 16:31:16.599   751  1000 E VoldConnector: RCV <- {651 public:179_65 0}
06-11 16:31:16.599   751  1000 D VoldConnector: RCV <- {651 public:179_65 0}
06-11 16:31:16.599   751  1000 E VoldConnector: RCV <- {643 disk:179_64}
06-11 16:31:16.600   751  1000 D VoldConnector: RCV <- {643 disk:179_64}
06-11 16:31:16.600   751  1000 E VoldConnector: RCV <- {200 38 Command succeeded}
06-11 16:31:16.600   751  1000 D VoldConnector: RCV <- {200 38 Command succeeded}
06-11 16:31:16.600   751   999 E VoldConnector: RMV <- {200 38 Command succeeded}
06-11 16:31:16.601   751   999 E VoldConnector: SND -> {39 volume user_added 0 0}
06-11 16:31:16.601   751  1000 E VoldConnector: RCV <- {200 39 Command succeeded}
06-11 16:31:16.601   751  1000 D VoldConnector: RCV <- {200 39 Command succeeded}
06-11 16:31:16.601   751   999 E VoldConnector: RMV <- {200 39 Command succeeded}
06-11 16:31:16.606   751   751 I ActivityManager: Start proc 1648:WebViewLoader-x86/1037 [android.webkit.WebViewFactory$RelroFileCreator] for  duration: 10
06-11 16:31:16.607   751   751 D NetworkManagement: enabling bandwidth control
06-11 16:31:16.607   751   751 E NetdConnector: SND -> {4 bandwidth enable}
06-11 16:31:16.608   751   999 E VoldConnector: SND -> {40 volume mount emulated 3 -1}
06-11 16:31:16.609   241   256 V vold    : Waiting for FUSE to spin up...
06-11 16:31:16.610   751  1000 E VoldConnector: RCV <- {651 emulated 1}
06-11 16:31:16.610   751  1000 D VoldConnector: RCV <- {651 emulated 1}
06-11 16:31:16.610   751  1000 E VoldConnector: RCV <- {656 emulated /data/media}
06-11 16:31:16.610   751  1000 D VoldConnector: RCV <- {656 emulated /data/media}
06-11 16:31:16.610   751  1000 E VoldConnector: RCV <- {655 emulated /storage/emulated}
06-11 16:31:16.610   751  1000 D VoldConnector: RCV <- {655 emulated /storage/emulated}
06-11 16:31:16.644  1601  1601 V FingerprintManager: FingerprintManagerService was null
06-11 16:31:16.660   751  1000 E VoldConnector: RCV <- {651 emulated 2}
06-11 16:31:16.660   751  1000 D VoldConnector: RCV <- {651 emulated 2}
06-11 16:31:16.660   751  1000 E VoldConnector: RCV <- {200 40 Command succeeded}
06-11 16:31:16.660   751  1000 D VoldConnector: RCV <- {200 40 Command succeeded}
06-11 16:31:16.661   751   999 E VoldConnector: RMV <- {200 40 Command succeeded}
06-11 16:31:16.661   751   999 E VoldConnector: SND -> {41 volume mount public:179_65 2 0}
06-11 16:31:16.661   241   256 V vold    : /system/bin/blkid
06-11 16:31:16.661   241   256 V vold    :     -c
06-11 16:31:16.661   241   256 V vold    :     /dev/null
06-11 16:31:16.661   241   256 V vold    :     -s
06-11 16:31:16.661   241   256 V vold    :     TYPE
06-11 16:31:16.661   241   256 V vold    :     -s
06-11 16:31:16.661   241   256 V vold    :     UUID
06-11 16:31:16.661   241   256 V vold    :     -s
06-11 16:31:16.661   241   256 V vold    :     LABEL
06-11 16:31:16.661   241   256 V vold    :     /dev/block/vold/public:179_65
06-11 16:31:16.662   751  1000 E VoldConnector: RCV <- {651 public:179_65 1}
06-11 16:31:16.662   751  1000 D VoldConnector: RCV <- {651 public:179_65 1}
06-11 16:31:16.678   751  1616 I ActivityManager: Start proc 1687:com.asus.kidslauncher/u0a44 for content provider com.asus.kidslauncher/.LauncherProvider duration: 19
06-11 16:31:16.718   751  1630 D UsbHostManager: Added device UsbDevice[mName=/dev/bus/usb/001/002,mVendorId=5401,mProductId=1106,mClass=239,mSubclass=2,mProtocol=1,mManufacturerName=Comneon,mProductName=2 CDC-ACM + 5 CDC-NCM,mVersion=2.0,mSerialNumber=352384070316825 - USB-HSIC,mConfigurations=[
06-11 16:31:16.718   751  1630 D UsbHostManager: UsbConfiguration[mId=1,mName=null,mAttributes=192,mMaxPower=50,mInterfaces=[
06-11 16:31:16.718   751  1630 D UsbHostManager: UsbInterface[mId=0,mAlternateSetting=0,mName=CDC ACM,mClass=2,mSubclass=2,mProtocol=0,mEndpoints=[
06-11 16:31:16.718   751  1630 D UsbHostManager: UsbEndpoint[mAddress=129,mAttributes=3,mMaxPacketSize=64,mInterval=4]]
06-11 16:31:16.718   751  1630 D UsbHostManager: UsbInterface[mId=1,mAlternateSetting=0,mName=Data,mClass=10,mSubclass=0,mProtocol=0,mEndpoints=[
06-11 16:31:16.718   751  1630 D UsbHostManager: UsbEndpoint[mAddress=130,mAttributes=2,mMaxPacketSize=512,mInterval=0]
06-11 16:31:16.718   751  1630 D UsbHostManager: UsbEndpoint[mAddress=2,mAttributes=2,mMaxPacketSize=512,mInterval=0]]
06-11 16:31:16.718   751  1630 D UsbHostManager: UsbInterface[mId=2,mAlternateSetting=0,mName=CDC ACM,mClass=2,mSubclass=2,mProtocol=0,mEndpoints=[
06-11 16:31:16.718   751  1630 D UsbHostManager: UsbEndpoint[mAddress=131,mAttributes=3,mMaxPacketSize=64,mInterval=4]]
06-11 16:31:16.718   751  1630 D UsbHostManager: UsbInterface[mId=3,mAlternateSetting=0,mName=Data,mClass=10,mSubclass=0,mProtocol=0,mEndpoints=[
06-11 16:31:16.718   751  1630 D UsbHostManager: UsbEndpoint[mAddress=132,mAttributes=2,mMaxPacketSize=512,mInterval=0]
06-11 16:31:16.718   751  1630 D UsbHostManager: UsbEndpoint[mAddress=4,mAttributes=2,mMaxPacketSize=512,mInterval=0]]
06-11 16:31:16.718   751  1630 D UsbHostManager: UsbInterface[mId=4,mAlternateSetting=0,mName=CDC NCM,mClass=2,mSubclass=13,mProtocol=0,mEndpoints=[
06-11 16:31:16.718   751  1630 D UsbHostManager: UsbEndpoint[mAddress=133,mAttributes=3,mMaxPacketSize=64,mInterval=4]]
06-11 16:31:16.718   751  1630 D UsbHostManager: UsbInterface[mId=5,mAlternateSetting=0,mName=Data (OFF),mClass=10,mSubclass=0,mProtocol=1,mEndpoints=[]
06-11 16:31:16.718   751  1630 D UsbHostManager: UsbInterface[mId=5,mAlternateSetting=1,mName=Data (ON),mClass=10,mSubclass=0,mProtocol=1,mEndpoints=[
06-11 16:31:16.718   751  1630 D UsbHostManager: UsbEndpoint[mAddress=134,mAttributes=2,mMaxPacketSize=512,mInterval=0]
06-11 16:31:16.718   751  1630 D UsbHostManager: UsbEndpoint[mAddress=6,mAttributes=2,mMaxPacketSize=512,mInterval=0]]
06-11 16:31:16.718   751  1630 D UsbHostManager: UsbInterface[mId=6,mAlternateSetting=0,mName=CDC NCM,mClass=2,mSubclass=13,mProtocol=0,mEndpoints=[
06-11 16:31:16.718   751  1630 D UsbHostManager: UsbEndpoint[mAddress=135,mAttributes=3,mMaxPacketSize=64,mInterval=4]]
06-11 16:31:16.718   751  1630 D UsbHostManager: UsbInterface[mId=7,mAlternateSetting=0,mName=Data (OFF),mClass=10,mSubclass=0,mProtocol=1,mEndpoints=[]
06-11 16:31:16.718   751  1630 D UsbHostManager: UsbInterface[mId=7,mAlternateSetting=1,mName=Data (ON),mClass=10,mSubclass=0,mProtocol=1,mEndpoints=[
06-11 16:31:16.718   751  1630 D UsbHostManager: UsbEndpoint[mAddress=136,mAttributes=2,mMaxPacketSize=512,mInterval=0]
06-11 16:31:16.718   751  1630 D UsbHostManager: UsbEndpoint[mAddress=8,mAttributes=2,mMaxPacketSize=512,mInterval=0]]
06-11 16:31:16.718   751  1630 D UsbHostManager: UsbInterface[mId=8,mAlternateSetting=0,mName=CDC NCM,mClass=2,mSubclass=13,mProtocol=0,mEndpoints=[
06-11 16:31:16.718   751  1630 D UsbHostManager: UsbEndpoint[mAddress=137,mAttributes=3,mMaxPacketSize=64,mInterval=4]]
06-11 16:31:16.718   751  1630 D UsbHostManager: UsbInterface[mId=9,mAlternateSetting=0,mName=Data (OFF),mClass=10,mSubclass=0,mProtocol=1,mEndpoints=[]
06-11 16:31:16.718   751  1630 D UsbHostManager: UsbInterface[mId=9,mAlternateSetting=1,mName=Data (ON),mClass=10,mSubclass=0,mProtocol=1,mEndpoints=[
06-11 16:31:16.718   751  1630 D UsbHostManager: UsbEndpoint[mAddress=138,mAttributes=2,mMaxPacketSize=512,mInterval=0]
06-11 16:31:16.718   751  1630 D UsbHostManager: UsbEndpoint[mAddress=10,mAttributes=2,mMaxPacketSize=512,mInterval=0]]
06-11 16:31:16.718   751  1630 D UsbHostManager: UsbInterface[mId=10,mAlternateSetting=0,mName=CDC NCM,mClass=2,mSubclass=13,mProtocol=0,mEndpoints=[
06-11 16:31:16.718   751  1630 D UsbHostManager: UsbEndpoint[mAddress=139,mAttributes=3,mMaxPacketSize=64,mInterval=4]]
06-11 16:31:16.718   751  1630 D UsbHostManager: UsbInterface[mId=11,mAlternateSetting=0,mName=Data (OFF),mClass=10,mSubclass=0,mProtocol=1,mEndpoints=[]
06-11 16:31:16.718   751  1630 D UsbHostManager: UsbInterface[mId=11,mAlternateSetting=1,mName=Data (ON),mClass=10,mSubclass=0,mProtocol=1,mEndpoints=[
06-11 16:31:16.718   751  1630 D UsbHostManager: UsbEndpoint[mAddress=140,mAttributes=2,mMaxPacketSize=512,mInterval=0]
06-11 16:31:16.718   751  1630 D UsbHostManager: UsbEndpoint[mAddress=12,mAttributes=2,mMaxPacketSize=512,mInterval=0]]
06-11 16:31:16.718   751  1630 D UsbHostManager: UsbInterface[mId=12,mAlternateSetting=0,mName=CDC NCM,mClass=2,mSubclass=13,mProtocol=0,mEndpoints=[
06-11 16:31:16.718   751  1630 D UsbHostManager: UsbEndpoint[mAddress=141,mAttributes=3,mMaxPacketSize=64,mInterval=4]]
06-11 16:31:16.718   751  1630 D UsbHostManager: UsbInterface[mId=13,mAlternateSetting=0,mName=Data (OFF),mClass=10,mSubclass=0,mProtocol=1,mEndpoints=[]
06-11 16:31:16.718   751  1630 D UsbHostManager: UsbInterface[mId=13,mAlternateSetting=1,mName=Data (ON),mClass=10,mSubclass=0,mProtocol=1,mEndpoints=[
06-11 16:31:16.718   751  1630 D UsbHostManager: UsbEndpoint[mAddress=142,mAttributes=2,mMaxPacketSize=512,mInterval=0]
06-11 16:31:16.718   751  1630 D UsbHostManager: UsbEndpoint[mAddress=14,mAttributes=2,mMaxPacketSize=512,mInterval=0]]]]
06-11 16:31:16.719   751  1630 W ContextImpl: Calling a method in the system process without a qualified user: android.app.ContextImpl.sendBroadcast:877 com.android.server.usb.UsbSettingsManager.deviceAttached:739 com.android.server.usb.UsbHostManager.endUsbDeviceAdded:225 com.android.server.usb.UsbHostManager.monitorUsbHostBus:-2 com.android.server.usb.UsbHostManager.-wrap0:-1 
06-11 16:31:16.749   751  1570 E NetdConnector: RCV <- {200 4 Bandwidth command succeeeded}
06-11 16:31:16.749   751   751 E NetdConnector: RMV <- {200 4 Bandwidth command succeeeded}
06-11 16:31:16.751   751   751 E NetdConnector: SND -> {5 strict enable}
06-11 16:31:16.768   751   821 D BluetoothManagerService: Message: 20
06-11 16:31:16.768   751   821 D BluetoothManagerService: Added callback: android.bluetooth.IBluetoothManagerCallback$Stub$Proxy@41de34f:true
06-11 16:31:16.814  1601  1601 I Volume.ThemeUtils: updateThemeInfo:com.asus.res.defaulttheme
06-11 16:31:16.814  1601  1601 D Volume.ThemeUtils: UpdateThemeInfo---
06-11 16:31:16.814  1601  1601 D Volume.ThemeUtils: isThemeChangeNeeded: false
06-11 16:31:16.814  1601  1601 D Volume.ThemeUtils: mCurrentPkgName: com.asus.res.defaulttheme
06-11 16:31:16.846   751  1570 E NetdConnector: RCV <- {200 5 Strict command succeeded}
06-11 16:31:16.846   751   751 E NetdConnector: RMV <- {200 5 Strict command succeeded}
06-11 16:31:16.848   751   751 E NetdConnector: SND -> {6 firewall enable blacklist}
06-11 16:31:16.849   751  1570 E NetdConnector: RCV <- {200 6 Firewall command succeeded}
06-11 16:31:16.850   751   751 E NetdConnector: RMV <- {200 6 Firewall command succeeded}
06-11 16:31:16.852   751   751 E NetdConnector: SND -> {7 bandwidth gettetherstats}
06-11 16:31:16.852   751  1570 E NetdConnector: RCV <- {200 7 Tethering stats list completed}
06-11 16:31:16.853   751   751 E NetdConnector: RMV <- {200 7 Tethering stats list completed}
06-11 16:31:16.857   751   751 E NetdConnector: SND -> {8 bandwidth setglobalalert 2097152}
06-11 16:31:16.858   751   816 W WindowManager: Keyguard drawn timeout. Setting mKeyguardDrawComplete
06-11 16:31:16.858   751   822 W LocalDisplayAdapter: Unable to find color mode -1, ignoring request.
06-11 16:31:16.869   751   822 W LocalDisplayAdapter: Unable to find color mode -1, ignoring request.
06-11 16:31:16.951   751  1570 E NetdConnector: RCV <- {200 8 Bandwidth command succeeeded}
06-11 16:31:16.951   751   751 E NetdConnector: RMV <- {200 8 Bandwidth command succeeeded}
06-11 16:31:16.960   751   751 D NetworkPolicy: setRestrictBackgroundUL(): false
06-11 16:31:16.962   241   256 V vold    : /dev/block/vold/public:179_65: LABEL="^G" UUID="3718-AB26" TYPE="vfat" 
06-11 16:31:16.962   241   256 V vold    : 
06-11 16:31:16.962   751  1000 E VoldConnector: RCV <- {652 public:179_65 vfat}
06-11 16:31:16.962   751  1000 D VoldConnector: RCV <- {652 public:179_65 vfat}
06-11 16:31:16.963   751  1000 E VoldConnector: RCV <- {653 public:179_65 3718-AB26}
06-11 16:31:16.963   241   256 V vold    : /system/bin/fsck_msdos
06-11 16:31:16.963   241   256 V vold    :     -p
06-11 16:31:16.963   241   256 V vold    :     -f
06-11 16:31:16.963   241   256 V vold    :     /dev/block/vold/public:179_65
06-11 16:31:16.963   751  1000 D VoldConnector: RCV <- {653 public:179_65 3718-AB26}
06-11 16:31:16.963   751  1000 E VoldConnector: RCV <- {654 public:179_65 ^G}
06-11 16:31:16.963   751  1000 D VoldConnector: RCV <- {654 public:179_65 ^G}
06-11 16:31:16.963   751  1000 E VoldConnector: RCV <- {656 public:179_65 /mnt/media_rw/3718-AB26}
06-11 16:31:16.963   751  1000 D VoldConnector: RCV <- {656 public:179_65 /mnt/media_rw/3718-AB26}
06-11 16:31:16.963   751  1000 E VoldConnector: RCV <- {655 public:179_65 /storage/3718-AB26}
06-11 16:31:16.964   751  1000 D VoldConnector: RCV <- {655 public:179_65 /storage/3718-AB26}
06-11 16:31:16.990  1764  1764 D fsck_msdos: sectors Per cluster :64 
06-11 16:31:16.990  1764  1764 D fsck_msdos: boot->ClusterOffset :8064 
06-11 16:31:16.990  1764  1764 I fsck_msdos: FAT32 Filesystem
06-11 16:31:16.990  1764  1764 D fsck_msdos: Using cluster_chain_descriptor
06-11 16:31:16.990  1764  1764 I fsck_msdos: Total clusters 473474 
06-11 16:31:17.027   751   751 D NetworkManagement: FIREWALL_CHAIN_STANDBY setFirewallChainEnabled :true
06-11 16:31:17.027   751   751 E NetdConnector: SND -> {9 firewall enable_chain standby}
06-11 16:31:17.099  1764  1764 I fsck_msdos: Begin to compare FAT
06-11 16:31:17.106  1764  1764 I fsck_msdos: ** Phase 2 - Check Cluster Chains 
06-11 16:31:17.106  1764  1764 I fsck_msdos: Begin to handle the cluster chain
06-11 16:31:17.112   751  1570 E NetdConnector: RCV <- {200 9 Firewall command succeeded}
06-11 16:31:17.114   751   751 E NetdConnector: RMV <- {200 9 Firewall command succeeded}
06-11 16:31:17.116   751   751 E NetdConnector: SND -> {10 firewall enable blacklist}
06-11 16:31:17.144  1764  1764 D fsck_msdos: rootDir->head :2
06-11 16:31:17.144   751  1570 E NetdConnector: RCV <- {200 10 Firewall command succeeded}
06-11 16:31:17.145   751   751 E NetdConnector: RMV <- {200 10 Firewall command succeeded}
06-11 16:31:17.150   751   751 E NetdConnector: SND -> {11 network permission user set SYSTEM 10068 10059 10002 10053 10040 10088 10003 10022 10008 10013}
06-11 16:31:17.151   751  1570 E NetdConnector: RCV <- {200 11 success}
06-11 16:31:17.151   751   751 E NetdConnector: RMV <- {200 11 success}
06-11 16:31:17.151   751   751 E NetdConnector: SND -> {12 network permission user set SYSTEM 10073 10076 10081 10004 10090 10079 10063 10072 10078 10028}
06-11 16:31:17.152   751  1570 E NetdConnector: RCV <- {200 12 success}
06-11 16:31:17.153   751   751 E NetdConnector: RMV <- {200 12 success}
06-11 16:31:17.153   751   751 E NetdConnector: SND -> {13 network permission user set SYSTEM 10016 1027 10058 1000 10077 10025 10086 10087 10047 10017}
