06-11 16:31:17.153   751  1570 E NetdConnector: RCV <- {200 13 success}
06-11 16:31:17.154   751   751 E NetdConnector: RMV <- {200 13 success}
06-11 16:31:17.154   751   751 E NetdConnector: SND -> {14 network permission user set SYSTEM 10043 10009 10019 10031 10018 10082 10044 10055 1002 10050}
06-11 16:31:17.155   751  1570 E NetdConnector: RCV <- {200 14 success}
06-11 16:31:17.155   751   751 E NetdConnector: RMV <- {200 14 success}
06-11 16:31:17.155   751   751 E NetdConnector: SND -> {15 network permission user set SYSTEM 10023 10064 10007 10046 10030 10039 10085 10093 10021 10000}
06-11 16:31:17.156   751  1570 E NetdConnector: RCV <- {200 15 success}
06-11 16:31:17.156   751   751 E NetdConnector: RMV <- {200 15 success}
06-11 16:31:17.156   751   751 E NetdConnector: SND -> {16 network permission user set SYSTEM 10006 10062 10033 10027 10001 10052 10067 10066 10024 10054}
06-11 16:31:17.156   751  1570 E NetdConnector: RCV <- {200 16 success}
06-11 16:31:17.157   751   751 E NetdConnector: RMV <- {200 16 success}
06-11 16:31:17.157   751   751 E NetdConnector: SND -> {17 network permission user set SYSTEM 10045 10036 10020 10089 10091 10034 10029 10074 10057 10005}
06-11 16:31:17.157   751  1570 E NetdConnector: RCV <- {200 17 success}
06-11 16:31:17.157   751   751 E NetdConnector: RMV <- {200 17 success}
06-11 16:31:17.158   751   751 E NetdConnector: SND -> {18 network permission user set SYSTEM 10048 10071 1001 10070 10015 10056 10084 10060 10032 10014}
06-11 16:31:17.158   751  1570 E NetdConnector: RCV <- {200 18 success}
06-11 16:31:17.158   751   751 E NetdConnector: RMV <- {200 18 success}
06-11 16:31:17.158   751   751 E NetdConnector: SND -> {19 network permission user set SYSTEM 10035 10011 10083 10061 10080 10075 10042 10041 2000 10038}
06-11 16:31:17.159   751  1570 E NetdConnector: RCV <- {200 19 success}
06-11 16:31:17.159   751   751 E NetdConnector: RMV <- {200 19 success}
06-11 16:31:17.159   751   751 E NetdConnector: SND -> {20 network permission user set SYSTEM 10092 10069 10010 10049 10065 10012 10037 10051 10026}
06-11 16:31:17.160  1601  1601 D Lockscreen.ThemeUtils: checkOldThemeSetting
06-11 16:31:17.160  1601  1601 D Lockscreen.ThemeUtils: new theme pref not exists
06-11 16:31:17.160   751  1570 E NetdConnector: RCV <- {200 20 success}
06-11 16:31:17.160   751   751 E NetdConnector: RMV <- {200 20 success}
06-11 16:31:17.160   751   751 I SystemServiceManager: Starting phase 600
06-11 16:31:17.162   751   751 D NotificationService: updateLightsLocked turnOff
06-11 16:31:17.163  1601  1601 I Lockscreen.ThemeUtils: updateThemeInfo:com.asus.res.defaulttheme
06-11 16:31:17.170   751   822 W LocalDisplayAdapter: Unable to find color mode -1, ignoring request.
06-11 16:31:17.173   751   751 D GestureLauncherService: Gesture launcher mEmergencyNumber = 112 hits = 3
06-11 16:31:17.174   751   751 D SensorNotificationService: Cannot obtain dynamic meta sensor, not supported.
06-11 16:31:17.207  1601  1601 D Systemui.doubletap: HasDoubleTapFeature: true
06-11 16:31:17.208  1601  1601 D Systemui.doubletap: Register double tap observer 
06-11 16:31:17.208  1601  1601 D Systemui.doubletap: mIsDoubleTapEnabled: false
06-11 16:31:17.213   751   813 I StatusBarManagerService: registerStatusBar bar=com.android.internal.statusbar.IStatusBar$Stub$Proxy@dde2354
06-11 16:31:17.360  1601  1601 D ThemeChanged: UpdateThemeInfo---
06-11 16:31:17.360  1601  1601 D ThemeChanged: isThemeChangeNeeded: false
06-11 16:31:17.360  1601  1601 D ThemeChanged: mCurrentPkgName: com.asus.res.defaulttheme
06-11 16:31:17.641   751   821 D BluetoothManagerService: Message: 20
06-11 16:31:17.641   751   821 D BluetoothManagerService: Added callback: android.bluetooth.IBluetoothManagerCallback$Stub$Proxy@f61756d:true
06-11 16:31:17.647   751   821 D BluetoothManagerService: Message: 30
06-11 16:31:17.650   751   821 D BluetoothManagerService: Message: 30
06-11 16:31:17.655   751   821 D BluetoothManagerService: Message: 30
06-11 16:31:17.658   751   821 D BluetoothManagerService: Message: 30
06-11 16:31:17.685  1601  1672 E ActivityThread: Failed to find provider info for com.asus.lockscreen2.slideshow.local
06-11 16:31:17.687  1601  1672 E ActivityThread: Failed to find provider info for com.asus.themeapp.provider
--------- beginning of main
06-11 16:31:17.902  1002  1745 D Camera_HAL: ATOM_CloseCameraHardware: Camera close done (open instances after close: 0)
06-11 16:31:17.902  1002  1745 D Camera_HAL: @ATOM_CloseCameraHardware, Open QC_CONTROL_NODE failed
06-11 16:31:17.902  1002  1745 D Camera_HAL: [PERF] ATOM_CloseCameraHardware -
06-11 16:31:17.903  1002  1745 I CameraService: onTorchStatusChangedLocked: Torch status changed for cameraId=0, newStatus=1
06-11 16:31:17.904  1002  1745 I CameraWrapper: camera_get_number_of_cameras
06-11 16:31:17.904  1002  1745 D Camera_HAL: ATOM_GetNumberOfCameras
06-11 16:31:17.904  1002  1745 I CameraService: onTorchStatusChangedLocked: Torch status changed for cameraId=0, newStatus=1
06-11 16:31:17.904  1002  1745 I CameraService: disconnect: Disconnected client for camera 0 for PID 1002
06-11 16:31:17.904  1002  1745 D NuPlayerDriver: reset(0xecc2b580) at state 4
06-11 16:31:17.904  1002  1745 D NuPlayerDriver: notifyListener_l(0xecc2b580), (8, 0, 0), loop setting(0, 0)
06-11 16:31:17.905  1002  1796 W AMessage: failed to post message as target looper for handler 0 is gone.
06-11 16:31:17.905  1002  1710 E CameraService: getCameraPriorityFromProcState: Received invalid process state -1 from ActivityManagerService!
06-11 16:31:17.905  1002  1796 D NuPlayerDriver: notifyResetComplete(0xecc2b580)
06-11 16:31:17.905  1002  1710 I CameraWrapper: camera_get_number_of_cameras
06-11 16:31:17.905  1002  1710 D Camera_HAL: ATOM_GetNumberOfCameras
06-11 16:31:17.905  1002  1710 I CameraService: onTorchStatusChangedLocked: Torch status changed for cameraId=0, newStatus=0
06-11 16:31:17.905  1002  1710 I CameraWrapper: camera_get_camera_info camera 1
06-11 16:31:17.905  1002  1710 D Camera_HAL: ATOM_GetCameraInfo
06-11 16:31:17.905  1002  1745 D NuPlayerDriver: reset(0xecc2b640) at state 4
06-11 16:31:17.905  1002  1745 D NuPlayerDriver: notifyListener_l(0xecc2b640), (8, 0, 0), loop setting(0, 0)
06-11 16:31:17.905  1002  1800 W AMessage: failed to post message as target looper for handler 0 is gone.
06-11 16:31:17.906  1002  1800 D NuPlayerDriver: notifyResetComplete(0xecc2b640)
06-11 16:31:17.906  1002  1745 D NuPlayerDriver: reset(0xecc2b6a0) at state 4
06-11 16:31:17.906  1002  1745 D NuPlayerDriver: notifyListener_l(0xecc2b6a0), (8, 0, 0), loop setting(0, 0)
06-11 16:31:17.906  1002  1802 W AMessage: failed to post message as target looper for handler 0 is gone.
06-11 16:31:17.906  1002  1802 D NuPlayerDriver: notifyResetComplete(0xecc2b6a0)
06-11 16:31:17.910   354   354 E OMXNodeInstance: getExtensionIndex(1620016:google.vp8.decoder, OMX.google.android.index.configureVideoTunnelMode) ERROR: UnsupportedIndex(0x8000101a)
06-11 16:31:17.910   354   381 W OMXNodeInstance: [1620016:google.vp8.decoder] component does not support metadata mode; using fallback
06-11 16:31:17.914  1002  1002 I MediaPlayerService: MediaPlayerService::getOMX
06-11 16:31:17.915  1002  1002 I OMXClient: MuxOMX ctor
06-11 16:31:17.915   354   354 I OMXMaster: makeComponentInstance(OMX.google.vp9.decoder) in mediacodec process
06-11 16:31:17.929  1002  1852 D NuPlayerDriver: notifyListener_l(0xdf0921e0), (1, 0, 0), loop setting(0, 0)
06-11 16:31:17.951  1002  1854 D NuPlayerDriver: notifyListener_l(0xdf0922a0), (1, 0, 0), loop setting(0, 0)
06-11 16:31:17.972  1002  1856 D NuPlayerDriver: notifyListener_l(0xdf092300), (1, 0, 0), loop setting(0, 0)
06-11 16:31:17.973   354  1742 E OMXNodeInstance: getExtensionIndex(1620017:google.vp9.decoder, OMX.google.android.index.configureVideoTunnelMode) ERROR: UnsupportedIndex(0x8000101a)
06-11 16:31:17.974   354  1742 W OMXNodeInstance: [1620017:google.vp9.decoder] component does not support metadata mode; using fallback
06-11 16:31:17.975  1002  1710 I CameraFlashlight: Opening camera 1
06-11 16:31:17.976  1002  1710 I CameraWrapper: camera_get_camera_info camera 1
06-11 16:31:17.976  1002  1710 D Camera_HAL: ATOM_GetCameraInfo
06-11 16:31:17.976  1002  1710 I CameraWrapper: camera_device open
06-11 16:31:17.976  1002  1710 D Camera_HAL: ATOM_GetNumberOfCameras
06-11 16:31:17.976  1002  1710 D Camera_HAL: [PERF] ATOM_OpenCameraHardware +
06-11 16:31:17.976  1002  1710 D Camera_HAL: Camera HAL for Internal ISP(atomisp)
06-11 16:31:17.976  1002  1710 D Camera_HAL: @ATOM_OpenCameraHardware, Open QC_CONTROL_NODE failed
06-11 16:31:17.976  1002  1710 D Camera_Conf: cpf config file name: /etc/atomisp/01ov5670.aiqb
06-11 16:31:17.976  1002  1710 D Camera_Conf: Opening CPF file "/etc/atomisp/01ov5670.aiqb"
06-11 16:31:17.977  1002  1710 D DIT_AT_LOG: project:66, modulenum:0, cameradirection:1, mode:0
06-11 16:31:17.978  1002  1002 I MediaPlayerService: MediaPlayerService::getOMX
06-11 16:31:17.978  1002  1002 I OMXClient: MuxOMX ctor
06-11 16:31:17.979   354   381 I OMXMaster: makeComponentInstance(OMX.google.h263.encoder) in mediacodec process
06-11 16:31:18.027   354   381 I SoftMPEG4Encoder: Construct SoftMPEG4Encoder
06-11 16:31:18.029  1002  1002 W ACodec  : do not know color format 0x7f000789 = 2130708361
06-11 16:31:18.029   354  1742 E OMXNodeInstance: getConfig(1620018:google.h263.encoder, ConfigAndroidIntraRefresh(0x6f60000a)) ERROR: Undefined(0x80001001)
06-11 16:31:18.032  1002  1002 I MediaPlayerService: MediaPlayerService::getOMX
06-11 16:31:18.032  1002  1002 I OMXClient: MuxOMX ctor
06-11 16:31:18.032   354  1742 I OMXMaster: makeComponentInstance(OMX.google.h264.encoder) in mediacodec process
06-11 16:31:18.094  1002  1002 W ACodec  : do not know color format 0x7f000789 = 2130708361
06-11 16:31:18.096  1002  1002 I MediaPlayerService: MediaPlayerService::getOMX
06-11 16:31:18.096  1002  1002 I OMXClient: MuxOMX ctor
06-11 16:31:18.096   354   354 I OMXMaster: makeComponentInstance(OMX.google.mpeg4.encoder) in mediacodec process
06-11 16:31:18.126   354   354 I SoftMPEG4Encoder: Construct SoftMPEG4Encoder
06-11 16:31:18.127  1002  1002 W ACodec  : do not know color format 0x7f000789 = 2130708361
06-11 16:31:18.128   354   354 E OMXNodeInstance: getConfig(162001a:google.mpeg4.encoder, ConfigAndroidIntraRefresh(0x6f60000a)) ERROR: Undefined(0x80001001)
06-11 16:31:18.129  1002  1002 I MediaPlayerService: MediaPlayerService::getOMX
06-11 16:31:18.130  1002  1002 I OMXClient: MuxOMX ctor
06-11 16:31:18.130   354   354 I OMXMaster: makeComponentInstance(OMX.google.vp8.encoder) in mediacodec process
06-11 16:31:18.138  1002  1710 E Camera_AtomAIQ: project_id = 1F
06-11 16:31:18.138  1002  1710 D IA_IMAGING: IA AIQ VERSION v2.0_006.002
06-11 16:31:18.145  1002  1710 D IA_IMAGING: IA ISP 2.2 VERSION v2.0_006.002
06-11 16:31:18.146  1002  1710 D Camera_AtomAIQ: @run3aInit , ov5670 module = 1
06-11 16:31:18.186  1002  1710 D Camera_ControlThread: [Cam_Param] ----------BEGIN PARAM DIFFERENCE----------
06-11 16:31:18.186  1002  1710 D Camera_LogHelper: [Cam_Param] Dumping camera params difference: size = 60 -> 60
06-11 16:31:18.186  1002  1710 D Camera_ControlThread: [Cam_Param] ----------END PARAM DIFFERENCE----------
06-11 16:31:18.187  1002  1710 D Camera_ControlThread: Application doesn't set picture size, hal chooses 320x240 to match preview size
06-11 16:31:18.187  1002  1710 I Camera_ControlThread: DEPRECATED: Got new preview frame rate: 30
06-11 16:31:18.188  1002  1710 D         : @Init_Arcsoft
06-11 16:31:18.188  1002  1710 D         : @Init_Arcsoft_FaceBeauty
06-11 16:31:18.188  1002  1710 E Arcsoft : BeautyShot SDK=ArcSoft_BeautyShot_3.0.0.1217_B1 Build:2015/01/05
06-11 16:31:18.188  1002  1710 E Arcsoft : BeautyShot version: ArcSoft_FlawlessFace_3.0.0.1217, 01/05/2015
06-11 16:31:18.188  1002  1710 D         : @loadStyle
06-11 16:31:18.189  1002  1710 D         : AVS, init_arcsoft_videostabilizer
06-11 16:31:18.189  1002  1710 D         : AVS, vs_param, mode=3, width=1280, height=720, format=1
06-11 16:31:18.189  1002  1710 E         : AVS_API, CreateStabilizer
06-11 16:31:18.190  1002  1710 D         : AVS, init_arcsoft_videostabilizer
06-11 16:31:18.190  1002  1710 E         : ANH init_nighthawk
06-11 16:31:18.190  1002  1710 E         : ANH MMemAlloc pMem and hNHMemMgr
06-11 16:31:18.190  1002  1710 E         : ANH_Init
06-11 16:31:18.190  1002  1710 E         : ANH_GetDefaultParam
06-11 16:31:18.190  1002  1710 E         : ANH nh_param, intensity=65, denoise=6, autoContrast=0, needDenoise:1
06-11 16:31:18.193  1601  1672 E ActivityThread: Failed to find provider info for com.asus.lockscreen2.slideshow.local
06-11 16:31:18.193  1002  1710 E         : ANH Set srcImg struct
06-11 16:31:18.193  1002  1710 E         : ANH Set dstImg struct
06-11 16:31:18.194  1002  1710 D Camera_HAL: [PERF] ATOM_OpenCameraHardware -
06-11 16:31:18.194  1002  1710 I CameraWrapper: camera_device_open: got vendor camera device 0xDF08D690
06-11 16:31:18.194  1002  1710 I CameraWrapper: camera_set_callbacks->DF08D190->DF08D690
06-11 16:31:18.194  1002  1710 D Camera_HAL: [PERF] atom_set_callbacks +
06-11 16:31:18.194  1002  1710 D Camera_HAL: [PERF] atom_set_callbacks -
06-11 16:31:18.194  1002  1710 I CameraWrapper: camera_enable_msg_type->DF08D190->DF08D690
06-11 16:31:18.194  1002  1710 I CameraWrapper: camera_get_parameters->DF08D190->DF08D690
06-11 16:31:18.194  1002  1710 D Camera_HAL: [PERF] atom_get_parameters +
06-11 16:31:18.194  1002  1710 D Camera_HAL: [PERF] atom_get_parameters -
06-11 16:31:18.194  1002  1710 I CameraWrapper: camera_fixup_getparams: original parameters for camera 1:
06-11 16:31:18.194  1002  1710 D CameraParams: dump: mMap.size = 59
06-11 16:31:18.194  1002  1710 D CameraParams: ae-metering-mode: auto
06-11 16:31:18.194  1002  1710 D CameraParams: antibanding: auto
06-11 16:31:18.194  1002  1710 D CameraParams: antibanding-values: off,50hz,60hz,auto
06-11 16:31:18.194  1002  1710 D CameraParams: auto-exposure-lock: false
06-11 16:31:18.194  1002  1710 D CameraParams: auto-exposure-lock-supported: true
06-11 16:31:18.194  1002  1710 D CameraParams: auto-whitebalance-lock: false
06-11 16:31:18.194  1002  1710 D CameraParams: auto-whitebalance-lock-supported: true
06-11 16:31:18.194  1002  1710 D CameraParams: effect: none
06-11 16:31:18.194  1002  1710 D CameraParams: effect-values: none,mono,negative,sepia
06-11 16:31:18.194  1002  1710 D CameraParams: exposure-compensation: 0
06-11 16:31:18.194  1002  1710 D CameraParams: exposure-compensation-step: 0.33333333
06-11 16:31:18.194  1002  1710 D CameraParams: flash-mode: off
06-11 16:31:18.194  1002  1710 D CameraParams: flash-mode-values: off
06-11 16:31:18.194  1002  1710 D CameraParams: focal-length: 3.340000
06-11 16:31:18.194  1002  1710 D CameraParams: focus-areas: (0,0,0,0,0)
06-11 16:31:18.194  1002  1710 D CameraParams: focus-distances: 0.3,0.65,Infinity
06-11 16:31:18.194  1002  1710 D CameraParams: focus-mode: fixed
06-11 16:31:18.194  1002  1710 D CameraParams: focus-mode-values: fixed
06-11 16:31:18.194  1002  1710 D CameraParams: horizontal-view-angle: 72.2
06-11 16:31:18.194  1002  1710 D CameraParams: jpeg-quality: 90
06-11 16:31:18.194  1002  1710 D CameraParams: jpeg-thumbnail-height: 240
06-11 16:31:18.194  1002  1710 D CameraParams: jpeg-thumbnail-quality: 50
06-11 16:31:18.194  1002  1710 D CameraParams: jpeg-thumbnail-size-values: 320x240,240x320,320x180,180x320,160x120,120x160,0x0
06-11 16:31:18.194  1002  1710 D CameraParams: jpeg-thumbnail-width: 320
06-11 16:31:18.194  1002  1710 D CameraParams: max-exposure-compensation: 6
06-11 16:31:18.194  1002  1710 D CameraParams: max-num-detected-faces-hw: 32
06-11 16:31:18.194  1002  1710 D CameraParams: max-num-focus-areas: 0
06-11 16:31:18.194  1002  1710 D CameraParams: max-num-metering-areas: 1
06-11 16:31:18.194  1002  1710 D CameraParams: max-zoom: 476
06-11 16:31:18.194  1002  1710 D CameraParams: metering-areas: (0,0,0,0,0)
06-11 16:31:18.194  1002  1710 D CameraParams: min-exposure-compensation: -6
06-11 16:31:18.194  1002  1710 D CameraParams: picture-format: jpeg
06-11 16:31:18.194  1002  1710 D CameraParams: picture-format-values: jpeg
06-11 16:31:18.194  1002  1710 D CameraParams: picture-size: 320x240
06-11 16:31:18.194  1002  1710 D CameraParams: picture-size-values: 320x240,640x480,1280x720,1280x960,1920x1080,2048x1152,2048x1536,2560x1440,2560x1920
06-11 16:31:18.194  1002  1710 D CameraParams: preferred-preview-size-for-video: 1920x1080
06-11 16:31:18.194  1002  1710 D CameraParams: preview-format: yuv420sp
06-11 16:31:18.194  1002  1710 D CameraParams: preview-format-values: yuv420sp,yuv420p
06-11 16:31:18.194  1002  1710 D CameraParams: preview-fps-range: 4000,50000
06-11 16:31:18.194  1002  1710 D CameraParams: preview-fps-range-values: (4000,50000)
06-11 16:31:18.194  1002  1710 D CameraParams: preview-frame-rate: 30
06-11 16:31:18.194  1002  1710 D CameraParams: preview-frame-rate-values: 30,15,10
06-11 16:31:18.194  1002  1710 D CameraParams: preview-size: 640x480
06-11 16:31:18.194  1002  1710 D CameraParams: preview-size-values: 1920x1080,1280x960,1280x720,1024x768,1024x576,960x720,720x576,720x480,640x480,640x360,352x288,320x240,176x144
06-11 16:31:18.194  1002  1710 D CameraParams: rotation: 0
06-11 16:31:18.194  1002  1710 D CameraParams: scene-mode: auto
06-11 16:31:18.194  1002  1710 D CameraParams: scene-mode-values: auto,night
06-11 16:31:18.194  1002  1710 D CameraParams: vertical-view-angle: 42.5
06-11 16:31:18.194  1002  1710 D CameraParams: video-frame-format: yuv420sp
06-11 16:31:18.194  1002  1710 D CameraParams: video-size: 1920x1080
06-11 16:31:18.194  1002  1710 D CameraParams: video-size-values: 176x144,320x240,352x288,640x480,720x480,720x576,1280x720,1280x960,1920x1080
06-11 16:31:18.194  1002  1710 D CameraParams: video-snapshot-supported: true
06-11 16:31:18.194  1002  1710 D CameraParams: video-stabilization: false
06-11 16:31:18.194  1002  1710 D CameraParams: video-stabilization-supported: false
06-11 16:31:18.194  1002  1710 D CameraParams: whitebalance: auto
06-11 16:31:18.194  1002  1710 D CameraParams: whitebalance-values: auto,incandescent,fluorescent,daylight,cloudy-daylight
06-11 16:31:18.194  1002  1710 D CameraParams: zoom: 0
06-11 16:31:18.194  1002  1710 D CameraParams: zoom-ratios: 100,101,102,103,104,105,106,107,108,109,110,111,112,113,114,115,116,117,118,119,120,121,122,123,124,125,126,127,128,129,130,131,132,133,134,135,136,137,138,139,140,141,142,143,144,145,146,147,148,149,150,151,152,153,154,155,156,157,158,159,160,161,162,163,164,165,166,167,168,169,170,171,172,173,174,175,176,177,178,179,180,181,182,183,184,185,186,187,188,189,190,191,192,193,194,195,196,197,198,199,200,201,202,203,204,205,206,207,208,209,210,211,212,213,214,215,216,217,218,219,220,221,222,223,224,225,226,227,228,229,230,231,232,233,234,235,236,237,238,239,240,241,242,243,244,245,246,247,248,249,250,251,252,253,254,255,256,257,258,259,260,261,262,263,264,265,266,267,268,269,270,271,272,273,274,275,276,277,278,279,280,281,282,283,284,285,286,287,288,289,290,291,292,293,294,295,296,297,298,299,300,301,302,303,304,305,306,307,308,309,310,311,312,313,314,315,316,317,318,319,320,321,322,323,324,325,326,327,328,329,330,331,332,334,335,336,337,338,339,340,341,342,344,345,346,347,348,349,351,352,353,354,35
06-11 16:31:18.194  1002  1710 D CameraParams: zoom-supported: true
06-11 16:31:18.194  1002  1710 I CameraWrapper: camera_fixup_getparams: fixed parameters for camera 1:
06-11 16:31:18.194  1002  1710 D CameraParams: dump: mMap.size = 59
06-11 16:31:18.194  1002  1710 D CameraParams: ae-metering-mode: auto
06-11 16:31:18.194  1002  1710 D CameraParams: antibanding: auto
06-11 16:31:18.194  1002  1710 D CameraParams: antibanding-values: off,50hz,60hz,auto
06-11 16:31:18.195  1002  1710 D CameraParams: auto-exposure-lock: false
06-11 16:31:18.195  1002  1710 D CameraParams: auto-exposure-lock-supported: true
06-11 16:31:18.195  1002  1710 D CameraParams: auto-whitebalance-lock: false
06-11 16:31:18.195  1002  1710 D CameraParams: auto-whitebalance-lock-supported: true
06-11 16:31:18.195  1002  1710 D CameraParams: effect: none
06-11 16:31:18.195  1002  1710 D CameraParams: effect-values: none,mono,negative,sepia
06-11 16:31:18.195  1002  1710 D CameraParams: exposure-compensation: 0
06-11 16:31:18.195  1002  1710 D CameraParams: exposure-compensation-step: 0.33333333
06-11 16:31:18.195  1002  1710 D CameraParams: flash-mode: off
06-11 16:31:18.195  1002  1710 D CameraParams: flash-mode-values: off
06-11 16:31:18.195  1002  1710 D CameraParams: focal-length: 3.340000
06-11 16:31:18.195  1002  1710 D CameraParams: focus-areas: (0,0,0,0,0)
06-11 16:31:18.195  1002  1710 D CameraParams: focus-distances: 0.3,0.65,Infinity
06-11 16:31:18.195  1002  1710 D CameraParams: focus-mode: fixed
06-11 16:31:18.195  1002  1710 D CameraParams: focus-mode-values: fixed
06-11 16:31:18.195  1002  1710 D CameraParams: horizontal-view-angle: 72.2
06-11 16:31:18.195  1002  1710 D CameraParams: jpeg-quality: 90
06-11 16:31:18.195  1002  1710 D CameraParams: jpeg-thumbnail-height: 240
06-11 16:31:18.195  1002  1710 D CameraParams: jpeg-thumbnail-quality: 50
06-11 16:31:18.195  1002  1710 D CameraParams: jpeg-thumbnail-size-values: 320x240,240x320,320x180,180x320,160x120,120x160,0x0
06-11 16:31:18.195  1002  1710 D CameraParams: jpeg-thumbnail-width: 320
06-11 16:31:18.195  1002  1710 D CameraParams: max-exposure-compensation: 6
06-11 16:31:18.195  1002  1710 D CameraParams: max-num-detected-faces-hw: 32
06-11 16:31:18.195  1002  1710 D CameraParams: max-num-focus-areas: 0
06-11 16:31:18.195  1002  1710 D CameraParams: max-num-metering-areas: 1
06-11 16:31:18.195  1002  1710 D CameraParams: max-zoom: 476
06-11 16:31:18.195  1002  1710 D CameraParams: metering-areas: (0,0,0,0,0)
06-11 16:31:18.195  1002  1710 D CameraParams: min-exposure-compensation: -6
06-11 16:31:18.195  1002  1710 D CameraParams: picture-format: jpeg
06-11 16:31:18.195  1002  1710 D CameraParams: picture-format-values: jpeg
06-11 16:31:18.195  1002  1710 D CameraParams: picture-size: 320x240
06-11 16:31:18.195  1002  1710 D CameraParams: picture-size-values: 320x240,640x480,1280x720,1280x960,1920x1080,2048x1152,2048x1536,2560x1440,2560x1920
06-11 16:31:18.195  1002  1710 D CameraParams: preferred-preview-size-for-video: 1920x1080
06-11 16:31:18.195  1002  1710 D CameraParams: preview-format: yuv420sp
06-11 16:31:18.195  1002  1710 D CameraParams: preview-format-values: yuv420sp,yuv420p
06-11 16:31:18.195  1002  1710 D CameraParams: preview-fps-range: 4000,50000
06-11 16:31:18.195  1002  1710 D CameraParams: preview-fps-range-values: (4000,50000)
06-11 16:31:18.195  1002  1710 D CameraParams: preview-frame-rate: 30
06-11 16:31:18.195  1002  1710 D CameraParams: preview-frame-rate-values: 30,15,10
06-11 16:31:18.195  1002  1710 D CameraParams: preview-size: 640x480
06-11 16:31:18.195  1002  1710 D CameraParams: preview-size-values: 1920x1080,1280x960,1280x720,1024x768,1024x576,960x720,720x576,720x480,640x480,640x360,352x288,320x240,176x144
06-11 16:31:18.195  1002  1710 D CameraParams: rotation: 0
06-11 16:31:18.195  1002  1710 D CameraParams: scene-mode: auto
06-11 16:31:18.195  1002  1710 D CameraParams: scene-mode-values: auto,night
06-11 16:31:18.195  1002  1710 D CameraParams: vertical-view-angle: 42.5
06-11 16:31:18.195  1002  1710 D CameraParams: video-frame-format: yuv420sp
06-11 16:31:18.195  1002  1710 D CameraParams: video-size: 1920x1080
06-11 16:31:18.195  1002  1710 D CameraParams: video-size-values: 176x144,320x240,352x288,640x480,720x480,720x576,1280x720,1280x960,1920x1080
06-11 16:31:18.195  1002  1710 D CameraParams: video-snapshot-supported: true
06-11 16:31:18.195  1002  1710 D CameraParams: video-stabilization: false
06-11 16:31:18.195  1002  1710 D CameraParams: video-stabilization-supported: false
06-11 16:31:18.195  1002  1710 D CameraParams: whitebalance: auto
06-11 16:31:18.195  1002  1710 D CameraParams: whitebalance-values: auto,incandescent,fluorescent,daylight,cloudy-daylight
06-11 16:31:18.195  1002  1710 D CameraParams: zoom: 0
06-11 16:31:18.195  1002  1710 D CameraParams: zoom-ratios: 100,101,102,103,104,105,106,107,108,109,110,111,112,113,114,115,116,117,118,119,120,121,122,123,124,125,126,127,128,129,130,131,132,133,134,135,136,137,138,139,140,141,142,143,144,145,146,147,148,149,150,151,152,153,154,155,156,157,158,159,160,161,162,163,164,165,166,167,168,169,170,171,172,173,174,175,176,177,178,179,180,181,182,183,184,185,186,187,188,189,190,191,192,193,194,195,196,197,198,199,200,201,202,203,204,205,206,207,208,209,210,211,212,213,214,215,216,217,218,219,220,221,222,223,224,225,226,227,228,229,230,231,232,233,234,235,236,237,238,239,240,241,242,243,244,245,246,247,248,249,250,251,252,253,254,255,256,257,258,259,260,261,262,263,264,265,266,267,268,269,270,271,272,273,274,275,276,277,278,279,280,281,282,283,284,285,286,287,288,289,290,291,292,293,294,295,296,297,298,299,300,301,302,303,304,305,306,307,308,309,310,311,312,313,314,315,316,317,318,319,320,321,322,323,324,325,326,327,328,329,330,331,332,334,335,336,337,338,339,340,341,342,344,345,346,347,348,349,351,352,353,354,35
06-11 16:31:18.195  1002  1710 D CameraParams: zoom-supported: true
06-11 16:31:18.195  1002  1710 D Camera_HAL: [PERF] atom_put_parameters +
06-11 16:31:18.195  1002  1710 D Camera_HAL: [PERF] atom_put_parameters -
06-11 16:31:18.195  1002  1710 I CameraWrapper: camera_put_parameters->DF08D190->DF08D690
06-11 16:31:18.195  1002  1710 I CameraWrapper: camera_disable_msg_type->DF08D190->DF08D690
06-11 16:31:18.195  1002  1710 I CameraWrapper: camera_stop_preview->DF08D190->DF08D690
06-11 16:31:18.195  1002  1710 D Camera_HAL: [PERF] atom_stop_preview +
06-11 16:31:18.195  1002  1710 D Camera_HAL: [PERF] atom_stop_preview -
06-11 16:31:18.196  1002  1849 I CameraService: getCameraCharacteristics: Switching to HAL1 shim implementation...
06-11 16:31:18.196  1002  1849 I CameraWrapper: camera_get_camera_info camera 1
06-11 16:31:18.196  1002  1849 D Camera_HAL: ATOM_GetCameraInfo
06-11 16:31:18.197  1002  1835 I CameraWrapper: camera_get_camera_info camera 0
06-11 16:31:18.197  1002  1835 D Camera_HAL: ATOM_GetCameraInfo
06-11 16:31:18.197  1601  1672 E ActivityThread: Failed to find provider info for com.asus.themeapp.provider
06-11 16:31:18.198  1002  1710 I CameraWrapper: camera_cancel_picture->DF08D190->DF08D690
06-11 16:31:18.198  1002  1710 D Camera_HAL: [PERF] atom_cancel_picture +
06-11 16:31:18.198  1002  1849 I CameraWrapper: camera_get_camera_info camera 0
06-11 16:31:18.198  1002  1849 D Camera_HAL: ATOM_GetCameraInfo
06-11 16:31:18.199  1002  1879 D Camera_ControlThread: @cancelPictureThread ++ (0)
06-11 16:31:18.199  1002  1879 D Camera_ControlThread: @cancelPictureThread -- 
06-11 16:31:18.199  1002  1710 D Camera_HAL: [PERF] atom_cancel_picture -
06-11 16:31:18.199  1002  1710 I CameraWrapper: camera_release->DF08D190->DF08D690
06-11 16:31:18.199  1002  1710 D Camera_HAL: [PERF] atom_release +
06-11 16:31:18.200  1002  1710 D Camera_HAL: [PERF] atom_release -
06-11 16:31:18.200  1002  1710 I CameraFlashlight: Destroying camera 1
06-11 16:31:18.200  1002  1710 I CameraWrapper: camera_device_close
06-11 16:31:18.200  1002  1710 I CameraWrapper: camera_get_number_of_cameras
06-11 16:31:18.200  1002  1710 D Camera_HAL: ATOM_GetNumberOfCameras
06-11 16:31:18.200  1002  1710 I CameraWrapper: camera_get_number_of_cameras
06-11 16:31:18.200  1002  1710 D Camera_HAL: ATOM_GetNumberOfCameras
06-11 16:31:18.200  1002  1710 I CameraWrapper: camera_get_number_of_cameras
06-11 16:31:18.200  1002  1710 D Camera_HAL: ATOM_GetNumberOfCameras
06-11 16:31:18.200  1002  1710 D Camera_HAL: [PERF] ATOM_CloseCameraHardware +
06-11 16:31:18.204  1002  1869 D Camera_SensorThread: @unRegisterOrientationListener: accelerometer sensor stop 0xdf0f1010 (PSH Accelerometer)
06-11 16:31:18.217  1002  1002 W ACodec  : do not know color format 0x7f000789 = 2130708361
06-11 16:31:18.217   354  1742 E OMXNodeInstance: getConfig(162001b:google.vp8.encoder, ConfigAndroidIntraRefresh(0x6f60000a)) ERROR: Undefined(0x80001001)
06-11 16:31:18.218  1002  1708 I CameraWrapper: camera_get_camera_info camera 1
06-11 16:31:18.218  1002  1708 D Camera_HAL: ATOM_GetCameraInfo
06-11 16:31:18.219  1002  1002 I MediaPlayerService: MediaPlayerService::getOMX
06-11 16:31:18.219  1002  1002 I OMXClient: MuxOMX ctor
06-11 16:31:18.220  1002  1708 I CameraWrapper: camera_get_camera_info camera 1
06-11 16:31:18.220  1002  1708 D Camera_HAL: ATOM_GetCameraInfo
06-11 16:31:18.221  1002  1002 I MediaPlayerService: MediaPlayerService::getOMX
06-11 16:31:18.221  1002  1002 I OMXClient: MuxOMX ctor
06-11 16:31:18.226  1002  1002 W MediaCodecList: unable to open media codecs configuration xml file: /data/misc/media/media_codecs_profiling_results.xml
06-11 16:31:18.227  1002  1708 I MediaPlayerService: MediaPlayerService::getOMX
06-11 16:31:18.227  1002  1849 I MediaPlayerService: MediaPlayerService::getOMX
06-11 16:31:18.228  1601  1707 I chatty  : uid=10046(com.android.systemui) expire 1 line
06-11 16:31:18.229   751  1674 I chatty  : uid=1000 system_server expire 1 line
06-11 16:31:18.230   354   381 I OMXMaster: makeComponentInstance(OMX.google.vorbis.decoder) in mediacodec process
06-11 16:31:18.249  1002  1710 W Camera_V4L2DevBase: Device not opened!
06-11 16:31:18.250  1002  1710 D         : @UnInit_Arcsoft
06-11 16:31:18.250  1002  1710 D         : @UnInit_Arcsoft_FaceBeauty
06-11 16:31:18.250  1002  1710 D         : AVS uninit_arcsoft_videostabilizer
06-11 16:31:18.250  1002  1710 E         : AVS_API, DestroyStabilizer
06-11 16:31:18.251  1002  1710 D         : AVS uninit_arcsoft_videostabilizer end
06-11 16:31:18.251  1002  1710 E         : ANH uninit_nighthawk
06-11 16:31:18.251  1002  1710 E         : ANH, uninit enchancer finish
06-11 16:31:18.251  1002  1710 D Camera_HAL: ATOM_CloseCameraHardware: Camera close done (open instances after close: 0)
06-11 16:31:18.251  1002  1710 D Camera_HAL: @ATOM_CloseCameraHardware, Open QC_CONTROL_NODE failed
06-11 16:31:18.251  1002  1710 D Camera_HAL: [PERF] ATOM_CloseCameraHardware -
06-11 16:31:18.253  1002  1710 I CameraWrapper: camera_get_number_of_cameras
06-11 16:31:18.253  1002  1710 D Camera_HAL: ATOM_GetNumberOfCameras
06-11 16:31:18.253  1002  1710 I CameraService: onTorchStatusChangedLocked: Torch status changed for cameraId=0, newStatus=1
06-11 16:31:18.253  1002  1710 I CameraService: disconnect: Disconnected client for camera 1 for PID 1002
06-11 16:31:18.253  1002  1710 D NuPlayerDriver: reset(0xdf0921e0) at state 4
06-11 16:31:18.253  1002  1710 D NuPlayerDriver: notifyListener_l(0xdf0921e0), (8, 0, 0), loop setting(0, 0)
06-11 16:31:18.254  1002  1852 W AMessage: failed to post message as target looper for handler 0 is gone.
06-11 16:31:18.254  1002  1852 D NuPlayerDriver: notifyResetComplete(0xdf0921e0)
06-11 16:31:18.255  1002  1710 D NuPlayerDriver: reset(0xdf0922a0) at state 4
06-11 16:31:18.255  1002  1710 D NuPlayerDriver: notifyListener_l(0xdf0922a0), (8, 0, 0), loop setting(0, 0)
06-11 16:31:18.255  1002  1854 W AMessage: failed to post message as target looper for handler 0 is gone.
06-11 16:31:18.256  1002  1854 D NuPlayerDriver: notifyResetComplete(0xdf0922a0)
06-11 16:31:18.257  1002  1710 D NuPlayerDriver: reset(0xdf092300) at state 4
06-11 16:31:18.257  1002  1710 D NuPlayerDriver: notifyListener_l(0xdf092300), (8, 0, 0), loop setting(0, 0)
06-11 16:31:18.257  1002  1856 W AMessage: failed to post message as target looper for handler 0 is gone.
06-11 16:31:18.258  1002  1856 D NuPlayerDriver: notifyResetComplete(0xdf092300)
06-11 16:31:18.260  1002  1038 I CameraWrapper: camera_get_camera_info camera 0
06-11 16:31:18.260  1002  1038 D Camera_HAL: ATOM_GetCameraInfo
06-11 16:31:18.262  1002  1835 I CameraWrapper: camera_get_camera_info camera 0
06-11 16:31:18.262  1002  1835 D Camera_HAL: ATOM_GetCameraInfo
06-11 16:31:18.270   751   814 I chatty  : uid=1000(system) android.bg expire 6 lines
06-11 16:31:18.275   751   751 W LocationProviderProxy-network: Odd, no component found for service com.android.location.service.v3.NetworkLocationProvider
06-11 16:31:18.287   751   751 W GeocoderProxy: Odd, no component found for service com.android.location.service.GeocodeProvider
06-11 16:31:18.294   354  1742 I OMXMaster: makeComponentInstance(OMX.google.vorbis.decoder) in mediacodec process
06-11 16:31:18.307   751  1888 I chatty  : uid=1000(system) FLP Service Cal expire 4 lines
06-11 16:31:18.307   751   751 W FusedProxy: Odd, no component found for service com.android.location.service.FusedProvider
06-11 16:31:18.311   751   751 W GeofenceProxy: Odd, no component found for service com.android.location.service.GeofenceProvider
06-11 16:31:18.312   751   751 D LocationManagerService: Hardware Activity-Recognition not supported.
06-11 16:31:18.313   751   751 W ActivityRecognitionProxy: Odd, no component found for service com.android.location.service.ActivityRecognitionProvider
06-11 16:31:18.323   751   998 I chatty  : uid=1000(system) InputReader expire 2 lines
06-11 16:31:18.329   751   751 I MmsServiceBroker: Delay connecting to MmsService until an API is called
06-11 16:31:18.337   751  1596 W ContextImpl: Calling a method in the system process without a qualified user: android.app.ContextImpl.sendBroadcast:877 com.android.server.ThemeManagerService.broadcastThemeChangedLocked:254 com.android.server.ThemeManagerService.doApplyTheme:208 com.android.server.ThemeManagerService.-wrap1:-1 com.android.server.ThemeManagerService$ThemeHandler.handleMessage:76 
06-11 16:31:18.338   751  1596 I chatty  : uid=1000(system) ThemeManagerSer expire 2 lines
06-11 16:31:18.344   751  1684 I chatty  : uid=1000(system) Binder:751_4 expire 16 lines
06-11 16:31:18.365  1002  1745 I MediaPlayerService: MediaPlayerService::getOMX
06-11 16:31:18.366   751  1896 I chatty  : uid=1000 system_server expire 1 line
06-11 16:31:18.366   354  1886 I OMXMaster: makeComponentInstance(OMX.google.vorbis.decoder) in mediacodec process
06-11 16:31:18.360  1897  1897 I chatty  : uid=1001(radio) com.android.phone expire 2013 lines
06-11 16:31:18.371   751   751 I ActivityManager: Start proc 1897:com.android.phone/1001 for added application com.android.phone duration: 10
06-11 16:31:18.372   751   751 I ActivityManager: START u0 {act=android.intent.action.MAIN cat=[android.intent.category.HOME] flg=0x10000100 cmp=com.android.settings/.CryptKeeper} from uid 0 on display 0
06-11 16:31:18.423  1002  1708 I MediaPlayerService: MediaPlayerService::getOMX
06-11 16:31:18.423  1601  1912 I chatty  : uid=10046(com.android.systemui) expire 1 line
06-11 16:31:18.424   354  1742 I OMXMaster: makeComponentInstance(OMX.google.vorbis.decoder) in mediacodec process
06-11 16:31:18.509  1002  1038 I MediaPlayerService: MediaPlayerService::getOMX
06-11 16:31:18.510   751  1916 I chatty  : uid=1000 system_server expire 1 line
06-11 16:31:18.510   354  1742 I OMXMaster: makeComponentInstance(OMX.google.vorbis.decoder) in mediacodec process
06-11 16:31:18.533  1002  1710 I MediaPlayerService: MediaPlayerService::getOMX
06-11 16:31:18.534  1601  1919 I chatty  : uid=10046(com.android.systemui) expire 1 line
06-11 16:31:18.535   354  1880 I OMXMaster: makeComponentInstance(OMX.google.vorbis.decoder) in mediacodec process
06-11 16:31:18.608   751   751 I ActivityManager: Loaded persisted task ids for user 0
06-11 16:31:18.612   751   751 D ActivityManager: [MemInfo] Process does not exist before starting ActivityRecord{546683d u0 com.android.settings/.CryptKeeper t1}. System free memory=3224956928
06-11 16:31:18.621   751   751 I ActivityManager: Start proc 1922:com.android.settings:CryptKeeper/1000 for activity com.android.settings/.CryptKeeper duration: 8
06-11 16:31:18.623   751   751 D ActivityManager: [MemInfo] Process does not exist before starting ActivityRecord{546683d u0 com.android.settings/.CryptKeeper t1}. System free memory=3223957504
06-11 16:31:18.610  1922  1922 I main    : type=1400 audit(0.0:528): avc: denied { read } for name="u:object_r:userinit_prop:s0" dev="tmpfs" ino=462 scontext=u:r:system_app:s0 tcontext=u:object_r:userinit_prop:s0 tclass=file permissive=1
06-11 16:31:18.610  1922  1922 I main    : type=1400 audit(0.0:529): avc: denied { read } for name="u:object_r:recovery_prop:s0" dev="tmpfs" ino=464 scontext=u:r:system_app:s0 tcontext=u:object_r:recovery_prop:s0 tclass=file permissive=1
06-11 16:31:18.626   751   813 D ActivityManager: [MemInfo] Process does not exist before starting ActivityRecord{546683d u0 com.android.settings/.CryptKeeper t1}. System free memory=3223830528
06-11 16:31:18.610  1922  1922 I main    : type=1400 audit(0.0:530): avc: denied { read } for name="u:object_r:adbtcp_prop:s0" dev="tmpfs" ino=465 scontext=u:r:system_app:s0 tcontext=u:object_r:adbtcp_prop:s0 tclass=file permissive=1
06-11 16:31:18.610  1922  1922 I main    : type=1400 audit(0.0:531): avc: denied { read } for name="u:object_r:dolby_prop:s0" dev="tmpfs" ino=466 scontext=u:r:system_app:s0 tcontext=u:object_r:dolby_prop:s0 tclass=file permissive=1
06-11 16:31:18.610  1922  1922 I main    : type=1400 audit(0.0:532): avc: denied { read } for name="u:object_r:hdmi_prop:s0" dev="tmpfs" ino=467 scontext=u:r:system_app:s0 tcontext=u:object_r:hdmi_prop:s0 tclass=file permissive=1
06-11 16:31:18.610  1922  1922 I main    : type=1400 audit(0.0:533): avc: denied { read } for name="u:object_r:gps_prop:s0" dev="tmpfs" ino=468 scontext=u:r:system_app:s0 tcontext=u:object_r:gps_prop:s0 tclass=file permissive=1
06-11 16:31:18.610  1922  1922 I main    : type=1400 audit(0.0:534): avc: denied { read } for name="u:object_r:camera_prop:s0" dev="tmpfs" ino=469 scontext=u:r:system_app:s0 tcontext=u:object_r:camera_prop:s0 tclass=file permissive=1
06-11 16:31:18.610  1922  1922 I main    : type=1400 audit(0.0:535): avc: denied { read } for name="u:object_r:charger_prop:s0" dev="tmpfs" ino=470 scontext=u:r:system_app:s0 tcontext=u:object_r:charger_prop:s0 tclass=file permissive=1
06-11 16:31:18.610  1922  1922 I main    : type=1400 audit(0.0:536): avc: denied { read } for name="u:object_r:asus_prop:s0" dev="tmpfs" ino=471 scontext=u:r:system_app:s0 tcontext=u:object_r:asus_prop:s0 tclass=file permissive=1
06-11 16:31:18.629   751   822 D InputManager: android.provider.Settings$SettingNotFoundException: glove_mode
06-11 16:31:18.629   751   822 I chatty  : uid=1000(system) android.display expire 6 lines
06-11 16:31:18.610  1922  1922 I main    : type=1400 audit(0.0:537): avc: denied { read } for name="u:object_r:safemode_prop:s0" dev="tmpfs" ino=480 scontext=u:r:system_app:s0 tcontext=u:object_r:safemode_prop:s0 tclass=file permissive=1
06-11 16:31:18.610  1922  1922 I main    : type=1400 audit(0.0:538): avc: denied { read } for name="u:object_r:mmc_prop:s0" dev="tmpfs" ino=481 scontext=u:r:system_app:s0 tcontext=u:object_r:mmc_prop:s0 tclass=file permissive=1
06-11 16:31:18.610  1922  1922 I main    : type=1400 audit(0.0:539): avc: denied { read } for name="u:object_r:device_logging_prop:s0" dev="tmpfs" ino=483 scontext=u:r:system_app:s0 tcontext=u:object_r:device_logging_prop:s0 tclass=file permissive=1
06-11 16:31:18.652   308   317 D PermissionCache: checking android.permission.READ_FRAME_BUFFER for uid=1000 => granted (1077 us)
06-11 16:31:18.658  1002  1710 I MediaPlayerService: MediaPlayerService::getOMX
06-11 16:31:18.659   751  1934 I chatty  : uid=1000 system_server expire 1 line
06-11 16:31:18.660   354   354 I OMXMaster: makeComponentInstance(OMX.google.vorbis.decoder) in mediacodec process
06-11 16:31:18.678   751   751 D ConditionProviders.SCP: onConnected
06-11 16:31:18.680  1922  1922 W System  : ClassLoader referenced unknown path: /system/priv-app/AsusSettings/lib/x86
06-11 16:31:18.681   751  1915 I chatty  : uid=1000(system) Binder:751_6 expire 12 lines
06-11 16:31:18.707   751  1578 I chatty  : uid=1000(system) WifiScanningSer expire 1 line
06-11 16:31:18.708   751  1579 I chatty  : uid=1000(system) WifiRttService expire 1 line
06-11 16:31:18.791  1002  1038 I MediaPlayerService: MediaPlayerService::getOMX
06-11 16:31:18.792   751  1939 I chatty  : uid=1000 system_server expire 1 line
06-11 16:31:18.793   354  1880 I OMXMaster: makeComponentInstance(OMX.google.vorbis.decoder) in mediacodec process
06-11 16:31:18.793  1601  1890 I chatty  : uid=10046(com.android.systemui) QSTileHost expire 138 lines
06-11 16:31:18.841  1601  1601 W StatusBar: isKeyguardSecure() called before startKeyguard(), returning false
06-11 16:31:18.841  1601  1601 W StatusBar: java.lang.Throwable
06-11 16:31:18.841  1601  1601 W StatusBar: 	at com.android.systemui.statusbar.BaseStatusBar.isKeyguardSecure(BaseStatusBar.java:2841)
06-11 16:31:18.841  1601  1601 W StatusBar: 	at com.android.systemui.statusbar.BaseStatusBar.isSecureKeyguardLock(BaseStatusBar.java:2857)
06-11 16:31:18.841  1601  1601 W StatusBar: 	at com.android.systemui.statusbar.phone.QSTileHost.isSecureKeyguardLock(QSTileHost.java:573)
06-11 16:31:18.841  1601  1601 W StatusBar: 	at com.android.systemui.qs.tiles.CellularTile.shouldBeHidden(CellularTile.java:455)
06-11 16:31:18.841  1601  1601 W StatusBar: 	at com.android.systemui.qs.customize.TileQueryHelper.addSystemTiles(TileQueryHelper.java:105)
06-11 16:31:18.841  1601  1601 W StatusBar: 	at com.android.systemui.qs.customize.TileQueryHelper.<init>(TileQueryHelper.java:77)
06-11 16:31:18.841  1601  1601 W StatusBar: 	at com.android.systemui.qs.customize.QSCustomizer.setupContent(QSCustomizer.java:311)
06-11 16:31:18.841  1601  1601 W StatusBar: 	at com.android.systemui.qs.customize.QSCustomizer.setHost(QSCustomizer.java:139)
06-11 16:31:18.841  1601  1601 W StatusBar: 	at com.android.systemui.qs.QSPanel.setHost(QSPanel.java:193)
06-11 16:31:18.841  1601  1601 W StatusBar: 	at com.android.systemui.qs.QSContainer.setHost(QSContainer.java:90)
06-11 16:31:18.841  1601  1601 W StatusBar: 	at com.android.systemui.statusbar.phone.PhoneStatusBar$16.onInflated(PhoneStatusBar.java:1236)
06-11 16:31:18.841  1601  1601 W StatusBar: 	at com.android.systemui.AutoReinflateContainer.addInflateListener(AutoReinflateContainer.java:86)
06-11 16:31:18.841  1601  1601 W StatusBar: 	at com.android.systemui.statusbar.phone.PhoneStatusBar.makeStatusBarView(PhoneStatusBar.java:1232)
06-11 16:31:18.841  1601  1601 W StatusBar: 	at com.android.systemui.statusbar.phone.PhoneStatusBar.addStatusBarWindow(PhoneStatusBar.java:4004)
06-11 16:31:18.841  1601  1601 W StatusBar: 	at com.android.systemui.statusbar.phone.PhoneStatusBar.createAndAddWindows(PhoneStatusBar.java:4000)
06-11 16:31:18.841  1601  1601 W StatusBar: 	at com.android.systemui.statusbar.BaseStatusBar.start(BaseStatusBar.java:871)
06-11 16:31:18.841  1601  1601 W StatusBar: 	at com.android.systemui.statusbar.phone.PhoneStatusBar.start(PhoneStatusBar.java:915)
06-11 16:31:18.841  1601  1601 W StatusBar: 	at com.android.systemui.statusbar.SystemBars.createStatusBarFromConfig(SystemBars.java:106)
06-11 16:31:18.841  1601  1601 W StatusBar: 	at com.android.systemui.statusbar.SystemBars.onNoService(SystemBars.java:58)
06-11 16:31:18.841  1601  1601 W StatusBar: 	at com.android.systemui.statusbar.ServiceMonitor.startService(ServiceMonitor.java:230)
06-11 16:31:18.841  1601  1601 W StatusBar: 	at com.android.systemui.statusbar.ServiceMonitor.access$000(ServiceMonitor.java:49)
06-11 16:31:18.841  1601  1601 W StatusBar: 	at com.android.systemui.statusbar.ServiceMonitor$1.handleMessage(ServiceMonitor.java:73)
06-11 16:31:18.841  1601  1601 W StatusBar: 	at android.os.Handler.dispatchMessage(Handler.java:102)
06-11 16:31:18.841  1601  1601 W StatusBar: 	at android.os.Looper.loop(Looper.java:154)
06-11 16:31:18.841  1601  1601 W StatusBar: 	at android.app.ActivityThread.main(ActivityThread.java:6121)
06-11 16:31:18.841  1601  1601 W StatusBar: 	at java.lang.reflect.Method.invoke(Native Method)
06-11 16:31:18.841  1601  1601 W StatusBar: 	at com.android.internal.os.ZygoteInit$MethodAndArgsCaller.run(ZygoteInit.java:889)
06-11 16:31:18.841  1601  1601 W StatusBar: 	at com.android.internal.os.ZygoteInit.main(ZygoteInit.java:779)
06-11 16:31:18.843  1601  1601 W StatusBar: isKeyguardSecure() called before startKeyguard(), returning false
06-11 16:31:18.843  1601  1601 W StatusBar: java.lang.Throwable
06-11 16:31:18.843  1601  1601 W StatusBar: 	at com.android.systemui.statusbar.BaseStatusBar.isKeyguardSecure(BaseStatusBar.java:2841)
06-11 16:31:18.843  1601  1601 W StatusBar: 	at com.android.systemui.statusbar.BaseStatusBar.isSecureKeyguardLock(BaseStatusBar.java:2857)
06-11 16:31:18.843  1601  1601 W StatusBar: 	at com.android.systemui.statusbar.phone.QSTileHost.isSecureKeyguardLock(QSTileHost.java:573)
06-11 16:31:18.843  1601  1601 W StatusBar: 	at com.android.systemui.qs.tiles.WifiTile.shouldBeHidden(WifiTile.java:507)
06-11 16:31:18.843  1601  1601 W StatusBar: 	at com.android.systemui.qs.customize.TileQueryHelper.addSystemTiles(TileQueryHelper.java:105)
06-11 16:31:18.843  1601  1601 W StatusBar: 	at com.android.systemui.qs.customize.TileQueryHelper.<init>(TileQueryHelper.java:77)
06-11 16:31:18.843  1601  1601 W StatusBar: 	at com.android.systemui.qs.customize.QSCustomizer.setupContent(QSCustomizer.java:311)
06-11 16:31:18.843  1601  1601 W StatusBar: 	at com.android.systemui.qs.customize.QSCustomizer.setHost(QSCustomizer.java:139)
06-11 16:31:18.843  1601  1601 W StatusBar: 	at com.android.systemui.qs.QSPanel.setHost(QSPanel.java:193)
06-11 16:31:18.843  1601  1601 W StatusBar: 	at com.android.systemui.qs.QSContainer.setHost(QSContainer.java:90)
06-11 16:31:18.843  1601  1601 W StatusBar: 	at com.android.systemui.statusbar.phone.PhoneStatusBar$16.onInflated(PhoneStatusBar.java:1236)
06-11 16:31:18.843  1601  1601 W StatusBar: 	at com.android.systemui.AutoReinflateContainer.addInflateListener(AutoReinflateContainer.java:86)
06-11 16:31:18.843  1601  1601 W StatusBar: 	at com.android.systemui.statusbar.phone.PhoneStatusBar.makeStatusBarView(PhoneStatusBar.java:1232)
06-11 16:31:18.843  1601  1601 W StatusBar: 	at com.android.systemui.statusbar.phone.PhoneStatusBar.addStatusBarWindow(PhoneStatusBar.java:4004)
06-11 16:31:18.843  1601  1601 W StatusBar: 	at com.android.systemui.statusbar.phone.PhoneStatusBar.createAndAddWindows(PhoneStatusBar.java:4000)
06-11 16:31:18.843  1601  1601 W StatusBar: 	at com.android.systemui.statusbar.BaseStatusBar.start(BaseStatusBar.java:871)
06-11 16:31:18.843  1601  1601 W StatusBar: 	at com.android.systemui.statusbar.phone.PhoneStatusBar.start(PhoneStatusBar.java:915)
06-11 16:31:18.843  1601  1601 W StatusBar: 	at com.android.systemui.statusbar.SystemBars.createStatusBarFromConfig(SystemBars.java:106)
06-11 16:31:18.843  1601  1601 W StatusBar: 	at com.android.systemui.statusbar.SystemBars.onNoService(SystemBars.java:58)
06-11 16:31:18.843  1601  1601 W StatusBar: 	at com.android.systemui.statusbar.ServiceMonitor.startService(ServiceMonitor.java:230)
06-11 16:31:18.843  1601  1601 W StatusBar: 	at com.android.systemui.statusbar.ServiceMonitor.access$000(ServiceMonitor.java:49)
06-11 16:31:18.843  1601  1601 W StatusBar: 	at com.android.systemui.statusbar.ServiceMonitor$1.handleMessage(ServiceMonitor.java:73)
06-11 16:31:18.843  1601  1601 W StatusBar: 	at android.os.Handler.dispatchMessage(Handler.java:102)
06-11 16:31:18.843  1601  1601 W StatusBar: 	at android.os.Looper.loop(Looper.java:154)
06-11 16:31:18.843  1601  1601 W StatusBar: 	at android.app.ActivityThread.main(ActivityThread.java:6121)
06-11 16:31:18.843  1601  1601 W StatusBar: 	at java.lang.reflect.Method.invoke(Native Method)
06-11 16:31:18.843  1601  1601 W StatusBar: 	at com.android.internal.os.ZygoteInit$MethodAndArgsCaller.run(ZygoteInit.java:889)
06-11 16:31:18.843  1601  1601 W StatusBar: 	at com.android.internal.os.ZygoteInit.main(ZygoteInit.java:779)
06-11 16:31:18.843  1601  1601 W StatusBar: isKeyguardSecure() called before startKeyguard(), returning false
06-11 16:31:18.843  1601  1601 W StatusBar: java.lang.Throwable
06-11 16:31:18.843  1601  1601 W StatusBar: 	at com.android.systemui.statusbar.BaseStatusBar.isKeyguardSecure(BaseStatusBar.java:2841)
06-11 16:31:18.843  1601  1601 W StatusBar: 	at com.android.systemui.statusbar.BaseStatusBar.isSecureKeyguardLock(BaseStatusBar.java:2857)
06-11 16:31:18.843  1601  1601 W StatusBar: 	at com.android.systemui.statusbar.phone.QSTileHost.isSecureKeyguardLock(QSTileHost.java:573)
06-11 16:31:18.843  1601  1601 W StatusBar: 	at com.android.systemui.qs.tiles.SoundModeTile.shouldBeHidden(SoundModeTile.java:176)
06-11 16:31:18.843  1601  1601 W StatusBar: 	at com.android.systemui.qs.customize.TileQueryHelper.addSystemTiles(TileQueryHelper.java:105)
06-11 16:31:18.843  1601  1601 W StatusBar: 	at com.android.systemui.qs.customize.TileQueryHelper.<init>(TileQueryHelper.java:77)
06-11 16:31:18.843  1601  1601 W StatusBar: 	at com.android.systemui.qs.customize.QSCustomizer.setupContent(QSCustomizer.java:311)
06-11 16:31:18.843  1601  1601 W StatusBar: 	at com.android.systemui.qs.customize.QSCustomizer.setHost(QSCustomizer.java:139)
06-11 16:31:18.843  1601  1601 W StatusBar: 	at com.android.systemui.qs.QSPanel.setHost(QSPanel.java:193)
06-11 16:31:18.843  1601  1601 W StatusBar: 	at com.android.systemui.qs.QSContainer.setHost(QSContainer.java:90)
06-11 16:31:18.843  1601  1601 W StatusBar: 	at com.android.systemui.statusbar.phone.PhoneStatusBar$16.onInflated(PhoneStatusBar.java:1236)
06-11 16:31:18.843  1601  1601 W StatusBar: 	at com.android.systemui.AutoReinflateContainer.addInflateListener(AutoReinflateContainer.java:86)
06-11 16:31:18.843  1601  1601 W StatusBar: 	at com.android.systemui.statusbar.phone.PhoneStatusBar.makeStatusBarView(PhoneStatusBar.java:1232)
06-11 16:31:18.843  1601  1601 W StatusBar: 	at com.android.systemui.statusbar.phone.PhoneStatusBar.addStatusBarWindow(PhoneStatusBar.java:4004)
