06-11 16:31:24.347   751   751 D Telecom : [TELECOM][AsusTelecomReceiver]: changeRespondSmsMsg() respond_modified_i , modified =0
06-11 16:31:24.348  1897  1910 D TelephonyProvider: query: url=content://telephony/siminfo, projectionIn=null, selection=nullselectionArgs=null, sort=null
06-11 16:31:24.348  1897  1910 D TelephonyProvider: query(): match = 7
06-11 16:31:24.349  2182  2222 I ContactsDatabaseHelper: Bootstrapping database version: 1112
06-11 16:31:24.350  1897  1897 D TelephonyProvider: query: url=content://telephony/siminfo, projectionIn=null, selection=sim_id=?selectionArgs=[Ljava.lang.String;@7389297, sort=null
06-11 16:31:24.351   751   821 D BluetoothManagerService: Message: 20
06-11 16:31:24.351   751   821 D BluetoothManagerService: Added callback: android.bluetooth.IBluetoothManagerCallback$Stub$Proxy@d33ad06:true
06-11 16:31:24.355  1897  1897 D TelephonyProvider: query(): match = 7
06-11 16:31:24.357  1897  1910 D [TELESERVICE][AsusPhoneUtils]: isVerizon(): ret = false
06-11 16:31:24.361  1897  1910 D [TELESERVICE][AsusPhoneUtils]: isVerizon(): ret = false
06-11 16:31:24.363  1897  1910 D MccTable: defaultLanguageForMcc(0): no country for mcc
06-11 16:31:24.363  1897  1910 D MccTable: getLocaleFromMcc(null, , 0
06-11 16:31:24.363  1897  1910 D MccTable: getLocaleForLanguageCountry: skipping no language
06-11 16:31:24.363  1897  1910 D PhoneInterfaceManager: [PhoneIntfMgr] No locale found - returning null
06-11 16:31:24.367  2562  2562 V Monotype: SetAppTypeFace- try to flip, app = com.google.android.tts
06-11 16:31:24.369   751   751 D Telecom : [TELECOM][AsusTelecomReceiver]: changeRespondSmsMsg() respond_modified_i , modified =0
06-11 16:31:24.371  2232  2237 I art     : Do partial code cache collection, code=18KB, data=31KB
06-11 16:31:24.371  2232  2237 I art     : After code cache collection, code=15KB, data=29KB
06-11 16:31:24.371  2232  2237 I art     : Increasing code cache capacity to 128KB
06-11 16:31:24.381   751   997 I InputDispatcher: Dropping event because there is no touchable window at (177, 1075).
06-11 16:31:24.393  2562  2562 V Monotype:     Typeface getFontPathFlipFont - systemFont = default#default
06-11 16:31:24.413  2562  2562 I TTS.PattsJniLoader: Loading library tts_android
06-11 16:31:24.428  2487  2581 I OpenGLRenderer: Initialized EGL, version 1.4
06-11 16:31:24.429  2487  2581 D OpenGLRenderer: Swap behavior 1
06-11 16:31:24.429  2487  2581 W OpenGLRenderer: Failed to choose config with EGL_SWAP_BEHAVIOR_PRESERVED, retrying without...
06-11 16:31:24.429  2487  2581 D OpenGLRenderer: Swap behavior 0
06-11 16:31:24.443  1601  1601 D PhoneStatusBar: disable: < EXPAND icons ALERTS system_info BACK* HOME RECENT CLOCK SEARCH quick_settings >
06-11 16:31:24.448  1897  1897 D TelephonyProvider: query: url=content://telephony/siminfo, projectionIn=null, selection=sim_id>=0selectionArgs=null, sort=null
06-11 16:31:24.452  1897  1897 D TelephonyProvider: query(): match = 7
06-11 16:31:24.462  1897  1897 D [TELESERVICE][AsusPhoneUtils]: isVerizon(): ret = false
06-11 16:31:24.474  1965  2559 W native  : commandlineflags.cc:930 Ignoring RegisterValidateFunction() for flag pointer 0xd19e0974: no flag found at that address
06-11 16:31:24.486  1897  1897 D [TELESERVICE][AsusPhoneUtils]: isVerizon(): ret = false
06-11 16:31:24.514   751   814 I ActivityManager: Start proc 2593:com.android.printspooler/u0a66 for service com.android.printspooler/.model.PrintSpoolerService duration: 7
06-11 16:31:24.510  2593  2593 I main    : type=1400 audit(0.0:863): avc: denied { read } for name="u:object_r:userinit_prop:s0" dev="tmpfs" ino=462 scontext=u:r:untrusted_app:s0:c512,c768 tcontext=u:object_r:userinit_prop:s0 tclass=file permissive=1
06-11 16:31:24.510  2593  2593 I main    : type=1400 audit(0.0:864): avc: denied { read } for name="u:object_r:adbsecure_prop:s0" dev="tmpfs" ino=463 scontext=u:r:untrusted_app:s0:c512,c768 tcontext=u:object_r:adbsecure_prop:s0 tclass=file permissive=1
06-11 16:31:24.510  2593  2593 I main    : type=1400 audit(0.0:865): avc: denied { read } for name="u:object_r:recovery_prop:s0" dev="tmpfs" ino=464 scontext=u:r:untrusted_app:s0:c512,c768 tcontext=u:object_r:recovery_prop:s0 tclass=file permissive=1
06-11 16:31:24.562  2593  2593 V Monotype: SetAppTypeFace- try to flip, app = com.android.printspooler
06-11 16:31:24.564  2593  2593 V Monotype:     Typeface getFontPathFlipFont - systemFont = default#default
06-11 16:31:24.619  1897  1897 D TelephonyProvider: Setting numeric '25020' to be the current operator
06-11 16:31:24.626  1601  1831 D NetworkController: onReceive: intent=Intent { act=android.intent.action.ACTION_DEFAULT_DATA_SUBSCRIPTION_CHANGED flg=0x20000010 (has extras) }
06-11 16:31:24.627   751   751 I GnssLocationProvider: WakeLock acquired by sendMessage(12, 0, null)
06-11 16:31:24.628  1897  2045 D TelephonyProvider: query: url=content://telephony/siminfo, projectionIn=null, selection=sim_id>=0selectionArgs=null, sort=null
06-11 16:31:24.628  1897  2045 D TelephonyProvider: query(): match = 7
06-11 16:31:24.631  1897  1897 D MccTable: updateMccMncConfiguration mccmnc='25020' fromServiceState=false
06-11 16:31:24.631  1897  1897 D MccTable: updateMccMncConfiguration defaultMccMnc=25020
06-11 16:31:24.631  1897  1897 D MccTable: updateMccMncConfiguration: mcc=250, mnc=20
06-11 16:31:24.632  1897  2045 D [TELESERVICE][AsusPhoneUtils]: isVerizon(): ret = false
06-11 16:31:24.634  1897  1897 D MccTable: updateMccMncConfiguration updateConfig config={0 1.0 250mcc20mnc ?localeList ?layoutDir ?swdp ?wdp ?hdp ?density ?lsize ?long ?orien ?uimode ?night ?touch ?keyb/?/? ?nav/?}
06-11 16:31:24.636  1601  1601 D KeyguardUpdateMonitor: onSubscriptionsChanged()
06-11 16:31:24.637  1897  2045 D [TELESERVICE][AsusPhoneUtils]: isVerizon(): ret = false
06-11 16:31:24.638  1897  1911 D TelephonyProvider: query: url=content://telephony/siminfo, projectionIn=null, selection=sim_id>=0selectionArgs=null, sort=null
06-11 16:31:24.639  1897  1911 D TelephonyProvider: query(): match = 7
06-11 16:31:24.642   751   824 D BrightnessConfig: phone listen
06-11 16:31:24.652  1601  1601 V KeyguardUpdateMonitor: handleSimSubscriptionInfoChanged() Pending: false
06-11 16:31:24.657  1897  1911 D [TELESERVICE][AsusPhoneUtils]: isVerizon(): ret = false
06-11 16:31:24.690  2562  2562 W native  : commandlineflags.cc:980 Ignoring RegisterValidateFunction() for flag pointer 0xd5fff764: no flag found at that address
06-11 16:31:24.690   751   814 I libgps  : Save: type=1, hostname=supl.google.com, port=7275, ssl=0, ssl_cert=0
06-11 16:31:24.691   751  2519 I libgps  : [proxy_gps_acquire_wakelock_cb][line = 1441]: acquire_wakelock 1
06-11 16:31:24.691   751  2519 I libgps  : [proxy_gps_release_wakelock_cb][line = 1452]: release_wakelock 0
06-11 16:31:24.691   751  2519 I libgps  : [proxy_gps_acquire_wakelock_cb][line = 1441]: acquire_wakelock 1
06-11 16:31:24.691   751  2519 I libgps  : [proxy_gps_release_wakelock_cb][line = 1452]: release_wakelock 0
06-11 16:31:24.696  1897  1911 D [TELESERVICE][AsusPhoneUtils]: isVerizon(): ret = false
06-11 16:31:24.702   751   814 D GnssLocationProvider: GPS configuration:
06-11 16:31:24.702   751   814 D GnssLocationProvider:  #Tue Jun 11 16:31:24 GMT+02:00 2019
06-11 16:31:24.702   751   814 D GnssLocationProvider: SUPL_VER=0x20000
06-11 16:31:24.702   751   814 D GnssLocationProvider: SUPL_PORT=7275
06-11 16:31:24.702   751   814 D GnssLocationProvider: XTRA_SERVER_2=http\://gllto2.glpals.com/4day/v4/latest/lto2.dat
06-11 16:31:24.702   751   814 D GnssLocationProvider: XTRA_SERVER_1=http\://gllto1.glpals.com/4day/v4/latest/lto2.dat
06-11 16:31:24.702   751   814 D GnssLocationProvider: SUPL_HOST=supl.google.com
06-11 16:31:24.702   751   814 D GnssLocationProvider: SUPL_MODE=1
06-11 16:31:24.702   751   814 D GnssLocationProvider: NTP_SERVER=pool.ntp.org
06-11 16:31:24.703   751  2519 I libgps  : [proxy_gps_acquire_wakelock_cb][line = 1441]: acquire_wakelock 1
06-11 16:31:24.703   751  2519 I libgps  : [proxy_gps_release_wakelock_cb][line = 1452]: release_wakelock 0
06-11 16:31:24.709  1601  1831 D NetworkController: hasCorrectMobileControllers 2!=0
06-11 16:31:24.714  1601  1831 V ReflectionMethods: ========ReflectionMethods.isGetVZWLevelSupport = false ========
06-11 16:31:24.717  1897  1910 D TelephonyProvider: query: url=content://telephony/siminfo, projectionIn=null, selection=sim_id>=0selectionArgs=null, sort=null
06-11 16:31:24.719  1897  1910 D TelephonyProvider: query(): match = 7
06-11 16:31:24.722   751   751 I GnssLocationProvider: WakeLock acquired by sendMessage(12, 0, null)
06-11 16:31:24.725  1897  2045 D PhoneInterfaceManager: isWifiCallingAvailable: sub Id : 1
06-11 16:31:24.726  1897  1910 D [TELESERVICE][AsusPhoneUtils]: isVerizon(): ret = false
06-11 16:31:24.726  1601  1831 D NetworkController.MobileSignalController(1): isWifiCallingAvailable=false
06-11 16:31:24.730  1897  1897 D TelephonyProvider: query: url=content://telephony/siminfo, projectionIn=null, selection=sim_id>=0selectionArgs=null, sort=null
06-11 16:31:24.731  1897  1897 D TelephonyProvider: query(): match = 7
06-11 16:31:24.738  1897  1897 D [TELESERVICE][AsusPhoneUtils]: isVerizon(): ret = false
06-11 16:31:24.740  1897  1911 D PhoneInterfaceManager: isVolteAvailable: sub Id : 1
06-11 16:31:24.741  1601  1831 V ReflectionMethods: ========ReflectionMethods.getVolteAvailable = false ===============
06-11 16:31:24.742  1897  1897 D [TELESERVICE][AsusPhoneUtils]: isVerizon(): ret = false
06-11 16:31:24.742  1897  2493 D PhoneInterfaceManager: isVideoTelephonyAvailable: sub Id : 1
06-11 16:31:24.742  1601  1831 V ReflectionMethods: ========ReflectionMethods.getVideoTelephonyAvailable = false ===============
06-11 16:31:24.743  1601  1831 D NetworkController.MobileSignalController(1): Change in state from: Empty MobileState
06-11 16:31:24.743  1601  1831 D NetworkController.MobileSignalController(1): 	to: Empty MobileState
06-11 16:31:24.743  1601  1831 D NetworkController.MobileSignalController(1): SubscriptionInfo.getSimSlotIndex(): 0
06-11 16:31:24.743  1601  1831 D NetworkController.MobileSignalController(1): SubscriptionInfo.getSimSlotIndex(): 0
06-11 16:31:24.747  1897  1910 D [TELESERVICE][AsusPhoneUtils]: isVerizon(): ret = false
06-11 16:31:24.749  1601  1601 V KeyguardUpdateMonitor: SubInfo:{id=1, iccId=897012062[_gzjFLFKLEHZctIktj7ODYgfric] simSlotIndex=0 displayName=Tele2 carrierName= nameSource=0 iconTint=-16746133 dataRoaming=0 iconBitmap=android.graphics.Bitmap@7e6d7cc mcc 250 mnc 20}
06-11 16:31:24.749  1601  1601 V KeyguardUpdateMonitor: SubInfo:{id=2, iccId=897019915[Ynu1lXGj2si0WFLDKWoaGECsO9I] simSlotIndex=1 displayName=Beeline carrierName= nameSource=0 iconTint=-13408298 dataRoaming=0 iconBitmap=android.graphics.Bitmap@6d23a15 mcc 0 mnc 0}
06-11 16:31:24.754  1601  1831 V ReflectionMethods: ========ReflectionMethods.isGetVZWLevelSupport = false ========
06-11 16:31:24.763  1601  1831 D NetworkController.MobileSignalController(1): SubscriptionInfo.getSimSlotIndex(): 0
06-11 16:31:24.763  1601  1831 D NetworkController.MobileSignalController(1): SubscriptionInfo.getSimSlotIndex(): 0
06-11 16:31:24.763  1601  1831 D NetworkController.MobileSignalController(2): SubscriptionInfo.getSimSlotIndex(): 1
06-11 16:31:24.763  1601  1831 D NetworkController.MobileSignalController(2): SubscriptionInfo.getSimSlotIndex(): 1
06-11 16:31:24.763  1601  1831 W ResourceType: No package identifier when getting value for resource number 0x00000000
06-11 16:31:24.765   751  2519 I libgps  : [proxy_gps_acquire_wakelock_cb][line = 1441]: acquire_wakelock 1
06-11 16:31:24.765   751  2519 I libgps  : [proxy_gps_release_wakelock_cb][line = 1452]: release_wakelock 0
06-11 16:31:24.765   751   814 I libgps  : Save: type=1, hostname=supl.google.com, port=7275, ssl=0, ssl_cert=0
06-11 16:31:24.765   751   814 D GnssLocationProvider: GPS configuration:
06-11 16:31:24.765   751   814 D GnssLocationProvider:  #Tue Jun 11 16:31:24 GMT+02:00 2019
06-11 16:31:24.765   751   814 D GnssLocationProvider: SUPL_VER=0x20000
06-11 16:31:24.765   751   814 D GnssLocationProvider: SUPL_PORT=7275
06-11 16:31:24.765   751   814 D GnssLocationProvider: XTRA_SERVER_2=http\://gllto2.glpals.com/4day/v4/latest/lto2.dat
06-11 16:31:24.765   751   814 D GnssLocationProvider: XTRA_SERVER_1=http\://gllto1.glpals.com/4day/v4/latest/lto2.dat
06-11 16:31:24.765   751   814 D GnssLocationProvider: SUPL_HOST=supl.google.com
06-11 16:31:24.765   751   814 D GnssLocationProvider: SUPL_MODE=1
06-11 16:31:24.765   751   814 D GnssLocationProvider: NTP_SERVER=pool.ntp.org
06-11 16:31:24.766   751   814 I GnssLocationProvider: WakeLock released by handleMessage(12, 0, null)
06-11 16:31:24.767   751  2519 I libgps  : [proxy_gps_acquire_wakelock_cb][line = 1441]: acquire_wakelock 1
06-11 16:31:24.767   751  2519 I libgps  : [proxy_gps_release_wakelock_cb][line = 1452]: release_wakelock 0
06-11 16:31:24.767   751  2519 I libgps  : [proxy_gps_acquire_wakelock_cb][line = 1441]: acquire_wakelock 1
06-11 16:31:24.767   751  2519 I libgps  : [proxy_gps_release_wakelock_cb][line = 1452]: release_wakelock 0
06-11 16:31:24.768  1897  1910 D PhoneInterfaceManager: isWifiCallingAvailable: sub Id : 1
06-11 16:31:24.768  1601  1831 D NetworkController.MobileSignalController(1): isWifiCallingAvailable=false
06-11 16:31:24.773  1897  2612 D PhoneInterfaceManager: isVolteAvailable: sub Id : 1
06-11 16:31:24.773  1601  1831 V ReflectionMethods: ========ReflectionMethods.getVolteAvailable = false ===============
06-11 16:31:24.776  1897  2045 D PhoneInterfaceManager: isVideoTelephonyAvailable: sub Id : 1
06-11 16:31:24.776  1601  1831 V ReflectionMethods: ========ReflectionMethods.getVideoTelephonyAvailable = false ===============
06-11 16:31:24.777  1601  1831 D NetworkController.MobileSignalController(1): Change in state from: connected=false,enabled=true,level=0,inetCondition=0,iconGroup=IconGroup(G),activityIn=false,activityOut=false,rssi=0,lastModified=06-11 04:31:24,dataSim=true,networkName=,networkNameData=,dataConnected=false,isDefault=false,isEmergency=false,airplaneMode=false,carrierNetworkChangeMode=false,userSetup=false,isRoaming=false
06-11 16:31:24.777  1601  1831 D NetworkController.MobileSignalController(1): 	to: connected=false,enabled=true,level=0,inetCondition=1,iconGroup=IconGroup(G),activityIn=false,activityOut=false,rssi=0,lastModified=06-11 04:31:24,dataSim=true,networkName=,networkNameData=,dataConnected=false,isDefault=false,isEmergency=false,airplaneMode=false,carrierNetworkChangeMode=false,userSetup=false,isRoaming=false
06-11 16:31:24.777  1601  1831 D NetworkController.MobileSignalController(1): SubscriptionInfo.getSimSlotIndex(): 0
06-11 16:31:24.777  1601  1831 D NetworkController.MobileSignalController(1): SubscriptionInfo.getSimSlotIndex(): 0
06-11 16:31:24.777  1601  1831 D NetworkController.MobileSignalController(2): Change in state from: Empty MobileState
06-11 16:31:24.777  1601  1831 D NetworkController.MobileSignalController(2): 	to: Empty MobileState
06-11 16:31:24.777  1601  1831 D NetworkController.MobileSignalController(2): SubscriptionInfo.getSimSlotIndex(): 1
06-11 16:31:24.777  1601  1831 D NetworkController.MobileSignalController(2): SubscriptionInfo.getSimSlotIndex(): 1
06-11 16:31:24.782  2562  2562 I TTS.Analytics: Running on TYPE_PHONE
06-11 16:31:24.784  1601  1831 D NetworkController: airplaneMode(true): false
06-11 16:31:24.787  1897  1911 D PhoneInterfaceManager: isWifiCallingAvailable: sub Id : 1
06-11 16:31:24.788  1601  1831 D NetworkController.MobileSignalController(1): isWifiCallingAvailable=false
06-11 16:31:24.789  1897  1910 D PhoneInterfaceManager: isVolteAvailable: sub Id : 1
06-11 16:31:24.789  1601  1831 V ReflectionMethods: ========ReflectionMethods.getVolteAvailable = false ===============
06-11 16:31:24.790  1897  2612 D PhoneInterfaceManager: isVideoTelephonyAvailable: sub Id : 1
06-11 16:31:24.791  1601  1831 V ReflectionMethods: ========ReflectionMethods.getVideoTelephonyAvailable = false ===============
06-11 16:31:24.791  1897  2493 D TelephonyProvider: query: url=content://telephony/siminfo, projectionIn=null, selection=sim_id>=0selectionArgs=null, sort=null
06-11 16:31:24.792  1897  2493 D TelephonyProvider: query(): match = 7
06-11 16:31:24.794   751   751 I GnssLocationProvider: WakeLock acquired by sendMessage(12, 0, null)
06-11 16:31:24.797  1897  2493 D [TELESERVICE][AsusPhoneUtils]: isVerizon(): ret = false
06-11 16:31:24.798  2562  2562 W PrimesInit: Primes instant initialization
06-11 16:31:24.799   305   715 D         : (NVM_2) ReadAndParseModemData - Last Thread Read Returns = 16
06-11 16:31:24.799   305   715 D         : (NVM_2) ReadAndMatchHighPrtResponse - Total Responce read = 16------Total len = 180
06-11 16:31:24.799   305   715 D         : (NVM_2) ReadAndMatchHighPrtResponse - -------Modem Ack response----- = +XDRVI: 43,3,0
06-11 16:31:24.799   305   715 D         : 
06-11 16:31:24.799   305   715 D         : (NVM_2) NVMBinDataThread - NVM Data will be received from Modem
06-11 16:31:24.799   305   715 D         : (NVM_2) SendATCmd - 
06-11 16:31:24.799   305   715 D         : ==============================================================================================
06-11 16:31:24.799   305   715 D         : (NVM_2) SendUpdateReqAckCmd - <CMD_UPDATE_REQ_ACK> Command sent => at+xdrv=43,3
06-11 16:31:24.799   305   715 D         : 
06-11 16:31:24.800  1897  2493 D [TELESERVICE][AsusPhoneUtils]: isVerizon(): ret = false
06-11 16:31:24.806  2562  2625 W Primes  : background initialization
06-11 16:31:24.806   305   715 D         : (NVM_2) ReadAndParseModemData - Last Read Returns = 23
06-11 16:31:24.806   305   715 D         : (NVM_2) ReadModemATResponse - Total Responce read = 25------Total len = 25
06-11 16:31:24.806   305   715 D         : (NVM_2) ReadModemATResponse - Modem AT response => 
06-11 16:31:24.806   305   715 D         : 
06-11 16:31:24.806   305   715 D         : +XDRV: 43,3,0,0
06-11 16:31:24.806   305   715 D         : 
06-11 16:31:24.806   305   715 D         : OK
06-11 16:31:24.806   305   715 D         : (NVM_2) CheckRecvErr - XDRV command [Success].
06-11 16:31:24.806   305   715 D         : (NVM_2) ReadAndParseModemData - Last Read Returns = 72
06-11 16:31:24.806   305   715 D         : (NVM_2) NvmReadBuffer - Total Responce read = 72-----Total len = 72
06-11 16:31:24.806   305   715 D         : (NVM_2) NvmReadBuffer - Total Responce read = 1180-----Total len = 1180
06-11 16:31:24.806   305   715 D         : (NVM_2) NvmFileWrite -  Offset-Value 0000443c Data-Lengh 00000048 
06-11 16:31:24.806   305   715 D         : (NVM_2) NvmFileWrite - Updating calibration data
06-11 16:31:24.806   305   715 D         : (NVM_2) NvmFileWrite -  Offset-Value 00004484 Data-Lengh 0000044c 
06-11 16:31:24.806   305   715 D         : (NVM_2) NvmFileWrite - Updating calibration data
06-11 16:31:24.806   305   715 D         : (NVM_2) SendATCmd - 
06-11 16:31:24.806   305   715 D         : ==============================================================================================
06-11 16:31:24.806   305   715 D         : (NVM_2) SendUpdateAckCmd - <CMD_UPDATE_ACK> Command sent => at+xdrv=43,4
06-11 16:31:24.806   305   715 D         : 
06-11 16:31:24.813   305   715 D         : (NVM_2) ReadAndParseModemData - Last Read Returns = 23
06-11 16:31:24.813   305   715 D         : (NVM_2) ReadModemATResponse - Total Responce read = 25------Total len = 25
06-11 16:31:24.813   305   715 D         : (NVM_2) ReadModemATResponse - Modem AT response => 
06-11 16:31:24.813   305   715 D         : 
06-11 16:31:24.813   305   715 D         : +XDRV: 43,4,0,0
06-11 16:31:24.813   305   715 D         : 
06-11 16:31:24.813   305   715 D         : OK
06-11 16:31:24.822  1601  1601 D KeyguardUpdateMonitor: refreshSimState SimData(1, 0, READY) changed: true
06-11 16:31:24.842  1601  1601 D KeyguardUpdateMonitor: refreshSimState SimData(2, 1, READY) changed: true
06-11 16:31:24.842  1601  1601 D keyguard: AsusSIMManager:onSimStateChanged(subId=1, slotId=0, state=READY)
06-11 16:31:24.842  1601  1601 D keyguard: AsusSIMManager:onSimStateChanged SimActive[true, true]
06-11 16:31:24.842  1601  1601 D keyguard: AsusSIMManager:handleSelectedSimSlot() READY
06-11 16:31:24.842  1601  1601 D keyguard: AsusSIMManager:updateIsIgnoreSimPicker() READY
06-11 16:31:24.842  1601  1601 D keyguard: AsusSIMManager:showSIMMessage isRilRestarting:false airplaneModeOn:false isSIMSetUp:true slotId:0 isSIMActive:true bHasSimCard:false mDetectedSIM:true simState:READY
06-11 16:31:24.842  1601  1601 I keyguard: WakeLockUtils:acquireForSIM
06-11 16:31:24.843  1601  1601 D KeyguardViewMediator: onSimStateChanged(subId=1, slotId=0,state=READY)
06-11 16:31:24.844  1601  1601 D keyguard: AsusSIMManager:onSimStateChanged(subId=2, slotId=1, state=READY)
06-11 16:31:24.845  1601  1601 D keyguard: AsusSIMManager:onSimStateChanged SimActive[true, true]
06-11 16:31:24.845  1601  1601 D keyguard: AsusSIMManager:handleSelectedSimSlot() READY
06-11 16:31:24.845  1601  1601 D keyguard: AsusSIMManager:updateIsIgnoreSimPicker() READY
06-11 16:31:24.845  1601  1601 D keyguard: AsusSIMManager:showSIMMessage isRilRestarting:false airplaneModeOn:false isSIMSetUp:true slotId:1 isSIMActive:true bHasSimCard:false mDetectedSIM:true simState:READY
06-11 16:31:24.845  1601  1601 I keyguard: WakeLockUtils:acquireForSIM
06-11 16:31:24.846  1965  2498 W ChimeraUtils: Non Chimera context
06-11 16:31:24.851  1601  1601 D KeyguardViewMediator: onSimStateChanged(subId=2, slotId=1,state=READY)
06-11 16:31:24.857  1601  1601 D CarrierText: Handling (subId=1): READY 
06-11 16:31:24.858  1601  1601 D CarrierText: Handling (subId=2): READY 
06-11 16:31:24.858  1601  1601 D CarrierText: displayText--Emergency calls only
06-11 16:31:24.858  1601  1601 D CarrierText: Handling (subId=1): READY 
06-11 16:31:24.858  1601  1601 D CarrierText: Handling (subId=2): READY 
06-11 16:31:24.858  1601  1601 D CarrierText: displayText--Emergency calls only
06-11 16:31:24.861   751   751 I GnssLocationProvider: WakeLock acquired by sendMessage(12, 0, null)
06-11 16:31:24.864  1601  1831 D NetworkController: Found emergency NetworkController.MobileSignalController(1)
06-11 16:31:24.864  1601  1831 D NetworkController: onReceive: intent=Intent { act=android.intent.action.ACTION_SUBINFO_RECORD_UPDATED flg=0x10 }
06-11 16:31:24.864  1601  1831 D NetworkController.MobileSignalController(1): SubscriptionInfo.getSimSlotIndex(): 0
06-11 16:31:24.864  1601  1831 D NetworkController.MobileSignalController(1): SubscriptionInfo.getSimSlotIndex(): 0
06-11 16:31:24.864  1601  1831 D NetworkController.MobileSignalController(2): SubscriptionInfo.getSimSlotIndex(): 1
06-11 16:31:24.864  1601  1831 D NetworkController.MobileSignalController(2): SubscriptionInfo.getSimSlotIndex(): 1
06-11 16:31:24.880  1897  1897 D TelephonyProvider: query: url=content://telephony/siminfo, projectionIn=null, selection=sim_id>=0selectionArgs=null, sort=null
06-11 16:31:24.882  1897  1897 D TelephonyProvider: query(): match = 7
06-11 16:31:24.887  1601  1601 D KeyguardUpdateMonitor: onSubscriptionsChanged()
06-11 16:31:24.890  1897  2045 D TelephonyProvider: query: url=content://telephony/siminfo, projectionIn=null, selection=sim_id>=0selectionArgs=null, sort=null
06-11 16:31:24.890  1897  1897 D [TELESERVICE][AsusPhoneUtils]: isVerizon(): ret = false
06-11 16:31:24.894  1601  1601 E SignalClusterView: Unexpected subscription 1
06-11 16:31:24.894  1601  1601 E SignalClusterView: Unexpected subscription 1
06-11 16:31:24.929  1897  2045 D TelephonyProvider: query(): match = 7
06-11 16:31:24.931  1897  1897 D [TELESERVICE][AsusPhoneUtils]: isVerizon(): ret = false
06-11 16:31:24.940  1601  1601 D SignalClusterView: vpn: GONE
06-11 16:31:24.940  2562  2625 I PrimesTesting: GserviceFlagsSupplier.get()
06-11 16:31:24.940  1601  1601 D SignalClusterView: ethernet: GONE sig=0 inout=0
06-11 16:31:24.940  1601  1601 D SignalClusterView: wifi: GONE sig=2130838971 inout=2130838942
06-11 16:31:24.940  1601  1601 D SignalClusterView: wigig: GONE sig=2130838977 inout=2130838942
06-11 16:31:24.941  1601  1601 D SignalClusterView: mobile: GONE sig=0 typ=0 inout=0c
06-11 16:31:24.944  1601  1601 D SignalClusterView: mobile: GONE sig=0 typ=0 inout=0c
06-11 16:31:24.945  1601  1601 D SignalClusterView: vpn: GONE
06-11 16:31:24.945  1601  1601 D SignalClusterView: ethernet: GONE sig=0 inout=0
06-11 16:31:24.945  1601  1601 D SignalClusterView: wifi: GONE sig=2130838971 inout=2130838942
06-11 16:31:24.945  1601  1601 D SignalClusterView: wigig: GONE sig=2130838977 inout=2130838942
06-11 16:31:24.945  1601  1601 D SignalClusterView: mobile: GONE sig=0 typ=0 inout=0c
06-11 16:31:24.952  1601  1601 D SignalClusterView: mobile: GONE sig=0 typ=0 inout=0c
06-11 16:31:24.952  1601  1601 D SignalClusterView: setNoSims=false
06-11 16:31:24.952  1601  1601 D SignalClusterView: vpn: GONE
06-11 16:31:24.952  1601  1601 D SignalClusterView: ethernet: GONE sig=0 inout=0
06-11 16:31:24.952  1601  1601 D SignalClusterView: wifi: GONE sig=2130838971 inout=2130838942
06-11 16:31:24.952  1601  1601 D SignalClusterView: wigig: GONE sig=2130838977 inout=2130838942
06-11 16:31:24.953  1601  1601 D SignalClusterView: mobile: GONE sig=0 typ=0 inout=0c
06-11 16:31:24.954  1601  1601 D SignalClusterView: mobile: GONE sig=0 typ=0 inout=0c
06-11 16:31:24.957  1601  1601 D SignalClusterView: setNoSims=false
06-11 16:31:24.957  1601  1601 D SignalClusterView: vpn: GONE
06-11 16:31:24.958  1601  1601 D SignalClusterView: ethernet: GONE sig=0 inout=0
06-11 16:31:24.958  1601  1601 D SignalClusterView: wifi: GONE sig=2130838971 inout=2130838942
06-11 16:31:24.958  1601  1601 D SignalClusterView: wigig: GONE sig=2130838977 inout=2130838942
06-11 16:31:24.959  1601  1601 D SignalClusterView: mobile: GONE sig=0 typ=0 inout=0c
06-11 16:31:24.960  1601  1601 D SignalClusterView: mobile: GONE sig=0 typ=0 inout=0c
06-11 16:31:24.961  1601  1601 D SignalClusterView: vpn: GONE
06-11 16:31:24.961  1601  1601 D SignalClusterView: ethernet: GONE sig=0 inout=0
06-11 16:31:24.961  1601  1601 D SignalClusterView: wifi: GONE sig=2130838971 inout=2130838942
06-11 16:31:24.962  1601  1601 D SignalClusterView: wigig: GONE sig=2130838977 inout=2130838942
06-11 16:31:24.963  1601  1601 D SignalClusterView: mobile: VISIBLE sig=2130838943 typ=0 inout=0c
06-11 16:31:24.964  1601  1601 D SignalClusterView: mobile: GONE sig=0 typ=0 inout=0c
06-11 16:31:24.965  1601  1601 D SignalClusterView: vpn: GONE
06-11 16:31:24.965  1601  1601 D SignalClusterView: ethernet: GONE sig=0 inout=0
06-11 16:31:24.965  1601  1601 D SignalClusterView: wifi: GONE sig=2130838971 inout=2130838942
06-11 16:31:24.965  1601  1601 D SignalClusterView: wigig: GONE sig=2130838977 inout=2130838942
06-11 16:31:24.966  1601  1601 D SignalClusterView: mobile: VISIBLE sig=2130838943 typ=0 inout=0c
06-11 16:31:24.967  1601  1601 D SignalClusterView: mobile: GONE sig=0 typ=0 inout=0c
06-11 16:31:24.969  1601  1601 D SignalClusterView: vpn: GONE
06-11 16:31:24.969  1601  1601 D SignalClusterView: ethernet: GONE sig=0 inout=0
06-11 16:31:24.969  1601  1601 D SignalClusterView: wifi: GONE sig=2130838971 inout=2130838942
06-11 16:31:24.969  1601  1601 D SignalClusterView: wigig: GONE sig=2130838977 inout=2130838942
06-11 16:31:24.977  1601  1601 D SignalClusterView: mobile: VISIBLE sig=2130838943 typ=0 inout=0c
06-11 16:31:24.978  1601  1601 D SignalClusterView: mobile: VISIBLE sig=2130838943 typ=0 inout=0c
06-11 16:31:24.980  1601  1601 D SignalClusterView: vpn: GONE
06-11 16:31:24.980  1601  1601 D SignalClusterView: ethernet: GONE sig=0 inout=0
06-11 16:31:24.980  1601  1601 D SignalClusterView: wifi: GONE sig=2130838971 inout=2130838942
06-11 16:31:24.980  1601  1601 D SignalClusterView: wigig: GONE sig=2130838977 inout=2130838942
06-11 16:31:24.980  1601  1601 D SignalClusterView: mobile: VISIBLE sig=2130838943 typ=0 inout=0c
06-11 16:31:24.981  1601  1601 D SignalClusterView: mobile: VISIBLE sig=2130838943 typ=0 inout=0c
06-11 16:31:24.982  1601  1601 D SignalClusterView: vpn: GONE
06-11 16:31:24.982  1601  1601 D SignalClusterView: ethernet: GONE sig=0 inout=0
06-11 16:31:24.982  1601  1601 D SignalClusterView: wifi: GONE sig=2130838971 inout=2130838942
06-11 16:31:24.982  1601  1601 D SignalClusterView: wigig: GONE sig=2130838977 inout=2130838942
06-11 16:31:24.982  1601  1601 D SignalClusterView: mobile: VISIBLE sig=2130838943 typ=0 inout=0c
06-11 16:31:24.983  1601  1601 D SignalClusterView: mobile: VISIBLE sig=2130838943 typ=0 inout=0c
06-11 16:31:24.983  1601  1601 D SignalClusterView: vpn: GONE
06-11 16:31:24.983  1601  1601 D SignalClusterView: ethernet: GONE sig=0 inout=0
06-11 16:31:24.983  1601  1601 D SignalClusterView: wifi: GONE sig=2130838971 inout=2130838942
06-11 16:31:24.983  1601  1601 D SignalClusterView: wigig: GONE sig=2130838977 inout=2130838942
06-11 16:31:24.983  1601  1601 D SignalClusterView: mobile: VISIBLE sig=2130838943 typ=0 inout=0c
06-11 16:31:24.984  1601  1601 D SignalClusterView: mobile: VISIBLE sig=2130838943 typ=0 inout=0c
06-11 16:31:24.984  1601  1601 D SignalClusterView: vpn: GONE
06-11 16:31:24.984  1601  1601 D SignalClusterView: ethernet: GONE sig=0 inout=0
06-11 16:31:24.984  1601  1601 D SignalClusterView: wifi: GONE sig=2130838971 inout=2130838942
06-11 16:31:24.984  1601  1601 D SignalClusterView: wigig: GONE sig=2130838977 inout=2130838942
06-11 16:31:24.989   751   751 I GnssLocationProvider: WakeLock acquired by sendMessage(12, 0, null)
06-11 16:31:24.991  1601  1601 D SignalClusterView: mobile: VISIBLE sig=2130838943 typ=0 inout=0c
06-11 16:31:24.992  1601  1601 D SignalClusterView: mobile: VISIBLE sig=2130838943 typ=0 inout=0c
06-11 16:31:24.992  1601  1601 D SignalClusterView: vpn: GONE
06-11 16:31:24.992  1601  1601 D SignalClusterView: ethernet: GONE sig=0 inout=0
06-11 16:31:24.992  1601  1601 D SignalClusterView: wifi: GONE sig=2130838971 inout=2130838942
06-11 16:31:24.992  1601  1601 D SignalClusterView: wigig: GONE sig=2130838977 inout=2130838942
06-11 16:31:25.006  1897  2045 D [TELESERVICE][AsusPhoneUtils]: isVerizon(): ret = false
06-11 16:31:25.007  1601  1601 D SignalClusterView: mobile: VISIBLE sig=2130838943 typ=0 inout=0c
06-11 16:31:25.008  1601  1601 D SignalClusterView: mobile: VISIBLE sig=2130838943 typ=0 inout=0c
06-11 16:31:25.009  1601  1601 D SignalClusterView: vpn: GONE
06-11 16:31:25.009  1601  1601 D SignalClusterView: ethernet: GONE sig=0 inout=0
06-11 16:31:25.009  1601  1601 D SignalClusterView: wifi: GONE sig=2130838971 inout=2130838942
06-11 16:31:25.009  1601  1601 D SignalClusterView: wigig: GONE sig=2130838977 inout=2130838942
06-11 16:31:25.009  1897  1897 D CarrierConfigLoader: update config for phoneId: 1 simState: LOADED
06-11 16:31:25.009  1897  1897 D CarrierSvcBindHelper: update binding for phoneId: 1 simState: LOADED
06-11 16:31:25.011   751   751 D WifiService: resetting networks because SIM was loaded
06-11 16:31:25.011  1897  1897 D CarrierSvcBindHelper: No carrier app for: 0
06-11 16:31:25.011   751  1576 D WifiStateMachine:  InitialState CMD_RESET_SIM_NETWORKS  rt=195205/195205 1 0
06-11 16:31:25.011   751  1576 D WifiStateMachine:  DefaultState CMD_RESET_SIM_NETWORKS  rt=195205/195205 1 0
06-11 16:31:25.013  1601  1601 D SignalClusterView: mobile: VISIBLE sig=2130838943 typ=0 inout=0c
06-11 16:31:25.014  1601  1601 D SignalClusterView: mobile: VISIBLE sig=2130838943 typ=0 inout=0c
06-11 16:31:25.014  1601  1601 D SignalClusterView: vpn: GONE
06-11 16:31:25.014  1601  1601 D SignalClusterView: ethernet: GONE sig=0 inout=0
06-11 16:31:25.014  1601  1601 D SignalClusterView: wifi: GONE sig=2130838971 inout=2130838942
06-11 16:31:25.015  1601  1601 D SignalClusterView: wigig: GONE sig=2130838977 inout=2130838942
06-11 16:31:25.017  1601  1601 D SignalClusterView: mobile: VISIBLE sig=2130838943 typ=0 inout=0c
06-11 16:31:25.017  1897  1897 D CarrierSvcBindHelper: No carrier app for: 1
06-11 16:31:25.018  1897  1897 D [TELESERVICE][DefaultNetworkSettingsDialogActivity]: onDestroy
06-11 16:31:25.018  1897  1897 D Telephony: PstnPhoneCapabilitiesNotifier: handleVideoCapabilitesChanged. Video capability - false
06-11 16:31:25.019  1601  1601 D SignalClusterView: mobile: VISIBLE sig=2130838943 typ=0 inout=0c
06-11 16:31:25.022  1601  1601 D SignalClusterView: vpn: GONE
06-11 16:31:25.022  1601  1601 D SignalClusterView: ethernet: GONE sig=0 inout=0
06-11 16:31:25.023  1601  1601 D SignalClusterView: wifi: GONE sig=2130838971 inout=2130838942
06-11 16:31:25.023  1601  1601 D SignalClusterView: wigig: GONE sig=2130838977 inout=2130838942
06-11 16:31:25.023  1601  1601 D SignalClusterView: mobile: VISIBLE sig=2130838943 typ=0 inout=0c
06-11 16:31:25.024  1601  1601 D SignalClusterView: mobile: VISIBLE sig=2130838943 typ=0 inout=0c
06-11 16:31:25.026  1897  1897 D [TELESERVICE][AsusPhoneUtils]: isVerizon(): ret = false
06-11 16:31:25.028  1897  1897 D TelephonyProvider: query: url=content://telephony/siminfo, projectionIn=null, selection=sim_id>=0selectionArgs=null, sort=null
06-11 16:31:25.028  1897  1897 D TelephonyProvider: query(): match = 7
06-11 16:31:25.032  1897  1897 D [TELESERVICE][AsusPhoneUtils]: isVerizon(): ret = false
06-11 16:31:25.033  1601  1601 D SignalClusterView: vpn: GONE
06-11 16:31:25.033  1601  1601 D SignalClusterView: ethernet: GONE sig=0 inout=0
06-11 16:31:25.033  1601  1601 D SignalClusterView: wifi: GONE sig=2130838971 inout=2130838942
06-11 16:31:25.033  1601  1601 D SignalClusterView: wigig: GONE sig=2130838977 inout=2130838942
06-11 16:31:25.034  1601  1601 D SignalClusterView: mobile: VISIBLE sig=2130838943 typ=0 inout=0c
06-11 16:31:25.034  1601  1601 D SignalClusterView: mobile: VISIBLE sig=2130838943 typ=0 inout=0c
06-11 16:31:25.037  1897  1897 D [TELESERVICE][AsusPhoneUtils]: isVerizon(): ret = false
06-11 16:31:25.040  1601  1601 D SignalClusterView: vpn: GONE
06-11 16:31:25.040  1601  1601 D SignalClusterView: ethernet: GONE sig=0 inout=0
06-11 16:31:25.040  1601  1601 D SignalClusterView: wifi: GONE sig=2130838971 inout=2130838942
06-11 16:31:25.041  1601  1601 D SignalClusterView: wigig: GONE sig=2130838977 inout=2130838942
06-11 16:31:25.041  1601  1601 D SignalClusterView: mobile: VISIBLE sig=2130838943 typ=0 inout=0c
06-11 16:31:25.041  1601  1601 D SignalClusterView: mobile: VISIBLE sig=2130838943 typ=0 inout=0c
06-11 16:31:25.043  1601  1601 D SignalClusterView: vpn: GONE
06-11 16:31:25.043  1601  1601 D SignalClusterView: ethernet: GONE sig=0 inout=0
06-11 16:31:25.043  1601  1601 D SignalClusterView: wifi: GONE sig=2130838971 inout=2130838942
06-11 16:31:25.043  1601  1601 D SignalClusterView: wigig: GONE sig=2130838977 inout=2130838942
06-11 16:31:25.044  1601  1601 D SignalClusterView: mobile: VISIBLE sig=2130838943 typ=0 inout=0c
06-11 16:31:25.047  1601  1601 D SignalClusterView: mobile: VISIBLE sig=2130838943 typ=0 inout=0c
06-11 16:31:25.047  1601  1601 D SignalClusterView: vpn: GONE
06-11 16:31:25.047  1601  1601 D SignalClusterView: ethernet: GONE sig=0 inout=0
06-11 16:31:25.047  1601  1601 D SignalClusterView: wifi: GONE sig=2130838971 inout=2130838942
06-11 16:31:25.047  1601  1601 D SignalClusterView: wigig: GONE sig=2130838977 inout=2130838942
06-11 16:31:25.048  1965  2614 I GCoreUlr: WorldUpdater received intent Intent { act=com.google.android.location.reporting.ACTION_UPDATE_WORLD cmp=com.google.android.gms/com.google.android.location.reporting.service.DispatchingService (has extras) } with receiverAction android.location.PROVIDERS_CHANGED
06-11 16:31:25.054  1897  2045 D [TELESERVICE][AsusPhoneUtils]: isVerizon(): ret = false
06-11 16:31:25.055  2562  2562 I TTS.VoiceGenerator: Cache cleared
06-11 16:31:25.055  1601  1601 D SignalClusterView: mobile: VISIBLE sig=2130838943 typ=0 inout=0c
06-11 16:31:25.055  1601  1601 D SignalClusterView: mobile: VISIBLE sig=2130838943 typ=0 inout=0c
06-11 16:31:25.056  1601  1601 D SignalClusterView: vpn: GONE
06-11 16:31:25.056  1601  1601 D SignalClusterView: ethernet: GONE sig=0 inout=0
06-11 16:31:25.056  1601  1601 D SignalClusterView: wifi: GONE sig=2130838971 inout=2130838942
06-11 16:31:25.056  1601  1601 D SignalClusterView: wigig: GONE sig=2130838977 inout=2130838942
06-11 16:31:25.056  1601  1601 D SignalClusterView: mobile: VISIBLE sig=2130838943 typ=0 inout=0c
06-11 16:31:25.056  1601  1601 D SignalClusterView: mobile: VISIBLE sig=2130838943 typ=0 inout=0c
06-11 16:31:25.057  1601  1601 D SignalClusterView: setNoSims=false
06-11 16:31:25.057  1601  1601 D SignalClusterView: vpn: GONE
06-11 16:31:25.057  1601  1601 D SignalClusterView: ethernet: GONE sig=0 inout=0
06-11 16:31:25.057  1601  1601 D SignalClusterView: wifi: GONE sig=2130838971 inout=2130838942
06-11 16:31:25.057  1601  1601 D SignalClusterView: wigig: GONE sig=2130838977 inout=2130838942
06-11 16:31:25.057  1601  1601 D SignalClusterView: mobile: VISIBLE sig=2130838943 typ=0 inout=0c
06-11 16:31:25.057  1601  1601 D SignalClusterView: mobile: VISIBLE sig=2130838943 typ=0 inout=0c
06-11 16:31:25.057  1601  1601 D SignalClusterView: setNoSims=false
06-11 16:31:25.058  1601  1601 D SignalClusterView: vpn: GONE
06-11 16:31:25.058  1601  1601 D SignalClusterView: ethernet: GONE sig=0 inout=0
06-11 16:31:25.058  1601  1601 D SignalClusterView: wifi: GONE sig=2130838971 inout=2130838942
06-11 16:31:25.058  1601  1601 D SignalClusterView: wigig: GONE sig=2130838977 inout=2130838942
06-11 16:31:25.058  1601  1601 D SignalClusterView: mobile: VISIBLE sig=2130838943 typ=0 inout=0c
06-11 16:31:25.058  1601  1601 D SignalClusterView: mobile: VISIBLE sig=2130838943 typ=0 inout=0c
06-11 16:31:25.058  1601  1601 D KeyguardUpdateMonitor: onSubscriptionsChanged()
06-11 16:31:25.059  1601  1601 D SignalClusterView: setNoSim=false for slot=0
06-11 16:31:25.059  1601  1601 D SignalClusterView: vpn: GONE
06-11 16:31:25.059  1601  1601 D SignalClusterView: ethernet: GONE sig=0 inout=0
06-11 16:31:25.059  1601  1601 D SignalClusterView: wifi: GONE sig=2130838971 inout=2130838942
06-11 16:31:25.059  1601  1601 D SignalClusterView: wigig: GONE sig=2130838977 inout=2130838942
06-11 16:31:25.059  1601  1601 D SignalClusterView: mobile: VISIBLE sig=2130838943 typ=0 inout=0c
06-11 16:31:25.059  1601  1601 D SignalClusterView: mobile: VISIBLE sig=2130838943 typ=0 inout=0c
06-11 16:31:25.059  1601  1601 D SignalClusterView: setNoSim=false for slot=0
06-11 16:31:25.060  1601  1601 D SignalClusterView: vpn: GONE
06-11 16:31:25.060  1601  1601 D SignalClusterView: ethernet: GONE sig=0 inout=0
06-11 16:31:25.060  1601  1601 D SignalClusterView: wifi: GONE sig=2130838971 inout=2130838942
06-11 16:31:25.060  1601  1601 D SignalClusterView: wigig: GONE sig=2130838977 inout=2130838942
06-11 16:31:25.060  1601  1601 D SignalClusterView: mobile: VISIBLE sig=2130838943 typ=0 inout=0c
06-11 16:31:25.060  1601  1601 D SignalClusterView: mobile: VISIBLE sig=2130838943 typ=0 inout=0c
06-11 16:31:25.060  1601  1601 D SignalClusterView: setNoSim=false for slot=1
06-11 16:31:25.060  1601  1601 D SignalClusterView: vpn: GONE
06-11 16:31:25.061  1601  1601 D SignalClusterView: ethernet: GONE sig=0 inout=0
06-11 16:31:25.061  1601  1601 D SignalClusterView: wifi: GONE sig=2130838971 inout=2130838942
06-11 16:31:25.061  1601  1601 D SignalClusterView: wigig: GONE sig=2130838977 inout=2130838942
06-11 16:31:25.061  1601  1601 D SignalClusterView: mobile: VISIBLE sig=2130838943 typ=0 inout=0c
06-11 16:31:25.061  1601  1601 D SignalClusterView: mobile: VISIBLE sig=2130838943 typ=0 inout=0c
06-11 16:31:25.061  1601  1601 D SignalClusterView: setNoSim=false for slot=1
06-11 16:31:25.061  1601  1601 D SignalClusterView: vpn: GONE
06-11 16:31:25.061  1601  1601 D SignalClusterView: ethernet: GONE sig=0 inout=0
06-11 16:31:25.062  1601  1601 D SignalClusterView: wifi: GONE sig=2130838971 inout=2130838942
06-11 16:31:25.062  1601  1601 D SignalClusterView: wigig: GONE sig=2130838977 inout=2130838942
06-11 16:31:25.062  1601  1601 D SignalClusterView: mobile: VISIBLE sig=2130838943 typ=0 inout=0c
06-11 16:31:25.062  1601  1601 D SignalClusterView: mobile: VISIBLE sig=2130838943 typ=0 inout=0c
06-11 16:31:25.067  1601  1831 D NetworkController: hasCorrectMobileControllers true
06-11 16:31:25.078  1601  1601 D SignalClusterView: vpn: GONE
06-11 16:31:25.078  1601  1601 D SignalClusterView: ethernet: GONE sig=0 inout=0
06-11 16:31:25.078  1601  1601 D SignalClusterView: wifi: GONE sig=2130838971 inout=2130838942
06-11 16:31:25.078  1601  1601 D SignalClusterView: wigig: GONE sig=2130838977 inout=2130838942
06-11 16:31:25.079  1601  1601 D SignalClusterView: mobile: VISIBLE sig=2130838943 typ=0 inout=0c
06-11 16:31:25.079  1601  1601 D SignalClusterView: mobile: VISIBLE sig=2130838943 typ=0 inout=0c
06-11 16:31:25.079  1601  1601 D SignalClusterView: vpn: GONE
06-11 16:31:25.079  1601  1601 D SignalClusterView: ethernet: GONE sig=0 inout=0
06-11 16:31:25.080  1601  1601 D SignalClusterView: wifi: GONE sig=2130838971 inout=2130838942
06-11 16:31:25.080  1601  1601 D SignalClusterView: wigig: GONE sig=2130838977 inout=2130838942
06-11 16:31:25.080  1601  1601 D SignalClusterView: mobile: VISIBLE sig=2130838943 typ=0 inout=0c
06-11 16:31:25.081  1601  1601 D SignalClusterView: mobile: VISIBLE sig=2130838943 typ=0 inout=0c
06-11 16:31:25.081  1601  1601 D SignalClusterView: vpn: GONE
06-11 16:31:25.082  1601  1601 D SignalClusterView: ethernet: GONE sig=0 inout=0
06-11 16:31:25.082  1601  1601 D SignalClusterView: wifi: GONE sig=2130838971 inout=2130838942
06-11 16:31:25.082  1601  1601 D SignalClusterView: wigig: GONE sig=2130838977 inout=2130838942
06-11 16:31:25.082  1601  1601 D SignalClusterView: mobile: VISIBLE sig=2130838943 typ=0 inout=0c
06-11 16:31:25.083  1601  1601 D SignalClusterView: mobile: VISIBLE sig=2130838943 typ=0 inout=0c
06-11 16:31:25.083  1601  1601 D SignalClusterView: vpn: GONE
06-11 16:31:25.083  1601  1601 D SignalClusterView: ethernet: GONE sig=0 inout=0
06-11 16:31:25.084  2562  2562 I TTS.GoogleTTSService: Creating Google TTS service, version 3.16.6.232892818
06-11 16:31:25.083  1601  1601 D SignalClusterView: wifi: GONE sig=2130838971 inout=2130838942
06-11 16:31:25.085  1601  1601 D SignalClusterView: wigig: GONE sig=2130838977 inout=2130838942
06-11 16:31:25.086  1601  1601 D SignalClusterView: mobile: VISIBLE sig=2130838943 typ=0 inout=0c
06-11 16:31:25.087  1601  1601 D SignalClusterView: mobile: VISIBLE sig=2130838943 typ=0 inout=0c
06-11 16:31:25.087  1601  1601 D SignalClusterView: vpn: GONE
06-11 16:31:25.087  1601  1601 D SignalClusterView: ethernet: GONE sig=0 inout=0
06-11 16:31:25.087  1601  1601 D SignalClusterView: wifi: GONE sig=2130838971 inout=2130838942
06-11 16:31:25.087  1601  1601 D SignalClusterView: wigig: GONE sig=2130838977 inout=2130838942
06-11 16:31:25.088  1601  1601 D SignalClusterView: mobile: VISIBLE sig=2130838943 typ=0 inout=0c
06-11 16:31:25.089  1601  1601 D SignalClusterView: mobile: VISIBLE sig=2130838943 typ=0 inout=0c
06-11 16:31:25.089  1601  1601 D SignalClusterView: vpn: GONE
06-11 16:31:25.089  1601  1601 D SignalClusterView: ethernet: GONE sig=0 inout=0
06-11 16:31:25.089  1601  1601 D SignalClusterView: wifi: GONE sig=2130838971 inout=2130838942
06-11 16:31:25.089  1601  1601 D SignalClusterView: wigig: GONE sig=2130838977 inout=2130838942
06-11 16:31:25.090  1601  1601 D SignalClusterView: mobile: VISIBLE sig=2130838943 typ=0 inout=0c
06-11 16:31:25.091  1601  1601 D SignalClusterView: mobile: VISIBLE sig=2130838943 typ=0 inout=0c
06-11 16:31:25.098   751  1915 D Telecom : [TELECOM][TelecomServiceImpl]: enforcePhoneAccountModificationForPackage(): packageName com.android.phone, result 0
06-11 16:31:25.098   751  1915 D Telecom : [TELECOM][PhoneAccountRegistrar]: addOrReplacePhoneAccount(ComponentInfo{com.android.phone/com.android.services.telephony.TelephonyConnectionService}, [e0184adedf913b076626646d3f52c3b49c39ad6d], UserHandle{0} -> [[ ] PhoneAccount: ComponentInfo{com.android.phone/com.android.services.telephony.TelephonyConnectionService}, [e0184adedf913b076626646d3f52c3b49c39ad6d], UserHandle{0} Capabilities: CallProvider MultiUser PlaceEmerg SimSub  Schemes: tel voicemail  Extras: null GroupId: [da39a3ee5e6b4b0d3255bfef95601890afd80709]])
06-11 16:31:25.098   751  1915 I Telecom : [TELECOM][PhoneAccountRegistrar]: [ComponentInfo{com.android.phone/com.android.services.telephony.TelephonyConnectionService}, [e0184adedf913b076626646d3f52c3b49c39ad6d], UserHandle{0}(icon: Icon(typ=BITMAP size=72x72) -> Icon(typ=BITMAP size=57x72))]
06-11 16:31:25.098   751  1915 V Telecom : [TELECOM][PhoneAccountRegistrar]: maybeReplaceOldAccount: Not replacing PhoneAccount, no group Id or default.
06-11 16:31:25.099   751  1915 D Telecom : [TELECOM][PhoneAccountRegistrar]: account isEnabled = true
06-11 16:31:25.107  1601  1831 D NetworkController: onReceive: intent=Intent { act=android.intent.action.ACTION_SUBINFO_RECORD_UPDATED flg=0x10 }
06-11 16:31:25.107  1601  1831 D NetworkController.MobileSignalController(1): SubscriptionInfo.getSimSlotIndex(): 0
06-11 16:31:25.107  1601  1831 D NetworkController.MobileSignalController(1): SubscriptionInfo.getSimSlotIndex(): 0
06-11 16:31:25.107  1601  1831 D NetworkController.MobileSignalController(2): SubscriptionInfo.getSimSlotIndex(): 1
06-11 16:31:25.107  1601  1831 D NetworkController.MobileSignalController(2): SubscriptionInfo.getSimSlotIndex(): 1
06-11 16:31:25.107  1601  1831 D NetworkController.MobileSignalController(1): onServiceStateChanged voiceState=1 dataState=1
06-11 16:31:25.107  1601  1831 D NetworkController.MobileSignalController(1): updateTelephonySignalStrength: hasService=false ss=null
06-11 16:31:25.108  1897  1910 D PhoneInterfaceManager: isWifiCallingAvailable: sub Id : 1
06-11 16:31:25.109   751  1915 I Telecom : [TELECOM][]: Sending phone-account registered intent as user
06-11 16:31:25.110  1897  1897 D CarrierConfigLoader: mHandler: 5 phoneId: 0
06-11 16:31:25.114  1601  1831 D NetworkController.MobileSignalController(1): isWifiCallingAvailable=false
06-11 16:31:25.116  1601  1601 D KeyguardUpdateMonitor: onSubscriptionsChanged()
06-11 16:31:25.118  1601  1601 D SignalClusterView: vpn: GONE
06-11 16:31:25.118  1601  1601 D SignalClusterView: ethernet: GONE sig=0 inout=0
06-11 16:31:25.119  1601  1601 D SignalClusterView: wifi: GONE sig=2130838971 inout=2130838942
06-11 16:31:25.119  1601  1601 D SignalClusterView: wigig: GONE sig=2130838977 inout=2130838942
06-11 16:31:25.119  1601  1601 D SignalClusterView: mobile: VISIBLE sig=2130838943 typ=0 inout=0c
06-11 16:31:25.119  1601  1601 D SignalClusterView: mobile: VISIBLE sig=2130838943 typ=0 inout=0c
06-11 16:31:25.133  1601  1601 D SignalClusterView: vpn: GONE
06-11 16:31:25.133  1601  1601 D SignalClusterView: ethernet: GONE sig=0 inout=0
06-11 16:31:25.133  1897  2045 D PhoneInterfaceManager: isVolteAvailable: sub Id : 1
06-11 16:31:25.133  1601  1831 V ReflectionMethods: ========ReflectionMethods.getVolteAvailable = false ===============
06-11 16:31:25.135  1897  2612 D PhoneInterfaceManager: isVideoTelephonyAvailable: sub Id : 1
06-11 16:31:25.138  1897  1897 D TelephonyProvider: query: url=content://telephony/carriers, projectionIn=null, selection=numeric = '25020'selectionArgs=null, sort=_id
06-11 16:31:25.138  1601  1831 V ReflectionMethods: ========ReflectionMethods.getVideoTelephonyAvailable = false ===============
06-11 16:31:25.139  1897  1897 D TelephonyProvider: query(): match = 1
06-11 16:31:25.139  1897  1897 D TelephonyProvider: query: selection modified to numeric = '25020' and edited!=2 and edited!=3 and edited!=5 and edited!=6
06-11 16:31:25.143  1897  1897 D TelephonyProvider: query: url=content://telephony/carriers/preferapn, projectionIn=[Ljava.lang.String;@fc6a04c, selection=nullselectionArgs=null, sort=name ASC
06-11 16:31:25.149  1897  1897 D TelephonyProvider: query(): match = 5
06-11 16:31:25.150  1897  1897 D TelephonyProvider: getPreferredApnIdFromApn: for subId 1
06-11 16:31:25.156  1601  1831 D NetworkController.MobileSignalController(1): onDataConnectionStateChanged: state=-1 type=0
06-11 16:31:25.156  1601  1831 D NetworkController.MobileSignalController(1): updateTelephonySignalStrength: hasService=false ss=null
06-11 16:31:25.157  1601  1601 D SignalClusterView: wifi: GONE sig=2130838971 inout=2130838942
06-11 16:31:25.157  1601  1601 D SignalClusterView: wigig: GONE sig=2130838977 inout=2130838942
06-11 16:31:25.157  1897  1897 D TelephonyProvider: query: selection modified to edited!=2 and edited!=3 and edited!=5 and edited!=6
06-11 16:31:25.166  2182  2222 I ContactsProviderV1: Bootstrapping database legacy support
06-11 16:31:25.168  2562  2638 I TTS.ControllerWrapper: Initializing en-us-x-sfg-lstm-embedded from apk
06-11 16:31:25.178  1601  1601 D SignalClusterView: mobile: VISIBLE sig=2130838943 typ=0 inout=0c
06-11 16:31:25.180  1897  1897 D TelephonyProvider: query: url=content://telephony/carriers/preferapn_no_update/subId/1, projectionIn=[Ljava.lang.String;@3319895, selection=nullselectionArgs=null, sort=name ASC
06-11 16:31:25.186  1897  1897 D TelephonyProvider: query(): match = 12
06-11 16:31:25.187  1897  1897 D TelephonyProvider: subIdString = 1 subId = 1
06-11 16:31:25.187  1897  1897 D TelephonyProvider: getPreferredApnIdFromApn: for subId 1
06-11 16:31:25.188  1601  1601 D SignalClusterView: mobile: VISIBLE sig=2130838943 typ=0 inout=0c
06-11 16:31:25.189  1897  2612 D PhoneInterfaceManager: isWifiCallingAvailable: sub Id : 1
06-11 16:31:25.189  1601  1831 D NetworkController.MobileSignalController(1): isWifiCallingAvailable=false
06-11 16:31:25.190  1897  1897 D TelephonyProvider: query: selection modified to edited!=2 and edited!=3 and edited!=5 and edited!=6
06-11 16:31:25.193  1601  1601 D SignalClusterView: vpn: GONE
06-11 16:31:25.193  1601  1601 D SignalClusterView: ethernet: GONE sig=0 inout=0
