06-11 16:31:18.995  1601  1601 W StatusBar: isKeyguardSecure() called before startKeyguard(), returning false
06-11 16:31:18.995  1601  1601 W StatusBar: java.lang.Throwable
06-11 16:31:18.995  1601  1601 W StatusBar: 	at com.android.systemui.statusbar.BaseStatusBar.isKeyguardSecure(BaseStatusBar.java:2841)
06-11 16:31:18.995  1601  1601 W StatusBar: 	at com.android.systemui.statusbar.BaseStatusBar.isSecureKeyguardLock(BaseStatusBar.java:2857)
06-11 16:31:18.995  1601  1601 W StatusBar: 	at com.android.systemui.statusbar.phone.QSTileHost.isSecureKeyguardLock(QSTileHost.java:573)
06-11 16:31:18.995  1601  1601 W StatusBar: 	at com.android.systemui.qs.tiles.AirplaneModeTile.shouldBeHidden(AirplaneModeTile.java:182)
06-11 16:31:18.995  1601  1601 W StatusBar: 	at com.android.systemui.qs.QSAnimator.updateAnimators(QSAnimator.java:185)
06-11 16:31:18.995  1601  1601 W StatusBar: 	at com.android.systemui.qs.QSAnimator.setHost(QSAnimator.java:119)
06-11 16:31:18.995  1601  1601 W StatusBar: 	at com.android.systemui.qs.QSContainer.setHost(QSContainer.java:93)
06-11 16:31:18.995  1601  1601 W StatusBar: 	at com.android.systemui.statusbar.phone.PhoneStatusBar$16.onInflated(PhoneStatusBar.java:1236)
06-11 16:31:18.995  1601  1601 W StatusBar: 	at com.android.systemui.AutoReinflateContainer.addInflateListener(AutoReinflateContainer.java:86)
06-11 16:31:18.995  1601  1601 W StatusBar: 	at com.android.systemui.statusbar.phone.PhoneStatusBar.makeStatusBarView(PhoneStatusBar.java:1232)
06-11 16:31:18.995  1601  1601 W StatusBar: 	at com.android.systemui.statusbar.phone.PhoneStatusBar.addStatusBarWindow(PhoneStatusBar.java:4004)
06-11 16:31:18.995  1601  1601 W StatusBar: 	at com.android.systemui.statusbar.phone.PhoneStatusBar.createAndAddWindows(PhoneStatusBar.java:4000)
06-11 16:31:18.995  1601  1601 W StatusBar: 	at com.android.systemui.statusbar.BaseStatusBar.start(BaseStatusBar.java:871)
06-11 16:31:18.995  1601  1601 W StatusBar: 	at com.android.systemui.statusbar.phone.PhoneStatusBar.start(PhoneStatusBar.java:915)
06-11 16:31:18.995  1601  1601 W StatusBar: 	at com.android.systemui.statusbar.SystemBars.createStatusBarFromConfig(SystemBars.java:106)
06-11 16:31:18.995  1601  1601 W StatusBar: 	at com.android.systemui.statusbar.SystemBars.onNoService(SystemBars.java:58)
06-11 16:31:18.995  1601  1601 W StatusBar: 	at com.android.systemui.statusbar.ServiceMonitor.startService(ServiceMonitor.java:230)
06-11 16:31:18.995  1601  1601 W StatusBar: 	at com.android.systemui.statusbar.ServiceMonitor.access$000(ServiceMonitor.java:49)
06-11 16:31:18.995  1601  1601 W StatusBar: 	at com.android.systemui.statusbar.ServiceMonitor$1.handleMessage(ServiceMonitor.java:73)
06-11 16:31:18.995  1601  1601 W StatusBar: 	at android.os.Handler.dispatchMessage(Handler.java:102)
06-11 16:31:18.995  1601  1601 W StatusBar: 	at android.os.Looper.loop(Looper.java:154)
06-11 16:31:18.995  1601  1601 W StatusBar: 	at android.app.ActivityThread.main(ActivityThread.java:6121)
06-11 16:31:18.995  1601  1601 W StatusBar: 	at java.lang.reflect.Method.invoke(Native Method)
06-11 16:31:18.995  1601  1601 W StatusBar: 	at com.android.internal.os.ZygoteInit$MethodAndArgsCaller.run(ZygoteInit.java:889)
06-11 16:31:18.995  1601  1601 W StatusBar: 	at com.android.internal.os.ZygoteInit.main(ZygoteInit.java:779)
06-11 16:31:19.000  1601  1601 W StatusBar: isKeyguardSecure() called before startKeyguard(), returning false
06-11 16:31:19.000  1601  1601 W StatusBar: java.lang.Throwable
06-11 16:31:19.000  1601  1601 W StatusBar: 	at com.android.systemui.statusbar.BaseStatusBar.isKeyguardSecure(BaseStatusBar.java:2841)
06-11 16:31:19.000  1601  1601 W StatusBar: 	at com.android.systemui.statusbar.BaseStatusBar.isSecureKeyguardLock(BaseStatusBar.java:2857)
06-11 16:31:19.000  1601  1601 W StatusBar: 	at com.android.systemui.statusbar.phone.QSTileHost.isSecureKeyguardLock(QSTileHost.java:573)
06-11 16:31:19.000  1601  1601 W StatusBar: 	at com.android.systemui.qs.tiles.HotspotTile.shouldBeHidden(HotspotTile.java:327)
06-11 16:31:19.000  1601  1601 W StatusBar: 	at com.android.systemui.qs.QSAnimator.updateAnimators(QSAnimator.java:185)
06-11 16:31:19.000  1601  1601 W StatusBar: 	at com.android.systemui.qs.QSAnimator.setHost(QSAnimator.java:119)
06-11 16:31:19.000  1601  1601 W StatusBar: 	at com.android.systemui.qs.QSContainer.setHost(QSContainer.java:93)
06-11 16:31:19.000  1601  1601 W StatusBar: 	at com.android.systemui.statusbar.phone.PhoneStatusBar$16.onInflated(PhoneStatusBar.java:1236)
06-11 16:31:19.000  1601  1601 W StatusBar: 	at com.android.systemui.AutoReinflateContainer.addInflateListener(AutoReinflateContainer.java:86)
06-11 16:31:19.000  1601  1601 W StatusBar: 	at com.android.systemui.statusbar.phone.PhoneStatusBar.makeStatusBarView(PhoneStatusBar.java:1232)
06-11 16:31:19.000  1601  1601 W StatusBar: 	at com.android.systemui.statusbar.phone.PhoneStatusBar.addStatusBarWindow(PhoneStatusBar.java:4004)
06-11 16:31:19.000  1601  1601 W StatusBar: 	at com.android.systemui.statusbar.phone.PhoneStatusBar.createAndAddWindows(PhoneStatusBar.java:4000)
06-11 16:31:19.000  1601  1601 W StatusBar: 	at com.android.systemui.statusbar.BaseStatusBar.start(BaseStatusBar.java:871)
06-11 16:31:19.000  1601  1601 W StatusBar: 	at com.android.systemui.statusbar.phone.PhoneStatusBar.start(PhoneStatusBar.java:915)
06-11 16:31:19.000  1601  1601 W StatusBar: 	at com.android.systemui.statusbar.SystemBars.createStatusBarFromConfig(SystemBars.java:106)
06-11 16:31:19.000  1601  1601 W StatusBar: 	at com.android.systemui.statusbar.SystemBars.onNoService(SystemBars.java:58)
06-11 16:31:19.000  1601  1601 W StatusBar: 	at com.android.systemui.statusbar.ServiceMonitor.startService(ServiceMonitor.java:230)
06-11 16:31:19.000  1601  1601 W StatusBar: 	at com.android.systemui.statusbar.ServiceMonitor.access$000(ServiceMonitor.java:49)
06-11 16:31:19.000  1601  1601 W StatusBar: 	at com.android.systemui.statusbar.ServiceMonitor$1.handleMessage(ServiceMonitor.java:73)
06-11 16:31:19.000  1601  1601 W StatusBar: 	at android.os.Handler.dispatchMessage(Handler.java:102)
06-11 16:31:19.000  1601  1601 W StatusBar: 	at android.os.Looper.loop(Looper.java:154)
06-11 16:31:19.000  1601  1601 W StatusBar: 	at android.app.ActivityThread.main(ActivityThread.java:6121)
06-11 16:31:19.000  1601  1601 W StatusBar: 	at java.lang.reflect.Method.invoke(Native Method)
06-11 16:31:19.000  1601  1601 W StatusBar: 	at com.android.internal.os.ZygoteInit$MethodAndArgsCaller.run(ZygoteInit.java:889)
06-11 16:31:19.000  1601  1601 W StatusBar: 	at com.android.internal.os.ZygoteInit.main(ZygoteInit.java:779)
06-11 16:31:19.001  1601  1601 W StatusBar: isKeyguardSecure() called before startKeyguard(), returning false
06-11 16:31:19.001  1601  1601 W StatusBar: java.lang.Throwable
06-11 16:31:19.001  1601  1601 W StatusBar: 	at com.android.systemui.statusbar.BaseStatusBar.isKeyguardSecure(BaseStatusBar.java:2841)
06-11 16:31:19.001  1601  1601 W StatusBar: 	at com.android.systemui.statusbar.BaseStatusBar.isSecureKeyguardLock(BaseStatusBar.java:2857)
06-11 16:31:19.001  1601  1601 W StatusBar: 	at com.android.systemui.statusbar.phone.QSTileHost.isSecureKeyguardLock(QSTileHost.java:573)
06-11 16:31:19.001  1601  1601 W StatusBar: 	at com.android.systemui.qs.tiles.LocationTile.shouldBeHidden(LocationTile.java:165)
06-11 16:31:19.001  1601  1601 W StatusBar: 	at com.android.systemui.qs.QSAnimator.updateAnimators(QSAnimator.java:185)
06-11 16:31:19.001  1601  1601 W StatusBar: 	at com.android.systemui.qs.QSAnimator.setHost(QSAnimator.java:119)
06-11 16:31:19.001  1601  1601 W StatusBar: 	at com.android.systemui.qs.QSContainer.setHost(QSContainer.java:93)
06-11 16:31:19.001  1601  1601 W StatusBar: 	at com.android.systemui.statusbar.phone.PhoneStatusBar$16.onInflated(PhoneStatusBar.java:1236)
06-11 16:31:19.001  1601  1601 W StatusBar: 	at com.android.systemui.AutoReinflateContainer.addInflateListener(AutoReinflateContainer.java:86)
06-11 16:31:19.001  1601  1601 W StatusBar: 	at com.android.systemui.statusbar.phone.PhoneStatusBar.makeStatusBarView(PhoneStatusBar.java:1232)
06-11 16:31:19.001  1601  1601 W StatusBar: 	at com.android.systemui.statusbar.phone.PhoneStatusBar.addStatusBarWindow(PhoneStatusBar.java:4004)
06-11 16:31:19.001  1601  1601 W StatusBar: 	at com.android.systemui.statusbar.phone.PhoneStatusBar.createAndAddWindows(PhoneStatusBar.java:4000)
06-11 16:31:19.001  1601  1601 W StatusBar: 	at com.android.systemui.statusbar.BaseStatusBar.start(BaseStatusBar.java:871)
06-11 16:31:19.001  1601  1601 W StatusBar: 	at com.android.systemui.statusbar.phone.PhoneStatusBar.start(PhoneStatusBar.java:915)
06-11 16:31:19.001  1601  1601 W StatusBar: 	at com.android.systemui.statusbar.SystemBars.createStatusBarFromConfig(SystemBars.java:106)
06-11 16:31:19.001  1601  1601 W StatusBar: 	at com.android.systemui.statusbar.SystemBars.onNoService(SystemBars.java:58)
06-11 16:31:19.001  1601  1601 W StatusBar: 	at com.android.systemui.statusbar.ServiceMonitor.startService(ServiceMonitor.java:230)
06-11 16:31:19.001  1601  1601 W StatusBar: 	at com.android.systemui.statusbar.ServiceMonitor.access$000(ServiceMonitor.java:49)
06-11 16:31:19.001  1601  1601 W StatusBar: 	at com.android.systemui.statusbar.ServiceMonitor$1.handleMessage(ServiceMonitor.java:73)
06-11 16:31:19.001  1601  1601 W StatusBar: 	at android.os.Handler.dispatchMessage(Handler.java:102)
06-11 16:31:19.001  1601  1601 W StatusBar: 	at android.os.Looper.loop(Looper.java:154)
06-11 16:31:19.001  1601  1601 W StatusBar: 	at android.app.ActivityThread.main(ActivityThread.java:6121)
06-11 16:31:19.001  1601  1601 W StatusBar: 	at java.lang.reflect.Method.invoke(Native Method)
06-11 16:31:19.001  1601  1601 W StatusBar: 	at com.android.internal.os.ZygoteInit$MethodAndArgsCaller.run(ZygoteInit.java:889)
06-11 16:31:19.001  1601  1601 W StatusBar: 	at com.android.internal.os.ZygoteInit.main(ZygoteInit.java:779)
06-11 16:31:19.002  1601  1601 W StatusBar: isKeyguardSecure() called before startKeyguard(), returning false
06-11 16:31:19.002  1601  1601 W StatusBar: java.lang.Throwable
06-11 16:31:19.002  1601  1601 W StatusBar: 	at com.android.systemui.statusbar.BaseStatusBar.isKeyguardSecure(BaseStatusBar.java:2841)
06-11 16:31:19.002  1601  1601 W StatusBar: 	at com.android.systemui.statusbar.BaseStatusBar.isSecureKeyguardLock(BaseStatusBar.java:2857)
06-11 16:31:19.002  1601  1601 W StatusBar: 	at com.android.systemui.statusbar.phone.QSTileHost.isSecureKeyguardLock(QSTileHost.java:573)
06-11 16:31:19.002  1601  1601 W StatusBar: 	at com.android.systemui.qs.tiles.MultiWindowTile.shouldBeHidden(MultiWindowTile.java:113)
06-11 16:31:19.002  1601  1601 W StatusBar: 	at com.android.systemui.qs.QSAnimator.updateAnimators(QSAnimator.java:185)
06-11 16:31:19.002  1601  1601 W StatusBar: 	at com.android.systemui.qs.QSAnimator.setHost(QSAnimator.java:119)
06-11 16:31:19.002  1601  1601 W StatusBar: 	at com.android.systemui.qs.QSContainer.setHost(QSContainer.java:93)
06-11 16:31:19.002  1601  1601 W StatusBar: 	at com.android.systemui.statusbar.phone.PhoneStatusBar$16.onInflated(PhoneStatusBar.java:1236)
06-11 16:31:19.002  1601  1601 W StatusBar: 	at com.android.systemui.AutoReinflateContainer.addInflateListener(AutoReinflateContainer.java:86)
06-11 16:31:19.002  1601  1601 W StatusBar: 	at com.android.systemui.statusbar.phone.PhoneStatusBar.makeStatusBarView(PhoneStatusBar.java:1232)
06-11 16:31:19.002  1601  1601 W StatusBar: 	at com.android.systemui.statusbar.phone.PhoneStatusBar.addStatusBarWindow(PhoneStatusBar.java:4004)
06-11 16:31:19.002  1601  1601 W StatusBar: 	at com.android.systemui.statusbar.phone.PhoneStatusBar.createAndAddWindows(PhoneStatusBar.java:4000)
06-11 16:31:19.002  1601  1601 W StatusBar: 	at com.android.systemui.statusbar.BaseStatusBar.start(BaseStatusBar.java:871)
06-11 16:31:19.002  1601  1601 W StatusBar: 	at com.android.systemui.statusbar.phone.PhoneStatusBar.start(PhoneStatusBar.java:915)
06-11 16:31:19.002  1601  1601 W StatusBar: 	at com.android.systemui.statusbar.SystemBars.createStatusBarFromConfig(SystemBars.java:106)
06-11 16:31:19.002  1601  1601 W StatusBar: 	at com.android.systemui.statusbar.SystemBars.onNoService(SystemBars.java:58)
06-11 16:31:19.002  1601  1601 W StatusBar: 	at com.android.systemui.statusbar.ServiceMonitor.startService(ServiceMonitor.java:230)
06-11 16:31:19.002  1601  1601 W StatusBar: 	at com.android.systemui.statusbar.ServiceMonitor.access$000(ServiceMonitor.java:49)
06-11 16:31:19.002  1601  1601 W StatusBar: 	at com.android.systemui.statusbar.ServiceMonitor$1.handleMessage(ServiceMonitor.java:73)
06-11 16:31:19.002  1601  1601 W StatusBar: 	at android.os.Handler.dispatchMessage(Handler.java:102)
06-11 16:31:19.002  1601  1601 W StatusBar: 	at android.os.Looper.loop(Looper.java:154)
06-11 16:31:19.002  1601  1601 W StatusBar: 	at android.app.ActivityThread.main(ActivityThread.java:6121)
06-11 16:31:19.002  1601  1601 W StatusBar: 	at java.lang.reflect.Method.invoke(Native Method)
06-11 16:31:19.002  1601  1601 W StatusBar: 	at com.android.internal.os.ZygoteInit$MethodAndArgsCaller.run(ZygoteInit.java:889)
06-11 16:31:19.002  1601  1601 W StatusBar: 	at com.android.internal.os.ZygoteInit.main(ZygoteInit.java:779)
06-11 16:31:19.004  1601  1601 W StatusBar: isKeyguardSecure() called before startKeyguard(), returning false
06-11 16:31:19.004  1601  1601 W StatusBar: java.lang.Throwable
06-11 16:31:19.004  1601  1601 W StatusBar: 	at com.android.systemui.statusbar.BaseStatusBar.isKeyguardSecure(BaseStatusBar.java:2841)
06-11 16:31:19.004  1601  1601 W StatusBar: 	at com.android.systemui.statusbar.BaseStatusBar.isSecureKeyguardLock(BaseStatusBar.java:2857)
06-11 16:31:19.004  1601  1601 W StatusBar: 	at com.android.systemui.statusbar.phone.QSTileHost.isSecureKeyguardLock(QSTileHost.java:573)
06-11 16:31:19.004  1601  1601 W StatusBar: 	at com.android.systemui.qs.tiles.PlayToTile.shouldBeHidden(PlayToTile.java:354)
06-11 16:31:19.004  1601  1601 W StatusBar: 	at com.android.systemui.qs.QSAnimator.updateAnimators(QSAnimator.java:185)
06-11 16:31:19.004  1601  1601 W StatusBar: 	at com.android.systemui.qs.QSAnimator.setHost(QSAnimator.java:119)
06-11 16:31:19.004  1601  1601 W StatusBar: 	at com.android.systemui.qs.QSContainer.setHost(QSContainer.java:93)
06-11 16:31:19.004  1601  1601 W StatusBar: 	at com.android.systemui.statusbar.phone.PhoneStatusBar$16.onInflated(PhoneStatusBar.java:1236)
06-11 16:31:19.004  1601  1601 W StatusBar: 	at com.android.systemui.AutoReinflateContainer.addInflateListener(AutoReinflateContainer.java:86)
06-11 16:31:19.004  1601  1601 W StatusBar: 	at com.android.systemui.statusbar.phone.PhoneStatusBar.makeStatusBarView(PhoneStatusBar.java:1232)
06-11 16:31:19.004  1601  1601 W StatusBar: 	at com.android.systemui.statusbar.phone.PhoneStatusBar.addStatusBarWindow(PhoneStatusBar.java:4004)
06-11 16:31:19.004  1601  1601 W StatusBar: 	at com.android.systemui.statusbar.phone.PhoneStatusBar.createAndAddWindows(PhoneStatusBar.java:4000)
06-11 16:31:19.004  1601  1601 W StatusBar: 	at com.android.systemui.statusbar.BaseStatusBar.start(BaseStatusBar.java:871)
06-11 16:31:19.004  1601  1601 W StatusBar: 	at com.android.systemui.statusbar.phone.PhoneStatusBar.start(PhoneStatusBar.java:915)
06-11 16:31:19.004  1601  1601 W StatusBar: 	at com.android.systemui.statusbar.SystemBars.createStatusBarFromConfig(SystemBars.java:106)
06-11 16:31:19.004  1601  1601 W StatusBar: 	at com.android.systemui.statusbar.SystemBars.onNoService(SystemBars.java:58)
06-11 16:31:19.004  1601  1601 W StatusBar: 	at com.android.systemui.statusbar.ServiceMonitor.startService(ServiceMonitor.java:230)
06-11 16:31:19.004  1601  1601 W StatusBar: 	at com.android.systemui.statusbar.ServiceMonitor.access$000(ServiceMonitor.java:49)
06-11 16:31:19.004  1601  1601 W StatusBar: 	at com.android.systemui.statusbar.ServiceMonitor$1.handleMessage(ServiceMonitor.java:73)
06-11 16:31:19.004  1601  1601 W StatusBar: 	at android.os.Handler.dispatchMessage(Handler.java:102)
06-11 16:31:19.004  1601  1601 W StatusBar: 	at android.os.Looper.loop(Looper.java:154)
06-11 16:31:19.004  1601  1601 W StatusBar: 	at android.app.ActivityThread.main(ActivityThread.java:6121)
06-11 16:31:19.004  1601  1601 W StatusBar: 	at java.lang.reflect.Method.invoke(Native Method)
06-11 16:31:19.004  1601  1601 W StatusBar: 	at com.android.internal.os.ZygoteInit$MethodAndArgsCaller.run(ZygoteInit.java:889)
06-11 16:31:19.004  1601  1601 W StatusBar: 	at com.android.internal.os.ZygoteInit.main(ZygoteInit.java:779)
06-11 16:31:19.006  1601  1601 W StatusBar: isKeyguardSecure() called before startKeyguard(), returning false
06-11 16:31:19.006  1601  1601 W StatusBar: java.lang.Throwable
06-11 16:31:19.006  1601  1601 W StatusBar: 	at com.android.systemui.statusbar.BaseStatusBar.isKeyguardSecure(BaseStatusBar.java:2841)
06-11 16:31:19.006  1601  1601 W StatusBar: 	at com.android.systemui.statusbar.BaseStatusBar.isSecureKeyguardLock(BaseStatusBar.java:2857)
06-11 16:31:19.006  1601  1601 W StatusBar: 	at com.android.systemui.statusbar.phone.QSTileHost.isSecureKeyguardLock(QSTileHost.java:573)
06-11 16:31:19.006  1601  1601 W StatusBar: 	at com.android.systemui.qs.tiles.DataSaverTile.shouldBeHidden(DataSaverTile.java:145)
06-11 16:31:19.006  1601  1601 W StatusBar: 	at com.android.systemui.qs.QSAnimator.updateAnimators(QSAnimator.java:185)
06-11 16:31:19.006  1601  1601 W StatusBar: 	at com.android.systemui.qs.QSAnimator.setHost(QSAnimator.java:119)
06-11 16:31:19.006  1601  1601 W StatusBar: 	at com.android.systemui.qs.QSContainer.setHost(QSContainer.java:93)
06-11 16:31:19.006  1601  1601 W StatusBar: 	at com.android.systemui.statusbar.phone.PhoneStatusBar$16.onInflated(PhoneStatusBar.java:1236)
06-11 16:31:19.006  1601  1601 W StatusBar: 	at com.android.systemui.AutoReinflateContainer.addInflateListener(AutoReinflateContainer.java:86)
06-11 16:31:19.006  1601  1601 W StatusBar: 	at com.android.systemui.statusbar.phone.PhoneStatusBar.makeStatusBarView(PhoneStatusBar.java:1232)
06-11 16:31:19.006  1601  1601 W StatusBar: 	at com.android.systemui.statusbar.phone.PhoneStatusBar.addStatusBarWindow(PhoneStatusBar.java:4004)
06-11 16:31:19.006  1601  1601 W StatusBar: 	at com.android.systemui.statusbar.phone.PhoneStatusBar.createAndAddWindows(PhoneStatusBar.java:4000)
06-11 16:31:19.006  1601  1601 W StatusBar: 	at com.android.systemui.statusbar.BaseStatusBar.start(BaseStatusBar.java:871)
06-11 16:31:19.006  1601  1601 W StatusBar: 	at com.android.systemui.statusbar.phone.PhoneStatusBar.start(PhoneStatusBar.java:915)
06-11 16:31:19.006  1601  1601 W StatusBar: 	at com.android.systemui.statusbar.SystemBars.createStatusBarFromConfig(SystemBars.java:106)
06-11 16:31:19.006  1601  1601 W StatusBar: 	at com.android.systemui.statusbar.SystemBars.onNoService(SystemBars.java:58)
06-11 16:31:19.006  1601  1601 W StatusBar: 	at com.android.systemui.statusbar.ServiceMonitor.startService(ServiceMonitor.java:230)
06-11 16:31:19.006  1601  1601 W StatusBar: 	at com.android.systemui.statusbar.ServiceMonitor.access$000(ServiceMonitor.java:49)
06-11 16:31:19.006  1601  1601 W StatusBar: 	at com.android.systemui.statusbar.ServiceMonitor$1.handleMessage(ServiceMonitor.java:73)
06-11 16:31:19.006  1601  1601 W StatusBar: 	at android.os.Handler.dispatchMessage(Handler.java:102)
06-11 16:31:19.006  1601  1601 W StatusBar: 	at android.os.Looper.loop(Looper.java:154)
06-11 16:31:19.006  1601  1601 W StatusBar: 	at android.app.ActivityThread.main(ActivityThread.java:6121)
06-11 16:31:19.006  1601  1601 W StatusBar: 	at java.lang.reflect.Method.invoke(Native Method)
06-11 16:31:19.006  1601  1601 W StatusBar: 	at com.android.internal.os.ZygoteInit$MethodAndArgsCaller.run(ZygoteInit.java:889)
06-11 16:31:19.006  1601  1601 W StatusBar: 	at com.android.internal.os.ZygoteInit.main(ZygoteInit.java:779)
06-11 16:31:19.029  1601  1950 E ActivityThread: Failed to find provider info for com.android.contacts
06-11 16:31:19.033  1601  1781 I chatty  : uid=10046(com.android.systemui) RenderThread expire 6 lines
06-11 16:31:19.045   751   813 I ActivityManager: START u0 {act=android.intent.action.MAIN cat=[android.intent.category.HOME] flg=0x10000100 cmp=com.android.settings/.FallbackHome} from uid 0 on display 0
06-11 16:31:19.047   751   813 D ActivityManager: [MemInfo] Process already exists before starting ActivityRecord{bb9281c u0 com.android.settings/.FallbackHome t2}. System free memory=3164041216
06-11 16:31:19.067  1601  1951 I chatty  : uid=10046(com.android.systemui) expire 1 line
06-11 16:31:19.070  1638  1638 I ndroid.settings: type=1400 audit(0.0:540): avc: denied { search } for name="pid" dev="debugfs" ino=440 scontext=u:r:system_app:s0 tcontext=u:object_r:gpu_pid_stats_file:s0 tclass=dir permissive=1
06-11 16:31:19.084  1601  1954 I chatty  : uid=10046(com.android.systemui) expire 1 line
06-11 16:31:19.098   751   751 W ContextImpl: Calling a method in the system process without a qualified user: android.app.ContextImpl.startService:1357 com.android.server.content.SyncManager$13.run:658 android.os.Handler.handleCallback:751 android.os.Handler.dispatchMessage:95 android.os.Looper.loop:154 
06-11 16:31:19.125  1638  1953 I OpenGLRenderer: Initialized EGL, version 1.4
06-11 16:31:19.125  1638  1953 D OpenGLRenderer: Swap behavior 1
06-11 16:31:19.125  1638  1953 W OpenGLRenderer: Failed to choose config with EGL_SWAP_BEHAVIOR_PRESERVED, retrying without...
06-11 16:31:19.125  1638  1953 D OpenGLRenderer: Swap behavior 0
06-11 16:31:19.126   308   335 D hwcomposer: void android::intel::UeventObserver::onUevent(): received Uevent: REPEATED_FRAME
06-11 16:31:19.126   308   335 D hwcomposer: virtual void android::intel::Hwcomposer::invalidate(): invalidating screen...
06-11 16:31:19.129   308   308 D hwcomposer: void android::intel::DisplayAnalyzer::handleIdleEntryEvent(int): handling idle entry event, count 0
06-11 16:31:19.142   308   308 D hwcomposer: void android::intel::DisplayAnalyzer::handleIdleExitEvent(): handling idle exit event
06-11 16:31:19.159   751   751 D BluetoothManagerService: Trying to bind to profile: 1, while Bluetooth was disabled
06-11 16:31:19.159   751   821 D BluetoothManagerService: Message: 30
06-11 16:31:19.172   751  1958 I chatty  : uid=1000(system) uteStateMachine expire 3 lines
06-11 16:31:19.181   751  1959 I chatty  : uid=1000(system) CallAudioModeSt expire 4 lines
06-11 16:31:19.186   751  1957 E ActivityThread: Failed to find provider info for call_log
06-11 16:31:19.189   751   751 D BluetoothManagerService: Trying to bind to profile: 1, while Bluetooth was disabled
06-11 16:31:19.189   751   821 D BluetoothManagerService: Message: 30
06-11 16:31:19.199   751   751 W ContextImpl: Calling a method in the system process without a qualified user: android.app.ContextImpl.startService:1357 android.content.ContextWrapper.startService:620 com.android.server.telecom.components.TelecomService.initializeTelecomSystem:222 com.android.server.telecom.components.TelecomService.onBind:65 android.app.ActivityThread.handleBindService:3219 
06-11 16:31:19.200   751   751 E UsbDeviceManager: MSG_ENABLE_ADB:true
06-11 16:31:19.205   751   751 D BluetoothManagerService: BluetoothServiceConnection: com.android.bluetooth.btservice.AdapterService
06-11 16:31:19.205   751   751 D BluetoothManagerService: Bluetooth Adapter name changed to ASUS Zenfone2
06-11 16:31:19.206   751   751 D BluetoothManagerService: Stored Bluetooth name: ASUS Zenfone2
06-11 16:31:19.206   751   821 D BluetoothManagerService: Message: 40
06-11 16:31:19.207   751   821 D BluetoothManagerService: MESSAGE_BLUETOOTH_SERVICE_CONNECTED: 1
06-11 16:31:19.207   751   821 D BluetoothManagerService: Message: 200
06-11 16:31:19.207   751   821 D BluetoothManagerService: MESSAGE_GET_NAME_AND_ADDRESS
06-11 16:31:19.209   751   821 D BluetoothManagerService: Stored Bluetooth name: ASUS Zenfone2
06-11 16:31:19.209   751   821 D BluetoothManagerService: Stored Bluetoothaddress: 22:22:29:F1:70:37
06-11 16:31:19.209   751   821 D BluetoothManagerService: unbindAndFinish(): android.bluetooth.IBluetooth$Stub$Proxy@26fe30b mBinding = false
06-11 16:31:19.210   751  1571 E NetdConnector: SND -> {21 bandwidth gettetherstats}
06-11 16:31:19.211   751   821 D BluetoothManagerService: Sending unbind request.
06-11 16:31:19.211   751  1570 E NetdConnector: RCV <- {200 21 Tethering stats list completed}
06-11 16:31:19.211   751  1571 E NetdConnector: RMV <- {200 21 Tethering stats list completed}
06-11 16:31:19.212   751  1571 I chatty  : uid=1000(system) NetworkStats expire 1 line
06-11 16:31:19.214  1622  1622 W BluetoothAdapterService: onUnbind, calling cleanup
06-11 16:31:19.214  1622  1622 D BluetoothAdapterService: cleanup()
06-11 16:31:19.214   751  1571 E NetdConnector: SND -> {22 bandwidth setglobalalert 2097152}
06-11 16:31:19.215   751  1570 E NetdConnector: RCV <- {200 22 Bandwidth command succeeeded}
06-11 16:31:19.216   751  1571 E NetdConnector: RMV <- {200 22 Bandwidth command succeeeded}
06-11 16:31:19.222   751   822 W LocalDisplayAdapter: Unable to find color mode -1, ignoring request.
06-11 16:31:19.228   751  1571 I ActivityManager: Start proc 1965:com.google.android.gms.persistent/u0a27 for broadcast com.google.android.gms/.chimera.GmsIntentOperationService$PersistentTrustedReceiver duration: 10
06-11 16:31:19.229  1601  1963 I chatty  : uid=10046(com.android.systemui) expire 1 line
06-11 16:31:19.229  1622  1622 W BluetoothSdpJni: Cleaning up Bluetooth SDP Interface...
06-11 16:31:19.229  1622  1622 W BluetoothSdpJni: Cleaning up Bluetooth SDP object
06-11 16:31:19.229  1622  1622 D BluetoothAdapterService: cleanup() - Cleaning up adapter native
06-11 16:31:19.230  1622  1714 I bt_stack_manager: event_clean_up_stack is cleaning up the stack
06-11 16:31:19.232  1622  1714 E BluetoothServiceJni: Callback env check fail: env: 0x0, callback: 0xe1df0240
06-11 16:31:19.232  1622  1714 E BluetoothServiceJni: Callback: 'callback_thread_event' is not called on the correct thread
06-11 16:31:19.232   751   815 I chatty  : uid=1000(system) ActivityManager expire 56 lines
06-11 16:31:19.233  1622  1729 W bt_osi_thread: run_thread: thread id 1729, thread name bt_jni_workqueue exited
06-11 16:31:19.233   751   821 D SystemMonitorService: FocusApp service state is unbound. Bind it and send message later
06-11 16:31:19.234   751   821 D SystemMonitorService: No Afw feature
06-11 16:31:19.234  1622  1714 I bt_core_module: module_clean_up Cleaning up module "stack_config_module"
06-11 16:31:19.234  1622  1714 I bt_core_module: module_clean_up Cleanup of module "stack_config_module" completed
06-11 16:31:19.234  1622  1714 I bt_core_module: module_clean_up Cleaning up module "interop_module"
06-11 16:31:19.234  1622  1714 I bt_core_module: module_clean_up Cleanup of module "interop_module" completed
06-11 16:31:19.234  1622  1714 I bt_core_module: module_clean_up Cleaning up module "btif_config_module"
06-11 16:31:19.243   751   751 V WiredAccessoryManager: notifyWiredAccessoryChanged: when=0 bits= mask=54
06-11 16:31:19.243   751   751 V WiredAccessoryManager: newName=h2w newState=0 headsetState=0 prev headsetState=0
06-11 16:31:19.243   751   751 V WiredAccessoryManager: init()
06-11 16:31:19.254   751   751 D WindowManager: mIsInstantCameraEnabled=true
06-11 16:31:19.254   751   751 D WindowManager: mIsLongPressInstantCameraEnabled=false
06-11 16:31:19.254   751   751 D WindowManager: mIsLaunchCameraFromFpEnabled=false
06-11 16:31:19.260  1622  1714 I bt_core_module: module_clean_up Cleanup of module "btif_config_module" completed
06-11 16:31:19.260  1622  1714 I bt_core_module: module_clean_up Cleaning up module "bt_utils_module"
06-11 16:31:19.260  1622  1714 I bt_core_module: module_clean_up Cleanup of module "bt_utils_module" completed
06-11 16:31:19.260  1622  1714 I bt_core_module: module_clean_up Cleaning up module "osi_module"
06-11 16:31:19.260  1622  1718 D bt_osi_alarm: callback_dispatch Callback thread exited
06-11 16:31:19.260  1622  1718 W bt_osi_thread: run_thread: thread id 1718, thread name alarm_dispatcher exited
06-11 16:31:19.260  1622  1717 W bt_osi_thread: run_thread: thread id 1717, thread name alarm_default_ca exited
06-11 16:31:19.260  1622  1714 I bt_core_module: module_clean_up Cleanup of module "osi_module" completed
06-11 16:31:19.260  1622  1714 I bt_stack_manager: event_clean_up_stack finished
06-11 16:31:19.261  1622  1622 I BluetoothServiceJni: cleanupNative: return from cleanup
06-11 16:31:19.261  1622  1622 W BluetoothVendorJni: Cleaning up Bluetooth Vendor Interface...
06-11 16:31:19.261  1622  1622 I bt_btif_vendor: cleanup
06-11 16:31:19.261  1622  1622 W BluetoothVendorJni: Cleaning up Bluetooth Vendor callback object
06-11 16:31:19.261   751   751 D AccessibilityManagerService: Ignoring non-encryption-aware service ComponentInfo{com.asus.browsergenie/com.asus.browsergenie.BrowserGenieAccessibilityServices}
06-11 16:31:19.266   346   346 D AudioIntelHal: setParameters: key value pair mic_mute=false
06-11 16:31:19.266  1622  1622 I art     : System.exit called, status: 0
06-11 16:31:19.266  1622  1622 I AndroidRuntime: VM exiting with result code 0, cleanup skipped.
06-11 16:31:19.281   751   751 D SystemMonitorService: onReceive. action=android.intent.action.USER_SWITCHED, userHandle=0
06-11 16:31:19.281   751   821 D SystemMonitorService: Update current user from 0 to 0
06-11 16:31:19.306   751   751 I ActivityManager: user 0 is still locked. Cannot load recents
06-11 16:31:19.318   751  1895 I ActivityManager: Process com.android.bluetooth (pid 1622) has died
06-11 16:31:19.319   751  1895 D ActivityManager: cleanUpApplicationRecord -- 1622
06-11 16:31:19.340   751   751 I ActivityManager: Start proc 1991:com.asus.services/1000 for service com.asus.focusapplistener/.MessengerService duration: 11
06-11 16:31:19.340   751   751 D SystemMonitorService: Bind FocusApp service
06-11 16:31:19.352  1601  2007 I chatty  : uid=10046(com.android.systemui) expire 1 line
06-11 16:31:19.359  1991  1991 I chatty  : uid=1000(system) com.asus.services expire 7 lines
06-11 16:31:19.378  1965  1965 E ActivityThread: Failed to find provider info for com.google.android.gsf.gservices
06-11 16:31:19.381  1965  1965 E ActivityThread: Failed to find provider info for com.google.android.gsf.gservices
06-11 16:31:19.382  1965  1965 E ActivityThread: Failed to find provider info for com.google.android.gsf.gservices
06-11 16:31:19.382  1965  1965 E ActivityThread: Failed to find provider info for com.google.android.gsf.gservices
06-11 16:31:19.383  1965  1965 E ActivityThread: Failed to find provider info for com.google.android.gsf.gservices
06-11 16:31:19.383  1965  1965 E ActivityThread: Failed to find provider info for com.google.android.gsf.gservices
06-11 16:31:19.384  1764  1764 D fsck_msdos: Verify Filesystem information
06-11 16:31:19.385  1764  1764 W fsck_msdos: 9616 files, 61216 free (264057 clusters)
06-11 16:31:19.385  1764  1764 I fsck_msdos: free_rb_tree 
06-11 16:31:19.387  1965  1965 E ActivityThread: Failed to find provider info for com.google.android.gsf.gservices
06-11 16:31:19.388  1965  1965 E ActivityThread: Failed to find provider info for com.google.android.gsf.gservices
06-11 16:31:19.389  1764  1764 I fsck_msdos: free_fragment_tree
06-11 16:31:19.390  1965  1965 V Monotype: SetAppTypeFace- try to flip, app = com.google.android.gms
06-11 16:31:19.390  1764  1764 I fsck_msdos: free_fragment_tree
06-11 16:31:19.390  1764  1764 I fsck_msdos: free_fragment_tree: rb_tree is empty 
06-11 16:31:19.392  1965  1965 V Monotype:     Typeface getFontPathFlipFont - systemFont = default#default
06-11 16:31:19.393   241   256 I fsck_msdos: ** Phase 4 - Checking for Lost Files
06-11 16:31:19.401   751   751 D SystemMonitorService: AppFocus service is connected
06-11 16:31:19.410  1965  1965 E ActivityThread: Failed to find provider info for com.google.android.gsf.gservices
06-11 16:31:19.411  1965  1965 E ActivityThread: Failed to find provider info for com.google.android.gsf.gservices
06-11 16:31:19.412  1965  1965 E ActivityThread: Failed to find provider info for com.google.android.gsf.gservices
06-11 16:31:19.412  1965  1965 E ActivityThread: Failed to find provider info for com.google.android.gsf.gservices
06-11 16:31:19.419  1965  1965 W DynamiteModule: Local module descriptor class for providerinstaller not found.
06-11 16:31:19.420  1965  1965 E ChimeraCfgMgr: Failed to read module config: java.io.FileNotFoundException: /data/user_de/0/com.google.android.gms/app_chimera/current_config.fb (No such file or directory)
06-11 16:31:19.423  1965  1965 E ActivityThread: Failed to find provider info for com.google.android.gsf.gservices
06-11 16:31:19.423  1965  1965 E ActivityThread: Failed to find provider info for com.google.android.gsf.gservices
06-11 16:31:19.424  1965  1965 W FileUtils: Failed to set world readable: /data/user_de/0/com.google.android.gms/app_chimera/current_config.fb
06-11 16:31:19.428  1965  1965 E ChimeraCfgMgr: Failed to read module config: java.io.FileNotFoundException: /data/user_de/0/com.google.android.gms/app_chimera/current_config.fb (No such file or directory)
06-11 16:31:19.429  1965  1965 E ConfigFileUtils: Failed to read config file: /data/user_de/0/com.google.android.gms/app_chimera/current_fileapks.pb (No such file or directory)
06-11 16:31:19.430   241   256 I Vold    : Filesystem check completed OK
06-11 16:31:19.434   751  1585 I chatty  : uid=1000(system) notification-sq expire 1 line
06-11 16:31:19.445   241   256 V vold    : Waiting for FUSE to spin up...
06-11 16:31:19.440  2019  2019 I sdcard  : type=1400 audit(0.0:568): avc: denied { noatsecure } for scontext=u:r:vold:s0 tcontext=u:r:sdcardd:s0 tclass=process permissive=1
06-11 16:31:19.449  1965  1965 E ActivityThread: Failed to find provider info for com.google.android.gsf.gservices
06-11 16:31:19.449   751  1575 D WifiService: New client listening to asynchronous messages
06-11 16:31:19.450  1965  1965 E ActivityThread: Failed to find provider info for com.google.android.gsf.gservices
06-11 16:31:19.451  1965  1965 E GservicesValue: Gservices key not whitelisted for directboot access: gms:chimera:dev_module_blacklist
06-11 16:31:19.454  2019  2019 W sdcard  : Device explicitly disabled sdcardfs
06-11 16:31:19.458  1965  1965 E ChimeraCfgMgr: Failed to read module config: java.io.FileNotFoundException: /data/user_de/0/com.google.android.gms/app_chimera/current_config.fb (No such file or directory)
06-11 16:31:19.463  1965  1965 E ActivityThread: Failed to find provider info for com.google.android.gsf.gservices
06-11 16:31:19.464  1965  1965 E ActivityThread: Failed to find provider info for com.google.android.gsf.gservices
06-11 16:31:19.466  1965  1965 E ActivityThread: Failed to find provider info for com.google.android.gsf.gservices
06-11 16:31:19.468  1965  1965 E ActivityThread: Failed to find provider info for com.google.android.gsf.gservices
06-11 16:31:19.473  1965  1965 E ConfigFileUtils: Failed to read config file: /data/user_de/0/com.google.android.gms/app_chimera/current_fileapks.pb (No such file or directory)
06-11 16:31:19.488  1601  2023 I chatty  : uid=10046(com.android.systemui) expire 1 line
06-11 16:31:19.495  1601  1894 E ActivityThread: Failed to find provider info for com.android.contacts
06-11 16:31:19.495   751  1000 E VoldConnector: RCV <- {651 public:179_65 2}
06-11 16:31:19.496   751  1000 D VoldConnector: RCV <- {651 public:179_65 2}
06-11 16:31:19.496   751  1000 E VoldConnector: RCV <- {200 41 Command succeeded}
06-11 16:31:19.496   751  1000 D VoldConnector: RCV <- {200 41 Command succeeded}
06-11 16:31:19.497   751   999 E VoldConnector: RMV <- {200 41 Command succeeded}
06-11 16:31:19.498   751   999 E VoldConnector: NDC Command {41 volume mount public:179_65 2 0} took too long (2836ms)
06-11 16:31:19.501  1601  1601 D PowerUI : oldTemp=0, mTemp=388
06-11 16:31:19.503  1601  1601 D PowerUI : findUsbOtg =false,supportReverseCharging =0
06-11 16:31:19.514  1601  1601 D PowerUI : oldTemp=388, mTemp=393
06-11 16:31:19.514  1601  1601 D PowerUI : findUsbOtg =false,supportReverseCharging =0
06-11 16:31:19.515  1601  1601 D PowerUI : oldTemp=393, mTemp=393
06-11 16:31:19.516  1601  1601 D PowerUI : findUsbOtg =false,supportReverseCharging =0
06-11 16:31:19.522  1965  1965 E ActivityThread: Failed to find provider info for com.google.android.gsf.gservices
06-11 16:31:19.523  1965  1965 E ActivityThread: Failed to find provider info for com.google.android.gsf.gservices
06-11 16:31:19.588  1601  1601 D PowerUI : oldTemp=393, mTemp=393
06-11 16:31:19.588  1601  1601 D PowerUI : findUsbOtg =false,supportReverseCharging =0
06-11 16:31:19.614  1601  1672 E ActivityThread: Failed to find provider info for com.asus.lockscreen2.slideshow.local
06-11 16:31:19.616  1601  1672 E ActivityThread: Failed to find provider info for com.asus.themeapp.provider
06-11 16:31:19.702   751  1915 I ActivityManager: user 0 is still locked. Cannot load recents
06-11 16:31:19.723   751  1961 D UsbDebuggingManager: Received public key: QAAAALuZcYeNvIvzdJudaXLusaFD6bSUTmWIkzJKYsMZAs+UC//rEjAO4ioxGYz/IP4Fo8Pe/+rvj5foJgHCL56NTiNSBjXP9OZYkcC5h7lSpiiThukN9XOJ0Iv2tI8zmQpefhPkgj7VapIgCnCtLqT5hJHZLQ5Q/GmKqU7rp57tnQNPcTskQIxe7KeqBjYf09qhf+NsSUfhIWrK9DPHIQPsDx5ngqqj1w4dTgCgrLYSeicBovofYOOr4yoxNwFtRS2b1f05POuGJUpcbQPm8B3OCsjK9txj/xmJN1rCWseh3OJbk5ga3jVOHg5hgUtfTAecmIk6+CSP1sYG3LDN89Z5nvoRxlilsCwg6cWZsw73TR4zJh53anRLOfCvr8xJLMjVpabl2mV3JiR1PebTP/rvEBGpCPSE8iRnaEnYJZsdMDXA6B/czQaRcApBYxFILznOgP0yNOtwkMuRoK8+BWSk8Sl2OvhYgryDDkg3+VPjYMg90bMg+7Maj8yD0OQJMpcoc8vhzzerEwsg1mQSyANjSIpuYv/egNq440DbadO6a+uv0FJ98Bi6qu9Sxj2s+70ZilfeYT1hAtMVUI+imJx52gHwxr2mbmtUfAUf6VSznMhmuyUQ7znX4Ycgy/RgvFbWI7hIGoXiroYh2HkItK4lDNLrN/jEY9vbEe69lk2/lHnHatUnMgEAAQA= borets@borets
06-11 16:31:19.723   751   820 I ActivityManager: START u0 {flg=0x10000000 cmp=com.android.systemui/.usb.UsbDebuggingActivity (has extras)} from uid 1000 on display 0
06-11 16:31:19.838   751   812 D ActivityManager: [MemInfo] Process already exists before starting ActivityRecord{7bf3cdb u0 com.android.systemui/.usb.UsbDebuggingActivity t3}. System free memory=3140517888
06-11 16:31:20.246   751  1915 I ActivityManager: user 0 is still locked. Cannot load recents
06-11 16:31:20.345  1991  2013 W ContextImpl: Calling a method in the system process without a qualified user: android.app.ContextImpl.bindService:1421 android.content.ContextWrapper.bindService:643 com.asus.focusapplistener.b.b.a:-1 com.asus.focusapplistener.b.b.a:-1 com.asus.focusapplistener.MessengerService$g.handleMessage:-1 
06-11 16:31:20.346   751  1915 W ActivityManager: Unable to start service Intent { act=com.asus.as.service.TaskWatcherService pkg=com.asus.as } U=0: not found
06-11 16:31:20.349  1991  2012 W ContextImpl: Calling a method in the system process without a qualified user: android.app.ContextImpl.bindService:1421 android.content.ContextWrapper.bindService:643 com.asus.focusapplistener.b.o.a:-1 com.asus.focusapplistener.b.o.a:-1 com.asus.focusapplistener.MessengerService$g.handleMessage:-1 
06-11 16:31:20.350   751   813 W ActivityManager: Unable to start service Intent { act=com.asus.powersaver.TaskWatcherService pkg=com.asus.powersaver } U=0: not found
06-11 16:31:20.426   751   822 W ActivityManager: Unable to mark boot complete for abi: x86 (Failed to execute markbootcomplete [x86]: -1)
06-11 16:31:20.426   751   822 W ActivityManager: Unable to mark boot complete for abi: armeabi-v7a (Failed to execute markbootcomplete [arm]: -1)
06-11 16:31:20.427   751   822 I SystemServiceManager: Starting phase 1000
06-11 16:31:20.429   751   822 I DeviceIdleController: PHASE_BOOT_COMPLETED doCheckThirdParty:true
06-11 16:31:20.429   751   822 D NotificationService: updateLightsLocked turnOff
06-11 16:31:20.432   751   824 D AutomaticBrightnessController: setLightSensorEnabled enable WarmUp:0,DebunceKeep=2500,mRingingPhone=false
06-11 16:31:20.432   751   824 D DisplayPowerController: call sendOnStateChangedWithWakelock
06-11 16:31:20.456   751   822 I ActivityManager: Start proc 2053:com.google.android.ext.services/u0a45 for on-hold duration: 12
06-11 16:31:20.459   751   822 D ActivityManager: Finishing user boot 0
06-11 16:31:20.460   751   822 E CryptdConnector: SND -> {3 cryptfs prepare_user_storage ! 0 0 2}
06-11 16:31:20.460   241   257 D vold    : e4crypt_prepare_user_storage for volume null, user 0, serial 0, flags 2
06-11 16:31:20.460   241   257 D vold    : Preparing: /data/system_ce/0
06-11 16:31:20.463   241   257 D vold    : Preparing: /data/misc_ce/0
06-11 16:31:20.466   241   257 D vold    : Preparing: /data/media/0
06-11 16:31:20.466   241   257 D vold    : Preparing: /data/data
06-11 16:31:20.466   751  1001 E CryptdConnector: RCV <- {200 3 Command succeeded}
06-11 16:31:20.466   751  1001 D CryptdConnector: RCV <- {200 3 Command succeeded}
06-11 16:31:20.466   751   822 E CryptdConnector: RMV <- {200 3 Command succeeded}
06-11 16:31:20.467   751   822 V UserManagerService: Found /data/user/0 with serial number 0
06-11 16:31:20.467   751   822 V UserManagerService: Found /data/system_ce/0 with serial number -1
06-11 16:31:20.467   751   822 D UserManagerService: Serial number missing on /data/system_ce/0; assuming current is valid
06-11 16:31:20.467   751   822 V PackageManager: reconcileAppsData for null u0 0x2
06-11 16:31:20.468   751   822 W PackageManager: Destroying /data/user/0/psensor_k due to: com.android.server.pm.PackageManagerException: Package psensor_k is unknown
06-11 16:31:20.470   751   822 W PackageManager: Failed to destroy: com.android.internal.os.InstallerConnection$InstallerException: Failed to execute destroy_app_data [null, psensor_k, 0, 2, 0]: -2
06-11 16:31:20.471   751   822 W PackageManager: Destroying /data/user/0/lightsensor due to: com.android.server.pm.PackageManagerException: Package lightsensor is unknown
06-11 16:31:20.472   751   822 W PackageManager: Failed to destroy: com.android.internal.os.InstallerConnection$InstallerException: Failed to execute destroy_app_data [null, lightsensor, 0, 2, 0]: -2
06-11 16:31:20.473   751   822 W PackageManager: Destroying /data/user/0/invn_hw_test due to: com.android.server.pm.PackageManagerException: Package invn_hw_test is unknown
06-11 16:31:20.474   751   822 W PackageManager: Failed to destroy: com.android.internal.os.InstallerConnection$InstallerException: Failed to execute destroy_app_data [null, invn_hw_test, 0, 2, 0]: -2
06-11 16:31:20.475   751   822 W PackageManager: Destroying /data/user/0/emmc_total_size due to: com.android.server.pm.PackageManagerException: Package emmc_total_size is unknown
06-11 16:31:20.476   751   822 W PackageManager: Failed to destroy: com.android.internal.os.InstallerConnection$InstallerException: Failed to execute destroy_app_data [null, emmc_total_size, 0, 2, 0]: -20
06-11 16:31:20.638   751   824 V AutomaticBrightnessController: new lux=0.0
06-11 16:31:20.638   751   824 D AutomaticBrightnessController: updateAmbientLux: Initializing: mAmbientLightRingBuffer=[0.0 / 0ms], mAmbientLux=0.0
06-11 16:31:20.638   751   824 D AutomaticBrightnessController: updateAutoBrightness: mScreenAutoBrightness=-1, newScreenAutoBrightness=21, in=15.0, out=20.999908,gain=1.3999939,mNightnessLevelThresThold=60
06-11 16:31:20.638   751   824 D DisplayPowerController: Unfinished business...
06-11 16:31:20.638   751   824 D DisplayPowerController: Finished business...
06-11 16:31:20.755   751   822 V PackageManager: reconcileAppsData finished 131 packages
06-11 16:31:20.756   751   815 D BluetoothManagerService: User 0 unlocked
06-11 16:31:20.756   751   821 D BluetoothManagerService: Message: 301
06-11 16:31:20.756   751   815 D MountService: onUnlockUser 0
06-11 16:31:20.756   751   821 D BluetoothManagerService: MESSAGE_USER_UNLOCKED
06-11 16:31:20.756   751   815 E VoldConnector: SND -> {42 volume user_started 0}
06-11 16:31:20.761   241   256 D vold    : Linking /storage/emulated/0 to /mnt/user/0/primary
06-11 16:31:20.761   751  1000 E VoldConnector: RCV <- {200 42 Command succeeded}
06-11 16:31:20.762   751  1000 D VoldConnector: RCV <- {200 42 Command succeeded}
06-11 16:31:20.762   751   815 E VoldConnector: RMV <- {200 42 Command succeeded}
06-11 16:31:20.762   751   999 D MountService: Volume public:179_65 broadcasting mounted to UserHandle{0}
06-11 16:31:20.763   751   999 D MountService: Volume emulated broadcasting mounted to UserHandle{0}
06-11 16:31:20.763   751   815 W TextServicesManagerService: no available spell checker services found
06-11 16:31:20.765   751   821 D SystemMonitorService: No Afw feature
06-11 16:31:20.783   751   815 V BackupManagerService: No ancestral data
06-11 16:31:20.791   751   815 V BackupManagerService: Starting with transport com.google.android.backup/.BackupTransportService
06-11 16:31:20.791   751   815 V BackupManagerService: Found transports: 2
06-11 16:31:20.794   751   815 I BackupManagerService: Backup enable apparently not migrated
06-11 16:31:20.794   751   815 I BackupManagerService: Migrating enable state false
06-11 16:31:20.795   751   815 I BackupManagerService: Backup enabled => false
06-11 16:31:20.825  1991  2012 W ContextImpl: Calling a method in the system process without a qualified user: android.app.ContextImpl.bindService:1421 android.content.ContextWrapper.bindService:643 com.asus.focusapplistener.b.o.a:-1 com.asus.focusapplistener.b.o.a:-1 com.asus.focusapplistener.MessengerService$g.handleMessage:-1 
06-11 16:31:20.829   751   751 V BackupManagerService: Connected to transport ComponentInfo{android/com.android.internal.backup.LocalTransportService}
06-11 16:31:20.829   751   751 V BackupManagerService: Registering transport android/com.android.internal.backup.LocalTransportService::android/com.android.internal.backup.LocalTransport = android.app.backup.BackupTransport$TransportImpl@31df51f
06-11 16:31:20.839  1991  2013 W ContextImpl: Calling a method in the system process without a qualified user: android.app.ContextImpl.bindService:1421 android.content.ContextWrapper.bindService:643 com.asus.focusapplistener.b.b.a:-1 com.asus.focusapplistener.b.b.a:-1 com.asus.focusapplistener.MessengerService$g.handleMessage:-1 
06-11 16:31:20.839   751  1895 W ActivityManager: Unable to start service Intent { act=com.asus.as.service.TaskWatcherService pkg=com.asus.as } U=0: not found
06-11 16:31:20.839   751  2073 V KeyValueBackupJob: Scheduling k/v pass in 244 minutes
06-11 16:31:20.845   751   815 W AppWidgetServiceImpl: No android.appwidget.provider meta-data for AppWidget provider 'ProviderId{user:0, app:10039, cmp:ComponentInfo{com.asus.calendar/com.android.calendar.widget2.CalendarAppWidgetPadProvider}}'
06-11 16:31:20.845   751  1915 I PackageManager: Replacing preferred activity com.asus.message/com.android.mms.ui.ConversationList for user 0:
06-11 16:31:20.846   751   812 I PackageManager: Replacing preferred activity com.asus.message/com.android.mms.ui.ConversationList for user 0:
06-11 16:31:20.847   751  1895 I PackageManager: Replacing preferred activity com.asus.message/com.android.mms.ui.ConversationList for user 0:
06-11 16:31:20.848   751  1616 I PackageManager: Replacing preferred activity com.asus.message/com.android.mms.ui.ConversationList for user 0:
06-11 16:31:20.874  1991  1991 W ContextImpl: Calling a method in the system process without a qualified user: android.app.ContextImpl.startService:1357 android.content.ContextWrapper.startService:620 com.asus.powersaver.TaskWatcherService$IncomingHandler.handleMessage:-1 android.os.Handler.dispatchMessage:102 android.os.Looper.loop:154 
06-11 16:31:20.876  1991  1991 W ContextImpl: Calling a method in the system process without a qualified user: android.app.ContextImpl.sendBroadcast:877 android.content.ContextWrapper.sendBroadcast:428 com.asus.powersaver.TaskWatcherService$IncomingHandler.handleMessage:-1 android.os.Handler.dispatchMessage:102 android.os.Looper.loop:154 
06-11 16:31:20.884  1991  1991 D ActivityThread: Loading provider com.asus.powersaver: com.asus.powersaver.data.PowerSaverProvider
06-11 16:31:20.914   751   815 W AppWidgetServiceImpl: Failed to read state: java.io.FileNotFoundException: /data/system/users/0/appwidgets.xml (No such file or directory)
06-11 16:31:20.914   751   815 V AppWidgetServiceImpl: Upgrading widget database from 0 to 1
06-11 16:31:20.925   751   815 I ActivityManager: Start proc 2078:com.google.android.googlequicksearchbox:interactor/u0a50 for service com.google.android.googlequicksearchbox/com.google.android.voiceinteraction.GsaVoiceInteractionService duration: 9
06-11 16:31:20.927   751   815 I ActivityManager: Loading recents for user 0 into memory.
06-11 16:31:20.939   751   815 I ActivityManager: Start proc 2085:com.intel.thermal/1000 for added application com.intel.thermal duration: 11
06-11 16:31:20.977   751   815 I ActivityManager: Start proc 2099:com.android.nfc/1027 for added application com.android.nfc duration: 36
06-11 16:31:20.989   751   815 I ActivityManager: Start proc 2117:dk.icepower.icesound/u0a79 for added application dk.icepower.icesound duration: 12
06-11 16:31:21.010   751   815 I ActivityManager: Start proc 2125:com.asus.audiowizard/1000 for added application com.asus.audiowizard duration: 20
06-11 16:31:21.029   751   815 I PreBootBroadcaster: Pre-boot of {com.android.managedprovisioning/com.android.managedprovisioning.PreBootListener} for user 0
06-11 16:31:21.063   751  1956 I ActivityManager: Start proc 2146:com.android.keychain/1000 for service com.android.keychain/.KeyChainService duration: 11
06-11 16:31:21.091   751  1580 D ConnectivityService: Got NetworkFactory Messenger for PhoneSwitcherNetworkRequstListener
06-11 16:31:21.101   751  1580 D ConnectivityService: Got NetworkFactory Messenger for TelephonyNetworkFactory[0]
